17:58:20.497 ========================================================================
17:58:20.497 [START ] Script : Service_31_PWM_ALL
17:58:20.498 [START ] Log    : U:\sandbox_2\GAC_ZCU\02_tool\PCAN_CAN\PCAN_LIN\Result\SVVR_Service_31_PWM_ALL_175820.log
17:58:20.498 ========================================================================
17:58:20.873 [INFO  ] Opening PCAN bus [CAN-FD] channel=PCAN_USBBUS1 bitrate=500000 data_bitrate=5000000 tx_id=0x772 rx_id=0x77A
17:58:21.421 [INFO  ] ISO-TP tx_data_length=DLC16 (max SF payload=14 bytes)
17:58:21.425 [INFO  ] --- Channel 1/28: P1.13 1000Hz 50% ---
17:58:21.427 [INFO  ] [TX CAN 0x772 RoutineControl PWM] 31 01 A0 45 01 01 01 0D 03 E8 32
17:58:21.435 [INFO  ] [RX CAN 0x77A PWM Response] 71 01 A0 45 02 01 02
17:58:21.435 [INFO  ]   RINF=0x02  RSTS=0x01 (Execution FAIL)
17:58:21.436 [INFO  ]   P1.13           1000 Hz   50%  →  FAIL  (Invalid Param)
17:58:21.437 [INFO  ] --- Channel 2/28: P2.2 1000Hz 50% ---
17:58:21.437 [INFO  ] [TX CAN 0x772 RoutineControl PWM] 31 01 A0 45 01 01 02 02 03 E8 32
17:58:21.451 [INFO  ] [RX CAN 0x77A PWM Response] 71 01 A0 45 02 01 02
17:58:21.452 [INFO  ]   RINF=0x02  RSTS=0x01 (Execution FAIL)
17:58:21.452 [INFO  ]   P2.2            1000 Hz   50%  →  FAIL  (Invalid Param)
17:58:21.453 [INFO  ] --- Channel 3/28: P2.3 1000Hz 50% ---
17:58:21.453 [INFO  ] [TX CAN 0x772 RoutineControl PWM] 31 01 A0 45 01 01 02 03 03 E8 32
17:58:21.464 [INFO  ] [RX CAN 0x77A PWM Response] 71 01 A0 45 02 01 02
17:58:21.464 [INFO  ]   RINF=0x02  RSTS=0x01 (Execution FAIL)
17:58:21.464 [INFO  ]   P2.3            1000 Hz   50%  →  FAIL  (Invalid Param)
17:58:21.464 [INFO  ] --- Channel 4/28: P2.7 1000Hz 50% ---
17:58:21.465 [INFO  ] [TX CAN 0x772 RoutineControl PWM] 31 01 A0 45 01 01 02 07 03 E8 32
17:58:21.476 [INFO  ] [RX CAN 0x77A PWM Response] 71 01 A0 45 02 01 02
17:58:21.476 [INFO  ]   RINF=0x02  RSTS=0x01 (Execution FAIL)
17:58:21.476 [INFO  ]   P2.7            1000 Hz   50%  →  FAIL  (Invalid Param)
17:58:21.476 [INFO  ] --- Channel 5/28: P2.8 1000Hz 50% ---
17:58:21.476 [INFO  ] [TX CAN 0x772 RoutineControl PWM] 31 01 A0 45 01 01 02 08 03 E8 32
17:58:21.493 [INFO  ] [RX CAN 0x77A PWM Response] 71 01 A0 45 02 01 02
17:58:21.493 [INFO  ]   RINF=0x02  RSTS=0x01 (Execution FAIL)
17:58:21.493 [INFO  ]   P2.8            1000 Hz   50%  →  FAIL  (Invalid Param)
17:58:21.494 [INFO  ] --- Channel 6/28: P11.14 1000Hz 50% ---
17:58:21.494 [INFO  ] [TX CAN 0x772 RoutineControl PWM] 31 01 A0 45 01 01 0B 0E 03 E8 32
17:58:21.506 [INFO  ] [RX CAN 0x77A PWM Response] 71 01 A0 45 02 01 02
17:58:21.506 [INFO  ]   RINF=0x02  RSTS=0x01 (Execution FAIL)
17:58:21.507 [INFO  ]   P11.14          1000 Hz   50%  →  FAIL  (Invalid Param)
17:58:21.507 [INFO  ] --- Channel 7/28: P11.15 1000Hz 50% ---
17:58:21.507 [INFO  ] [TX CAN 0x772 RoutineControl PWM] 31 01 A0 45 01 01 0B 0F 03 E8 32
17:58:21.521 [INFO  ] [RX CAN 0x77A PWM Response] 71 01 A0 45 02 01 02
17:58:21.521 [INFO  ]   RINF=0x02  RSTS=0x01 (Execution FAIL)
17:58:21.521 [INFO  ]   P11.15          1000 Hz   50%  →  FAIL  (Invalid Param)
17:58:21.522 [INFO  ] --- Channel 8/28: P13.4 1000Hz 50% ---
17:58:21.522 [INFO  ] [TX CAN 0x772 RoutineControl PWM] 31 01 A0 45 01 01 0D 04 03 E8 32
17:58:23.514 [ERROR ] P13.4 failed: Timed out waiting for ECU response after 2.000s
17:58:23.514 [INFO  ] --- Channel 9/28: P13.6 1000Hz 50% ---
17:58:23.514 [INFO  ] [TX CAN 0x772 RoutineControl PWM] 31 01 A0 45 01 01 0D 06 03 E8 32
17:58:23.525 [INFO  ] [RX CAN 0x77A PWM Response] 71 01 A0 45 02 01 02
17:58:23.526 [INFO  ]   RINF=0x02  RSTS=0x01 (Execution FAIL)
17:58:23.526 [INFO  ]   P13.6           1000 Hz   50%  →  FAIL  (Invalid Param)
17:58:23.526 [INFO  ] --- Channel 10/28: P13.10 1000Hz 50% ---
17:58:23.526 [INFO  ] [TX CAN 0x772 RoutineControl PWM] 31 01 A0 45 01 01 0D 0A 03 E8 32
17:58:23.540 [INFO  ] [RX CAN 0x77A PWM Response] 71 01 A0 45 02 01 02
17:58:23.540 [INFO  ]   RINF=0x02  RSTS=0x01 (Execution FAIL)
17:58:23.541 [INFO  ]   P13.10          1000 Hz   50%  →  FAIL  (Invalid Param)
17:58:23.541 [INFO  ] --- Channel 11/28: P13.11 1000Hz 50% ---
17:58:23.541 [INFO  ] [TX CAN 0x772 RoutineControl PWM] 31 01 A0 45 01 01 0D 0B 03 E8 32
17:58:25.531 [ERROR ] P13.11 failed: Timed out waiting for ECU response after 2.000s
17:58:25.531 [INFO  ] --- Channel 12/28: P13.13 1000Hz 50% ---
17:58:25.532 [INFO  ] [TX CAN 0x772 RoutineControl PWM] 31 01 A0 45 01 01 0D 0D 03 E8 32
17:58:27.530 [ERROR ] P13.13 failed: Timed out waiting for ECU response after 2.000s
17:58:27.530 [INFO  ] --- Channel 13/28: P13.14 1000Hz 50% ---
17:58:27.531 [INFO  ] [TX CAN 0x772 RoutineControl PWM] 31 01 A0 45 01 01 0D 0E 03 E8 32
17:58:29.529 [ERROR ] P13.14 failed: Timed out waiting for ECU response after 2.000s
17:58:29.529 [INFO  ] --- Channel 14/28: P13.15 1000Hz 50% ---
17:58:29.529 [INFO  ] [TX CAN 0x772 RoutineControl PWM] 31 01 A0 45 01 01 0D 0F 03 E8 32
17:58:29.543 [INFO  ] [RX CAN 0x77A PWM Response] 71 01 A0 45 02 01 02
17:58:29.543 [INFO  ]   RINF=0x02  RSTS=0x01 (Execution FAIL)
17:58:29.544 [INFO  ]   P13.15          1000 Hz   50%  →  FAIL  (Invalid Param)
17:58:29.544 [INFO  ] --- Channel 15/28: P14.12 1000Hz 50% ---
17:58:29.544 [INFO  ] [TX CAN 0x772 RoutineControl PWM] 31 01 A0 45 01 01 0E 0C 03 E8 32
17:58:29.558 [INFO  ] [RX CAN 0x77A PWM Response] 71 01 A0 45 02 01 02
17:58:29.559 [INFO  ]   RINF=0x02  RSTS=0x01 (Execution FAIL)
17:58:29.559 [INFO  ]   P14.12          1000 Hz   50%  →  FAIL  (Invalid Param)
17:58:29.559 [INFO  ] --- Channel 16/28: P14.13 1000Hz 50% ---
17:58:29.560 [INFO  ] [TX CAN 0x772 RoutineControl PWM] 31 01 A0 45 01 01 0E 0D 03 E8 32
17:58:29.573 [INFO  ] [RX CAN 0x77A PWM Response] 71 01 A0 45 02 01 02
17:58:29.573 [INFO  ]   RINF=0x02  RSTS=0x01 (Execution FAIL)
17:58:29.573 [INFO  ]   P14.13          1000 Hz   50%  →  FAIL  (Invalid Param)
17:58:29.574 [INFO  ] --- Channel 17/28: P14.14 1000Hz 50% ---
17:58:29.574 [INFO  ] [TX CAN 0x772 RoutineControl PWM] 31 01 A0 45 01 01 0E 0E 03 E8 32
17:58:29.588 [INFO  ] [RX CAN 0x77A PWM Response] 71 01 A0 45 02 01 02
17:58:29.588 [INFO  ]   RINF=0x02  RSTS=0x01 (Execution FAIL)
17:58:29.589 [INFO  ]   P14.14          1000 Hz   50%  →  FAIL  (Invalid Param)
17:58:29.591 [INFO  ] --- Channel 18/28: P14.15 1000Hz 50% ---
17:58:29.591 [INFO  ] [TX CAN 0x772 RoutineControl PWM] 31 01 A0 45 01 01 0E 0F 03 E8 32
17:58:29.602 [INFO  ] [RX CAN 0x77A PWM Response] 71 01 A0 45 02 01 02
17:58:29.603 [INFO  ]   RINF=0x02  RSTS=0x01 (Execution FAIL)
17:58:29.603 [INFO  ]   P14.15          1000 Hz   50%  →  FAIL  (Invalid Param)
17:58:29.604 [INFO  ] --- Channel 19/28: P20.0 1000Hz 50% ---
17:58:29.604 [INFO  ] [TX CAN 0x772 RoutineControl PWM] 31 01 A0 45 01 01 14 00 03 E8 32
17:58:29.617 [INFO  ] [RX CAN 0x77A PWM Response] 71 01 A0 45 02 01 02
17:58:29.617 [INFO  ]   RINF=0x02  RSTS=0x01 (Execution FAIL)
17:58:29.618 [INFO  ]   P20.0           1000 Hz   50%  →  FAIL  (Invalid Param)
17:58:29.618 [INFO  ] --- Channel 20/28: P22.8 1000Hz 50% ---
17:58:29.619 [INFO  ] [TX CAN 0x772 RoutineControl PWM] 31 01 A0 45 01 01 16 08 03 E8 32
17:58:29.633 [INFO  ] [RX CAN 0x77A PWM Response] 71 01 A0 45 02 01 02
17:58:29.634 [INFO  ]   RINF=0x02  RSTS=0x01 (Execution FAIL)
17:58:29.634 [INFO  ]   P22.8           1000 Hz   50%  →  FAIL  (Invalid Param)
17:58:29.634 [INFO  ] --- Channel 21/28: P22.9 1000Hz 50% ---
17:58:29.635 [INFO  ] [TX CAN 0x772 RoutineControl PWM] 31 01 A0 45 01 01 16 09 03 E8 32
17:58:29.646 [INFO  ] [RX CAN 0x77A PWM Response] 71 01 A0 45 02 01 02
17:58:29.646 [INFO  ]   RINF=0x02  RSTS=0x01 (Execution FAIL)
17:58:29.647 [INFO  ]   P22.9           1000 Hz   50%  →  FAIL  (Invalid Param)
17:58:29.647 [INFO  ] --- Channel 22/28: P22.10 1000Hz 50% ---
17:58:29.647 [INFO  ] [TX CAN 0x772 RoutineControl PWM] 31 01 A0 45 01 01 16 0A 03 E8 32
17:58:29.656 [INFO  ] [RX CAN 0x77A PWM Response] 71 01 A0 45 02 01 02
17:58:29.656 [INFO  ]   RINF=0x02  RSTS=0x01 (Execution FAIL)
17:58:29.657 [INFO  ]   P22.10          1000 Hz   50%  →  FAIL  (Invalid Param)
17:58:29.657 [INFO  ] --- Channel 23/28: P22.11 1000Hz 50% ---
17:58:29.658 [INFO  ] [TX CAN 0x772 RoutineControl PWM] 31 01 A0 45 01 01 16 0B 03 E8 32
17:58:29.671 [INFO  ] [RX CAN 0x77A PWM Response] 71 01 A0 45 02 01 02
17:58:29.671 [INFO  ]   RINF=0x02  RSTS=0x01 (Execution FAIL)
17:58:29.672 [INFO  ]   P22.11          1000 Hz   50%  →  FAIL  (Invalid Param)
17:58:29.672 [INFO  ] --- Channel 24/28: P25.0 1000Hz 50% ---
17:58:29.672 [INFO  ] [TX CAN 0x772 RoutineControl PWM] 31 01 A0 45 01 01 19 00 03 E8 32
17:58:29.683 [INFO  ] [RX CAN 0x77A PWM Response] 71 01 A0 45 02 01 02
17:58:29.683 [INFO  ]   RINF=0x02  RSTS=0x01 (Execution FAIL)
17:58:29.683 [INFO  ]   P25.0           1000 Hz   50%  →  FAIL  (Invalid Param)
17:58:29.683 [INFO  ] --- Channel 25/28: P25.1 1000Hz 50% ---
17:58:29.683 [INFO  ] [TX CAN 0x772 RoutineControl PWM] 31 01 A0 45 01 01 19 01 03 E8 32
17:58:29.697 [INFO  ] [RX CAN 0x77A PWM Response] 71 01 A0 45 02 01 02
17:58:29.697 [INFO  ]   RINF=0x02  RSTS=0x01 (Execution FAIL)
17:58:29.697 [INFO  ]   P25.1           1000 Hz   50%  →  FAIL  (Invalid Param)
17:58:29.697 [INFO  ] --- Channel 26/28: P25.2 1000Hz 50% ---
17:58:29.699 [INFO  ] [TX CAN 0x772 RoutineControl PWM] 31 01 A0 45 01 01 19 02 03 E8 32
17:58:29.712 [INFO  ] [RX CAN 0x77A PWM Response] 71 01 A0 45 02 01 02
17:58:29.713 [INFO  ]   RINF=0x02  RSTS=0x01 (Execution FAIL)
17:58:29.713 [INFO  ]   P25.2           1000 Hz   50%  →  FAIL  (Invalid Param)
17:58:29.713 [INFO  ] --- Channel 27/28: P25.9 1000Hz 50% ---
17:58:29.713 [INFO  ] [TX CAN 0x772 RoutineControl PWM] 31 01 A0 45 01 01 19 09 03 E8 32
17:58:29.721 [INFO  ] [RX CAN 0x77A PWM Response] 71 01 A0 45 02 01 02
17:58:29.721 [INFO  ]   RINF=0x02  RSTS=0x01 (Execution FAIL)
17:58:29.723 [INFO  ]   P25.9           1000 Hz   50%  →  FAIL  (Invalid Param)
17:58:29.724 [INFO  ] --- Channel 28/28: P31.6 1000Hz 50% ---
17:58:29.724 [INFO  ] [TX CAN 0x772 RoutineControl PWM] 31 01 A0 45 01 01 1F 06 03 E8 32
17:58:29.739 [INFO  ] [RX CAN 0x77A PWM Response] 71 01 A0 45 02 01 02
17:58:29.740 [INFO  ]   RINF=0x02  RSTS=0x01 (Execution FAIL)
17:58:29.740 [INFO  ]   P31.6           1000 Hz   50%  →  FAIL  (Invalid Param)
17:58:29.740 [INFO  ] ========================================================
17:58:29.741 [INFO  ] PWM channel summary:
17:58:29.741 [INFO  ] Channel       Freq(Hz)  Duty%  Result  Status
17:58:29.741 [INFO  ] P1.13             1000     50  FAIL    Invalid Param
17:58:29.742 [INFO  ] P2.2              1000     50  FAIL    Invalid Param
17:58:29.742 [INFO  ] P2.3              1000     50  FAIL    Invalid Param
17:58:29.742 [INFO  ] P2.7              1000     50  FAIL    Invalid Param
17:58:29.742 [INFO  ] P2.8              1000     50  FAIL    Invalid Param
17:58:29.743 [INFO  ] P11.14            1000     50  FAIL    Invalid Param
17:58:29.743 [INFO  ] P11.15            1000     50  FAIL    Invalid Param
17:58:29.743 [INFO  ] P13.4             1000     50  FAIL    No data
17:58:29.744 [INFO  ] P13.6             1000     50  FAIL    Invalid Param
17:58:29.744 [INFO  ] P13.10            1000     50  FAIL    Invalid Param
17:58:29.745 [INFO  ] P13.11            1000     50  FAIL    No data
17:58:29.745 [INFO  ] P13.13            1000     50  FAIL    No data
17:58:29.746 [INFO  ] P13.14            1000     50  FAIL    No data
17:58:29.746 [INFO  ] P13.15            1000     50  FAIL    Invalid Param
17:58:29.746 [INFO  ] P14.12            1000     50  FAIL    Invalid Param
17:58:29.746 [INFO  ] P14.13            1000     50  FAIL    Invalid Param
17:58:29.747 [INFO  ] P14.14            1000     50  FAIL    Invalid Param
17:58:29.747 [INFO  ] P14.15            1000     50  FAIL    Invalid Param
17:58:29.747 [INFO  ] P20.0             1000     50  FAIL    Invalid Param
17:58:29.747 [INFO  ] P22.8             1000     50  FAIL    Invalid Param
17:58:29.748 [INFO  ] P22.9             1000     50  FAIL    Invalid Param
17:58:29.748 [INFO  ] P22.10            1000     50  FAIL    Invalid Param
17:58:29.748 [INFO  ] P22.11            1000     50  FAIL    Invalid Param
17:58:29.749 [INFO  ] P25.0             1000     50  FAIL    Invalid Param
17:58:29.749 [INFO  ] P25.1             1000     50  FAIL    Invalid Param
17:58:29.749 [INFO  ] P25.2             1000     50  FAIL    Invalid Param
17:58:29.750 [INFO  ] P25.9             1000     50  FAIL    Invalid Param
17:58:29.750 [INFO  ] P31.6             1000     50  FAIL    Invalid Param
17:58:29.751 [INFO  ] Total: 0/28 PASS
17:58:29.955 ========================================================================
17:58:29.955 [SUMRY ] PASS=0 FAIL=4 TOTAL=4 FAILED
17:58:29.956 ========================================================================
