15:03:44.607 ========================================================================
15:03:44.608 [START ] Script : Service_37
15:03:44.608 [START ] Log    : U:\sandbox_2\TI\01_code\PCAN_LIN\PCAN_LIN\Result\SVVR_Service_37_20260509_150344.log
15:03:44.609 ========================================================================
15:03:44.616 [INFO  ] LIN TP transport open  (hw=1, channel=1, 19200 baud)
15:03:44.622 [INFO  ] ============================================================
15:03:44.622 [INFO  ] Service 0x37 TransferExit – Full NRC Test
15:03:44.622 [INFO  ] ============================================================
15:03:44.623 [INFO  ] --- NRC 0x24: requestSequenceError (no prior 34+36) ---
15:03:44.623 ------------------------------------------------------------------------
15:03:44.623 [STEP  ] 0x10 02 – Switch to Programming Session
15:03:44.624 [TX DiagnosticSessionControl programmingSession] 10 02
15:03:44.624 [TX SF ] 67 02 10 02 FF FF FF FF
15:03:44.642 [RX SF ] 67 06 50 02 00 32 01 F4
15:03:44.642 [RX    ] 50 02 00 32 01 F4
15:03:44.642 [PASS  ] ProgrammingSession positive response | expected: 50 ... | received: 50 02 00 32 01 F4
15:03:44.643 ------------------------------------------------------------------------
15:03:44.643 [STEP  ] 0x27 01 – SecurityAccess: Request Seed
15:03:44.643 [TX SecurityAccess requestSeed] 27 01
15:03:44.643 [TX SF ] 67 02 27 01 FF FF FF FF
15:03:44.663 [RX FF ] 67 10 12 67 01 BB EA E9
15:03:44.671 [RX CF1] 67 21 9F 04 37 96 EA BF
15:03:44.682 [RX CF2] 67 22 16 51 BD 9C 06 A2
15:03:44.692 [RX CF3] 67 23 70 FF FF FF FF FF
15:03:44.693 [RX    ] 67 01 BB EA E9 9F 04 37 96 EA BF 16 51 BD 9C 06 A2 70
15:03:44.693 [PASS  ] Seed request positive response | expected: 67 ... | received: 67 01 BB EA E9 9F 04 37 96 EA BF 16 51 BD 9C 06 A2 70
15:03:44.693 [INFO  ] Seed received: BB EA E9 9F 04 37 96 EA BF 16 51 BD 9C 06 A2 70
15:03:44.694 ------------------------------------------------------------------------
15:03:44.694 [STEP  ] 0x27 02 – SecurityAccess: Send Key
15:03:44.749 [TX SecurityAccess sendKey] 27 02 20 AB CE 62 53 AA B7 01 69 06 EE 97 96 E9 90 42
15:03:44.750 [TX FF ] 67 10 12 27 02 20 AB CE
15:03:44.761 [TX CF1] 67 21 62 53 AA B7 01 69
15:03:44.771 [TX CF2] 67 22 06 EE 97 96 E9 90
15:03:44.782 [TX CF3] 67 23 42 FF FF FF FF FF
15:03:44.803 [RX SF ] 67 02 67 02 FF FF FF FF
15:03:44.803 [RX    ] 67 02
15:03:44.804 [PASS  ] Key accepted positive response | expected: 67 ... | received: 67 02
15:03:44.805 ------------------------------------------------------------------------
15:03:44.805 [STEP  ] 0x37 – NRC 0x24 requestSequenceError (no prior 34+36)
15:03:44.805 [TX TransferExit (no prior download)] 37
15:03:44.807 [TX SF ] 67 01 37 FF FF FF FF FF
15:03:44.826 [RX SF ] 67 03 7F 37 24 FF FF FF
15:03:44.826 [RX    ] 7F 37 24
15:03:44.826 [PASS  ] NRC 0x24 requestSequenceError | expected: 7F 37 24 | received: 7F 37 24
15:03:44.827 [INFO  ] --- TC36-A NRC 0x24: requestSequenceError (37 after 34, no 36) ---
15:03:44.827 ------------------------------------------------------------------------
15:03:44.827 [STEP  ] 0x10 02 – Switch to Programming Session
15:03:44.827 [TX DiagnosticSessionControl programmingSession] 10 02
15:03:44.828 [TX SF ] 67 02 10 02 FF FF FF FF
15:03:44.848 [RX SF ] 67 06 50 02 00 32 01 F4
15:03:44.848 [RX    ] 50 02 00 32 01 F4
15:03:44.849 [PASS  ] ProgrammingSession positive response | expected: 50 ... | received: 50 02 00 32 01 F4
15:03:44.849 ------------------------------------------------------------------------
15:03:44.849 [STEP  ] 0x27 01 – SecurityAccess: Request Seed
15:03:44.849 [TX SecurityAccess requestSeed] 27 01
15:03:44.850 [TX SF ] 67 02 27 01 FF FF FF FF
15:03:44.871 [RX FF ] 67 10 12 67 01 FB F1 31
15:03:44.880 [RX CF1] 67 21 3E 1C 3E 2F 1E CA
15:03:44.888 [RX CF2] 67 22 0F 87 DB 35 9C 47
15:03:44.898 [RX CF3] 67 23 6A FF FF FF FF FF
15:03:44.899 [RX    ] 67 01 FB F1 31 3E 1C 3E 2F 1E CA 0F 87 DB 35 9C 47 6A
15:03:44.899 [PASS  ] Seed request positive response | expected: 67 ... | received: 67 01 FB F1 31 3E 1C 3E 2F 1E CA 0F 87 DB 35 9C 47 6A
15:03:44.899 [INFO  ] Seed received: FB F1 31 3E 1C 3E 2F 1E CA 0F 87 DB 35 9C 47 6A
15:03:44.900 ------------------------------------------------------------------------
15:03:44.900 [STEP  ] 0x27 02 – SecurityAccess: Send Key
15:03:44.900 [TX SecurityAccess sendKey] 27 02 D0 31 6C A2 3E 0E 8C A1 AE D3 81 54 91 22 D4 39
15:03:44.901 [TX FF ] 67 10 12 27 02 D0 31 6C
15:03:44.912 [TX CF1] 67 21 A2 3E 0E 8C A1 AE
15:03:44.922 [TX CF2] 67 22 D3 81 54 91 22 D4
15:03:44.933 [TX CF3] 67 23 39 FF FF FF FF FF
15:03:44.953 [RX SF ] 67 02 67 02 FF FF FF FF
15:03:44.953 [RX    ] 67 02
15:03:44.954 [PASS  ] Key accepted positive response | expected: 67 ... | received: 67 02
15:03:44.954 ------------------------------------------------------------------------
15:03:44.954 [STEP  ] 0x31 01 FF00 – EraseMemory @ 0x0000C000 len=0x0002D000
15:03:44.955 [TX RoutineControl EraseMemory] 31 01 FF 00 00 00 C0 00 00 02 D0 00
15:03:44.956 [TX FF ] 67 10 0C 31 01 FF 00 00
15:03:44.967 [TX CF1] 67 21 00 C0 00 00 02 D0
15:03:44.977 [TX CF2] 67 22 00 FF FF FF FF FF
15:03:44.997 [RX SF ] 67 03 7F 31 78 FF FF FF
15:03:44.998 [INFO  ] NRC 0x78 – ResponsePending, waiting P2*...
15:03:45.006 [RX SF (after NRC78)] 67 03 7F 31 78 FF FF FF
15:03:45.015 [RX SF (after NRC78)] 67 03 7F 31 78 FF FF FF
15:03:45.024 [RX SF (after NRC78)] 67 03 7F 31 78 FF FF FF
15:03:45.033 [RX SF (after NRC78)] 67 03 7F 31 78 FF FF FF
15:03:45.043 [RX SF (after NRC78)] 67 03 7F 31 78 FF FF FF
15:03:45.054 [RX SF (after NRC78)] 67 03 7F 31 78 FF FF FF
15:03:45.063 [RX SF (after NRC78)] 67 03 7F 31 78 FF FF FF
15:03:45.073 [RX SF (after NRC78)] 67 03 7F 31 78 FF FF FF
15:03:45.084 [RX SF (after NRC78)] 67 03 7F 31 78 FF FF FF
15:03:45.094 [RX SF (after NRC78)] 67 03 7F 31 78 FF FF FF
15:03:45.103 [RX SF (after NRC78)] 67 03 7F 31 78 FF FF FF
15:03:45.114 [RX SF (after NRC78)] 67 03 7F 31 78 FF FF FF
15:03:45.123 [RX SF (after NRC78)] 67 03 7F 31 78 FF FF FF
15:03:45.134 [RX SF (after NRC78)] 67 03 7F 31 78 FF FF FF
15:03:45.145 [RX SF (after NRC78)] 67 03 7F 31 78 FF FF FF
15:03:45.156 [RX SF (after NRC78)] 67 03 7F 31 78 FF FF FF
15:03:45.167 [RX SF (after NRC78)] 67 03 7F 31 78 FF FF FF
15:03:45.175 [RX SF (after NRC78)] 67 03 7F 31 78 FF FF FF
15:03:45.184 [RX SF (after NRC78)] 67 03 7F 31 78 FF FF FF
15:03:45.193 [RX SF (after NRC78)] 67 03 7F 31 78 FF FF FF
15:03:45.202 [RX SF (after NRC78)] 67 03 7F 31 78 FF FF FF
15:03:45.211 [RX SF (after NRC78)] 67 03 7F 31 78 FF FF FF
15:03:45.222 [RX SF (after NRC78)] 67 03 7F 31 78 FF FF FF
15:03:45.230 [RX SF (after NRC78)] 67 03 7F 31 78 FF FF FF
15:03:45.239 [RX SF (after NRC78)] 67 03 7F 31 78 FF FF FF
15:03:45.248 [RX SF (after NRC78)] 67 03 7F 31 78 FF FF FF
15:03:45.256 [RX SF (after NRC78)] 67 03 7F 31 78 FF FF FF
15:03:45.266 [RX SF (after NRC78)] 67 03 7F 31 78 FF FF FF
15:03:45.276 [RX SF (after NRC78)] 67 03 7F 31 78 FF FF FF
15:03:45.285 [RX SF (after NRC78)] 67 03 7F 31 78 FF FF FF
15:03:45.293 [RX SF (after NRC78)] 67 03 7F 31 78 FF FF FF
15:03:45.301 [RX SF (after NRC78)] 67 03 7F 31 78 FF FF FF
15:03:45.309 [RX SF (after NRC78)] 67 03 7F 31 78 FF FF FF
15:03:45.318 [RX SF (after NRC78)] 67 03 7F 31 78 FF FF FF
15:03:45.327 [RX SF (after NRC78)] 67 03 7F 31 78 FF FF FF
15:03:45.336 [RX SF (after NRC78)] 67 03 7F 31 78 FF FF FF
15:03:45.347 [RX SF (after NRC78)] 67 03 7F 31 78 FF FF FF
15:03:45.356 [RX SF (after NRC78)] 67 03 7F 31 78 FF FF FF
15:03:45.365 [RX SF (after NRC78)] 67 03 7F 31 78 FF FF FF
15:03:45.376 [RX SF (after NRC78)] 67 03 7F 31 78 FF FF FF
15:03:45.386 [RX SF (after NRC78)] 67 03 7F 31 78 FF FF FF
15:03:45.397 [RX SF (after NRC78)] 67 03 7F 31 78 FF FF FF
15:03:45.407 [RX SF (after NRC78)] 67 03 7F 31 78 FF FF FF
15:03:45.418 [RX SF (after NRC78)] 67 03 7F 31 78 FF FF FF
15:03:45.427 [RX SF (after NRC78)] 67 03 7F 31 78 FF FF FF
15:03:45.437 [RX SF (after NRC78)] 67 03 7F 31 78 FF FF FF
15:03:45.448 [RX SF (after NRC78)] 67 03 7F 31 78 FF FF FF
15:03:45.458 [RX SF (after NRC78)] 67 03 7F 31 78 FF FF FF
15:03:45.468 [RX SF (after NRC78)] 67 03 7F 31 78 FF FF FF
15:03:45.477 [RX SF (after NRC78)] 67 03 7F 31 78 FF FF FF
15:03:45.485 [RX SF (after NRC78)] 67 03 7F 31 78 FF FF FF
15:03:45.494 [RX SF (after NRC78)] 67 03 7F 31 78 FF FF FF
15:03:45.503 [RX SF (after NRC78)] 67 03 7F 31 78 FF FF FF
15:03:45.512 [RX SF (after NRC78)] 67 03 7F 31 78 FF FF FF
15:03:45.522 [RX SF (after NRC78)] 67 03 7F 31 78 FF FF FF
15:03:45.531 [RX SF (after NRC78)] 67 03 7F 31 78 FF FF FF
15:03:45.542 [RX SF (after NRC78)] 67 03 7F 31 78 FF FF FF
15:03:45.552 [RX SF (after NRC78)] 67 03 7F 31 78 FF FF FF
15:03:45.563 [RX SF (after NRC78)] 67 03 7F 31 78 FF FF FF
15:03:45.571 [RX SF (after NRC78)] 67 03 7F 31 78 FF FF FF
15:03:45.583 [RX SF (after NRC78)] 67 03 7F 31 78 FF FF FF
15:03:45.594 [RX SF (after NRC78)] 67 03 7F 31 78 FF FF FF
15:03:45.604 [RX SF (after NRC78)] 67 03 7F 31 78 FF FF FF
15:03:45.613 [RX SF (after NRC78)] 67 03 7F 31 78 FF FF FF
15:03:45.624 [RX SF (after NRC78)] 67 03 7F 31 78 FF FF FF
15:03:45.634 [RX SF (after NRC78)] 67 03 7F 31 78 FF FF FF
15:03:45.643 [RX SF (after NRC78)] 67 03 7F 31 78 FF FF FF
15:03:45.654 [RX SF (after NRC78)] 67 03 7F 31 78 FF FF FF
15:03:45.663 [RX SF (after NRC78)] 67 03 7F 31 78 FF FF FF
15:03:45.672 [RX SF (after NRC78)] 67 03 7F 31 78 FF FF FF
15:03:45.682 [RX SF (after NRC78)] 67 03 7F 31 78 FF FF FF
15:03:45.691 [RX SF (after NRC78)] 67 03 7F 31 78 FF FF FF
15:03:45.702 [RX SF (after NRC78)] 67 03 7F 31 78 FF FF FF
15:03:45.712 [RX SF (after NRC78)] 67 03 7F 31 78 FF FF FF
15:03:45.722 [RX SF (after NRC78)] 67 03 7F 31 78 FF FF FF
15:03:45.730 [RX SF (after NRC78)] 67 03 7F 31 78 FF FF FF
15:03:45.738 [RX SF (after NRC78)] 67 05 71 01 FF 00 10 FF
15:03:45.738 [RX    ] 71 01 FF 00 10
15:03:45.739 [PASS  ] EraseMemory positive response | expected: 71 ... | received: 71 01 FF 00 10
15:03:45.739 [INFO  ] Erase routine status: 0x10
15:03:45.740 ------------------------------------------------------------------------
15:03:45.740 [STEP  ] 0x34 – RequestDownload  addr=0x00038BC0  len=0x00000032  fmt=0x10
15:03:45.740 [TX RequestDownload] 34 10 44 00 03 8B C0 00 00 00 32
15:03:45.741 [TX FF ] 67 10 0B 34 10 44 00 03
15:03:45.751 [TX CF1] 67 21 8B C0 00 00 00 32
15:03:45.772 [RX SF ] 67 04 74 20 07 FA FF FF
15:03:45.773 [RX    ] 74 20 07 FA
15:03:45.774 [PASS  ] RequestDownload positive response | expected: 74 ... | received: 74 20 07 FA
15:03:45.774 [INFO  ] ECU max block size: 0x7FA (2042) bytes
15:03:45.774 ------------------------------------------------------------------------
15:03:45.775 [STEP  ] 0x37 – NRC 0x24 requestSequenceError (37 after 34, no 36 sent)
15:03:45.775 [TX TransferExit after 34 with no 36] 37
15:03:45.776 [TX SF ] 67 01 37 FF FF FF FF FF
15:03:45.796 [RX SF ] 67 03 7F 37 24 FF FF FF
15:03:45.797 [RX    ] 7F 37 24
15:03:45.797 [PASS  ] NRC 0x24 requestSequenceError (37 before any 36) | expected: 7F 37 24 | received: 7F 37 24
15:03:45.797 ------------------------------------------------------------------------
15:03:45.798 [STEP  ] 0x10 02 – Switch to Programming Session
15:03:45.798 [TX DiagnosticSessionControl programmingSession] 10 02
15:03:45.798 [TX SF ] 67 02 10 02 FF FF FF FF
15:03:45.819 [RX SF ] 67 06 50 02 00 32 01 F4
15:03:45.819 [RX    ] 50 02 00 32 01 F4
15:03:45.820 [PASS  ] ProgrammingSession positive response | expected: 50 ... | received: 50 02 00 32 01 F4
15:03:45.820 ------------------------------------------------------------------------
15:03:45.820 [STEP  ] 0x27 01 – SecurityAccess: Request Seed
15:03:45.820 [TX SecurityAccess requestSeed] 27 01
15:03:45.821 [TX SF ] 67 02 27 01 FF FF FF FF
15:03:45.841 [RX FF ] 67 10 12 67 01 8B F1 98
15:03:45.850 [RX CF1] 67 21 A1 DF 95 63 55 33
15:03:45.858 [RX CF2] 67 22 30 27 C3 A3 86 FA
15:03:45.867 [RX CF3] 67 23 9E FF FF FF FF FF
15:03:45.867 [RX    ] 67 01 8B F1 98 A1 DF 95 63 55 33 30 27 C3 A3 86 FA 9E
15:03:45.868 [PASS  ] Seed request positive response | expected: 67 ... | received: 67 01 8B F1 98 A1 DF 95 63 55 33 30 27 C3 A3 86 FA 9E
15:03:45.868 [INFO  ] Seed received: 8B F1 98 A1 DF 95 63 55 33 30 27 C3 A3 86 FA 9E
15:03:45.868 ------------------------------------------------------------------------
15:03:45.869 [STEP  ] 0x27 02 – SecurityAccess: Send Key
15:03:45.869 [TX SecurityAccess sendKey] 27 02 7B 2A C8 00 AB 02 5B 58 8A 67 30 F2 92 5B 94 A7
15:03:45.870 [TX FF ] 67 10 12 27 02 7B 2A C8
15:03:45.881 [TX CF1] 67 21 00 AB 02 5B 58 8A
15:03:45.891 [TX CF2] 67 22 67 30 F2 92 5B 94
15:03:45.903 [TX CF3] 67 23 A7 FF FF FF FF FF
15:03:45.922 [RX SF ] 67 02 67 02 FF FF FF FF
15:03:45.922 [RX    ] 67 02
15:03:45.923 [PASS  ] Key accepted positive response | expected: 67 ... | received: 67 02
15:03:45.923 ------------------------------------------------------------------------
15:03:45.924 [STEP  ] 0x31 01 FF00 – EraseMemory @ 0x0000C000 len=0x0002D000
15:03:45.924 [TX RoutineControl EraseMemory] 31 01 FF 00 00 00 C0 00 00 02 D0 00
15:03:45.924 [TX FF ] 67 10 0C 31 01 FF 00 00
15:03:45.935 [TX CF1] 67 21 00 C0 00 00 02 D0
15:03:45.947 [TX CF2] 67 22 00 FF FF FF FF FF
15:03:45.969 [RX SF ] 67 03 7F 31 78 FF FF FF
15:03:45.970 [INFO  ] NRC 0x78 – ResponsePending, waiting P2*...
15:03:45.979 [RX SF (after NRC78)] 67 03 7F 31 78 FF FF FF
15:03:45.991 [RX SF (after NRC78)] 67 03 7F 31 78 FF FF FF
15:03:46.000 [RX SF (after NRC78)] 67 03 7F 31 78 FF FF FF
15:03:46.010 [RX SF (after NRC78)] 67 03 7F 31 78 FF FF FF
15:03:46.021 [RX SF (after NRC78)] 67 03 7F 31 78 FF FF FF
15:03:46.032 [RX SF (after NRC78)] 67 03 7F 31 78 FF FF FF
15:03:46.042 [RX SF (after NRC78)] 67 03 7F 31 78 FF FF FF
15:03:46.052 [RX SF (after NRC78)] 67 03 7F 31 78 FF FF FF
15:03:46.061 [RX SF (after NRC78)] 67 03 7F 31 78 FF FF FF
15:03:46.071 [RX SF (after NRC78)] 67 03 7F 31 78 FF FF FF
15:03:46.082 [RX SF (after NRC78)] 67 03 7F 31 78 FF FF FF
15:03:46.091 [RX SF (after NRC78)] 67 03 7F 31 78 FF FF FF
15:03:46.102 [RX SF (after NRC78)] 67 03 7F 31 78 FF FF FF
15:03:46.112 [RX SF (after NRC78)] 67 03 7F 31 78 FF FF FF
15:03:46.121 [RX SF (after NRC78)] 67 03 7F 31 78 FF FF FF
15:03:46.130 [RX SF (after NRC78)] 67 03 7F 31 78 FF FF FF
15:03:46.140 [RX SF (after NRC78)] 67 03 7F 31 78 FF FF FF
15:03:46.153 [RX SF (after NRC78)] 67 03 7F 31 78 FF FF FF
15:03:46.162 [RX SF (after NRC78)] 67 03 7F 31 78 FF FF FF
15:03:46.171 [RX SF (after NRC78)] 67 03 7F 31 78 FF FF FF
15:03:46.182 [RX SF (after NRC78)] 67 03 7F 31 78 FF FF FF
15:03:46.191 [RX SF (after NRC78)] 67 03 7F 31 78 FF FF FF
15:03:46.202 [RX SF (after NRC78)] 67 03 7F 31 78 FF FF FF
15:03:46.211 [RX SF (after NRC78)] 67 03 7F 31 78 FF FF FF
15:03:46.222 [RX SF (after NRC78)] 67 03 7F 31 78 FF FF FF
15:03:46.233 [RX SF (after NRC78)] 67 03 7F 31 78 FF FF FF
15:03:46.242 [RX SF (after NRC78)] 67 03 7F 31 78 FF FF FF
15:03:46.251 [RX SF (after NRC78)] 67 03 7F 31 78 FF FF FF
15:03:46.260 [RX SF (after NRC78)] 67 03 7F 31 78 FF FF FF
15:03:46.269 [RX SF (after NRC78)] 67 03 7F 31 78 FF FF FF
15:03:46.277 [RX SF (after NRC78)] 67 03 7F 31 78 FF FF FF
15:03:46.285 [RX SF (after NRC78)] 67 03 7F 31 78 FF FF FF
15:03:46.295 [RX SF (after NRC78)] 67 03 7F 31 78 FF FF FF
15:03:46.304 [RX SF (after NRC78)] 67 03 7F 31 78 FF FF FF
15:03:46.314 [RX SF (after NRC78)] 67 03 7F 31 78 FF FF FF
15:03:46.324 [RX SF (after NRC78)] 67 03 7F 31 78 FF FF FF
15:03:46.333 [RX SF (after NRC78)] 67 03 7F 31 78 FF FF FF
15:03:46.343 [RX SF (after NRC78)] 67 03 7F 31 78 FF FF FF
15:03:46.352 [RX SF (after NRC78)] 67 03 7F 31 78 FF FF FF
15:03:46.363 [RX SF (after NRC78)] 67 03 7F 31 78 FF FF FF
15:03:46.372 [RX SF (after NRC78)] 67 03 7F 31 78 FF FF FF
15:03:46.380 [RX SF (after NRC78)] 67 03 7F 31 78 FF FF FF
15:03:46.389 [RX SF (after NRC78)] 67 03 7F 31 78 FF FF FF
15:03:46.397 [RX SF (after NRC78)] 67 03 7F 31 78 FF FF FF
15:03:46.405 [RX SF (after NRC78)] 67 03 7F 31 78 FF FF FF
15:03:46.414 [RX SF (after NRC78)] 67 03 7F 31 78 FF FF FF
15:03:46.423 [RX SF (after NRC78)] 67 03 7F 31 78 FF FF FF
15:03:46.434 [RX SF (after NRC78)] 67 03 7F 31 78 FF FF FF
15:03:46.442 [RX SF (after NRC78)] 67 03 7F 31 78 FF FF FF
15:03:46.450 [RX SF (after NRC78)] 67 03 7F 31 78 FF FF FF
15:03:46.460 [RX SF (after NRC78)] 67 03 7F 31 78 FF FF FF
15:03:46.469 [RX SF (after NRC78)] 67 03 7F 31 78 FF FF FF
15:03:46.479 [RX SF (after NRC78)] 67 03 7F 31 78 FF FF FF
15:03:46.490 [RX SF (after NRC78)] 67 03 7F 31 78 FF FF FF
15:03:46.499 [RX SF (after NRC78)] 67 03 7F 31 78 FF FF FF
15:03:46.510 [RX SF (after NRC78)] 67 03 7F 31 78 FF FF FF
15:03:46.519 [RX SF (after NRC78)] 67 03 7F 31 78 FF FF FF
15:03:46.528 [RX SF (after NRC78)] 67 03 7F 31 78 FF FF FF
15:03:46.538 [RX SF (after NRC78)] 67 03 7F 31 78 FF FF FF
15:03:46.549 [RX SF (after NRC78)] 67 03 7F 31 78 FF FF FF
15:03:46.560 [RX SF (after NRC78)] 67 03 7F 31 78 FF FF FF
15:03:46.569 [RX SF (after NRC78)] 67 03 7F 31 78 FF FF FF
15:03:46.579 [RX SF (after NRC78)] 67 03 7F 31 78 FF FF FF
15:03:46.588 [RX SF (after NRC78)] 67 03 7F 31 78 FF FF FF
15:03:46.600 [RX SF (after NRC78)] 67 03 7F 31 78 FF FF FF
15:03:46.609 [RX SF (after NRC78)] 67 03 7F 31 78 FF FF FF
15:03:46.620 [RX SF (after NRC78)] 67 03 7F 31 78 FF FF FF
15:03:46.631 [RX SF (after NRC78)] 67 03 7F 31 78 FF FF FF
15:03:46.642 [RX SF (after NRC78)] 67 03 7F 31 78 FF FF FF
15:03:46.653 [RX SF (after NRC78)] 67 03 7F 31 78 FF FF FF
15:03:46.663 [RX SF (after NRC78)] 67 03 7F 31 78 FF FF FF
15:03:46.672 [RX SF (after NRC78)] 67 03 7F 31 78 FF FF FF
15:03:46.682 [RX SF (after NRC78)] 67 03 7F 31 78 FF FF FF
15:03:46.693 [RX SF (after NRC78)] 67 03 7F 31 78 FF FF FF
15:03:46.724 [RX SF (after NRC78)] 67 05 71 01 FF 00 10 FF
15:03:46.725 [RX    ] 71 01 FF 00 10
15:03:46.725 [PASS  ] EraseMemory positive response | expected: 71 ... | received: 71 01 FF 00 10
15:03:46.726 [INFO  ] Erase routine status: 0x10
15:03:46.726 ------------------------------------------------------------------------
15:03:46.726 [STEP  ] 0x34 – RequestDownload  addr=0x00038BC0  len=0x00000032  fmt=0x10
15:03:46.726 [TX RequestDownload] 34 10 44 00 03 8B C0 00 00 00 32
15:03:46.727 [TX FF ] 67 10 0B 34 10 44 00 03
15:03:46.737 [TX CF1] 67 21 8B C0 00 00 00 32
15:03:46.757 [RX SF ] 67 04 74 20 07 FA FF FF
15:03:46.758 [RX    ] 74 20 07 FA
15:03:46.758 [PASS  ] RequestDownload positive response | expected: 74 ... | received: 74 20 07 FA
15:03:46.758 [INFO  ] ECU max block size: 0x7FA (2042) bytes
15:03:46.759 ------------------------------------------------------------------------
15:03:46.759 [STEP  ] 0x37 – NRC 0x24 requestSequenceError (37 00, no data sent yet)
15:03:46.759 [TX TransferExit length=2 (no 36 sent, sequence error)] 37 00
15:03:46.759 [TX SF ] 67 02 37 00 FF FF FF FF
15:03:46.778 [RX SF ] 67 03 7F 37 24 FF FF FF
15:03:46.778 [RX    ] 7F 37 24
15:03:46.779 [PASS  ] NRC 0x24 requestSequenceError (sequence check before length) | expected: 7F 37 24 | received: 7F 37 24
15:03:46.779 [INFO  ] --- TC36-B NRC 0x13: incorrectMessageLength (37+extra, transfer complete) ---
15:03:46.779 ------------------------------------------------------------------------
15:03:46.779 [STEP  ] 0x10 02 – Switch to Programming Session
15:03:46.780 [TX DiagnosticSessionControl programmingSession] 10 02
15:03:46.780 [TX SF ] 67 02 10 02 FF FF FF FF
15:03:46.801 [RX SF ] 67 06 50 02 00 32 01 F4
15:03:46.801 [RX    ] 50 02 00 32 01 F4
15:03:46.802 [PASS  ] ProgrammingSession positive response | expected: 50 ... | received: 50 02 00 32 01 F4
15:03:46.802 ------------------------------------------------------------------------
15:03:46.802 [STEP  ] 0x27 01 – SecurityAccess: Request Seed
15:03:46.802 [TX SecurityAccess requestSeed] 27 01
15:03:46.803 [TX SF ] 67 02 27 01 FF FF FF FF
15:03:46.823 [RX FF ] 67 10 12 67 01 2D CC 95
15:03:46.831 [RX CF1] 67 21 0B E5 01 E5 EF 49
15:03:46.840 [RX CF2] 67 22 D7 1A AB D0 E9 71
15:03:46.851 [RX CF3] 67 23 D0 FF FF FF FF FF
15:03:46.851 [RX    ] 67 01 2D CC 95 0B E5 01 E5 EF 49 D7 1A AB D0 E9 71 D0
15:03:46.852 [PASS  ] Seed request positive response | expected: 67 ... | received: 67 01 2D CC 95 0B E5 01 E5 EF 49 D7 1A AB D0 E9 71 D0
15:03:46.852 [INFO  ] Seed received: 2D CC 95 0B E5 01 E5 EF 49 D7 1A AB D0 E9 71 D0
15:03:46.852 ------------------------------------------------------------------------
15:03:46.852 [STEP  ] 0x27 02 – SecurityAccess: Send Key
15:03:46.852 [TX SecurityAccess sendKey] 27 02 49 89 8B CD 05 19 6F 56 4E A8 74 F4 31 5E 2C 7B
15:03:46.853 [TX FF ] 67 10 12 27 02 49 89 8B
15:03:46.863 [TX CF1] 67 21 CD 05 19 6F 56 4E
15:03:46.874 [TX CF2] 67 22 A8 74 F4 31 5E 2C
15:03:46.886 [TX CF3] 67 23 7B FF FF FF FF FF
15:03:46.909 [RX SF ] 67 02 67 02 FF FF FF FF
15:03:46.909 [RX    ] 67 02
15:03:46.909 [PASS  ] Key accepted positive response | expected: 67 ... | received: 67 02
15:03:46.909 ------------------------------------------------------------------------
15:03:46.909 [STEP  ] 0x31 01 FF00 – EraseMemory @ 0x0000C000 len=0x0002D000
15:03:46.909 [TX RoutineControl EraseMemory] 31 01 FF 00 00 00 C0 00 00 02 D0 00
15:03:46.909 [TX FF ] 67 10 0C 31 01 FF 00 00
15:03:46.921 [TX CF1] 67 21 00 C0 00 00 02 D0
15:03:46.931 [TX CF2] 67 22 00 FF FF FF FF FF
15:03:46.953 [RX SF ] 67 03 7F 31 78 FF FF FF
15:03:46.953 [INFO  ] NRC 0x78 – ResponsePending, waiting P2*...
15:03:46.963 [RX SF (after NRC78)] 67 03 7F 31 78 FF FF FF
15:03:46.973 [RX SF (after NRC78)] 67 03 7F 31 78 FF FF FF
15:03:46.984 [RX SF (after NRC78)] 67 03 7F 31 78 FF FF FF
15:03:46.993 [RX SF (after NRC78)] 67 03 7F 31 78 FF FF FF
15:03:47.003 [RX SF (after NRC78)] 67 03 7F 31 78 FF FF FF
15:03:47.012 [RX SF (after NRC78)] 67 03 7F 31 78 FF FF FF
15:03:47.020 [RX SF (after NRC78)] 67 03 7F 31 78 FF FF FF
15:03:47.030 [RX SF (after NRC78)] 67 03 7F 31 78 FF FF FF
15:03:47.039 [RX SF (after NRC78)] 67 03 7F 31 78 FF FF FF
15:03:47.049 [RX SF (after NRC78)] 67 03 7F 31 78 FF FF FF
15:03:47.059 [RX SF (after NRC78)] 67 03 7F 31 78 FF FF FF
15:03:47.069 [RX SF (after NRC78)] 67 03 7F 31 78 FF FF FF
15:03:47.078 [RX SF (after NRC78)] 67 03 7F 31 78 FF FF FF
15:03:47.088 [RX SF (after NRC78)] 67 03 7F 31 78 FF FF FF
15:03:47.098 [RX SF (after NRC78)] 67 03 7F 31 78 FF FF FF
15:03:47.110 [RX SF (after NRC78)] 67 03 7F 31 78 FF FF FF
15:03:47.121 [RX SF (after NRC78)] 67 03 7F 31 78 FF FF FF
15:03:47.132 [RX SF (after NRC78)] 67 03 7F 31 78 FF FF FF
15:03:47.141 [RX SF (after NRC78)] 67 03 7F 31 78 FF FF FF
15:03:47.150 [RX SF (after NRC78)] 67 03 7F 31 78 FF FF FF
15:03:47.160 [RX SF (after NRC78)] 67 03 7F 31 78 FF FF FF
15:03:47.170 [RX SF (after NRC78)] 67 03 7F 31 78 FF FF FF
15:03:47.180 [RX SF (after NRC78)] 67 03 7F 31 78 FF FF FF
15:03:47.189 [RX SF (after NRC78)] 67 03 7F 31 78 FF FF FF
15:03:47.199 [RX SF (after NRC78)] 67 03 7F 31 78 FF FF FF
15:03:47.209 [RX SF (after NRC78)] 67 03 7F 31 78 FF FF FF
15:03:47.218 [RX SF (after NRC78)] 67 03 7F 31 78 FF FF FF
15:03:47.228 [RX SF (after NRC78)] 67 03 7F 31 78 FF FF FF
15:03:47.237 [RX SF (after NRC78)] 67 03 7F 31 78 FF FF FF
15:03:47.248 [RX SF (after NRC78)] 67 03 7F 31 78 FF FF FF
15:03:47.258 [RX SF (after NRC78)] 67 03 7F 31 78 FF FF FF
15:03:47.268 [RX SF (after NRC78)] 67 03 7F 31 78 FF FF FF
15:03:47.278 [RX SF (after NRC78)] 67 03 7F 31 78 FF FF FF
15:03:47.289 [RX SF (after NRC78)] 67 03 7F 31 78 FF FF FF
15:03:47.300 [RX SF (after NRC78)] 67 03 7F 31 78 FF FF FF
15:03:47.308 [RX SF (after NRC78)] 67 03 7F 31 78 FF FF FF
15:03:47.318 [RX SF (after NRC78)] 67 03 7F 31 78 FF FF FF
15:03:47.326 [RX SF (after NRC78)] 67 03 7F 31 78 FF FF FF
15:03:47.336 [RX SF (after NRC78)] 67 03 7F 31 78 FF FF FF
15:03:47.345 [RX SF (after NRC78)] 67 03 7F 31 78 FF FF FF
15:03:47.354 [RX SF (after NRC78)] 67 03 7F 31 78 FF FF FF
15:03:47.363 [RX SF (after NRC78)] 67 03 7F 31 78 FF FF FF
15:03:47.373 [RX SF (after NRC78)] 67 03 7F 31 78 FF FF FF
15:03:47.384 [RX SF (after NRC78)] 67 03 7F 31 78 FF FF FF
15:03:47.393 [RX SF (after NRC78)] 67 03 7F 31 78 FF FF FF
15:03:47.403 [RX SF (after NRC78)] 67 03 7F 31 78 FF FF FF
15:03:47.412 [RX SF (after NRC78)] 67 03 7F 31 78 FF FF FF
15:03:47.422 [RX SF (after NRC78)] 67 03 7F 31 78 FF FF FF
15:03:47.433 [RX SF (after NRC78)] 67 03 7F 31 78 FF FF FF
15:03:47.443 [RX SF (after NRC78)] 67 03 7F 31 78 FF FF FF
15:03:47.453 [RX SF (after NRC78)] 67 03 7F 31 78 FF FF FF
15:03:47.464 [RX SF (after NRC78)] 67 03 7F 31 78 FF FF FF
15:03:47.472 [RX SF (after NRC78)] 67 03 7F 31 78 FF FF FF
15:03:47.480 [RX SF (after NRC78)] 67 03 7F 31 78 FF FF FF
15:03:47.489 [RX SF (after NRC78)] 67 03 7F 31 78 FF FF FF
15:03:47.500 [RX SF (after NRC78)] 67 03 7F 31 78 FF FF FF
15:03:47.508 [RX SF (after NRC78)] 67 03 7F 31 78 FF FF FF
15:03:47.519 [RX SF (after NRC78)] 67 03 7F 31 78 FF FF FF
15:03:47.528 [RX SF (after NRC78)] 67 03 7F 31 78 FF FF FF
15:03:47.537 [RX SF (after NRC78)] 67 03 7F 31 78 FF FF FF
15:03:47.546 [RX SF (after NRC78)] 67 03 7F 31 78 FF FF FF
15:03:47.557 [RX SF (after NRC78)] 67 03 7F 31 78 FF FF FF
15:03:47.568 [RX SF (after NRC78)] 67 03 7F 31 78 FF FF FF
15:03:47.578 [RX SF (after NRC78)] 67 03 7F 31 78 FF FF FF
15:03:47.587 [RX SF (after NRC78)] 67 03 7F 31 78 FF FF FF
15:03:47.597 [RX SF (after NRC78)] 67 03 7F 31 78 FF FF FF
15:03:47.606 [RX SF (after NRC78)] 67 03 7F 31 78 FF FF FF
15:03:47.615 [RX SF (after NRC78)] 67 03 7F 31 78 FF FF FF
15:03:47.626 [RX SF (after NRC78)] 67 03 7F 31 78 FF FF FF
15:03:47.637 [RX SF (after NRC78)] 67 03 7F 31 78 FF FF FF
15:03:47.648 [RX SF (after NRC78)] 67 03 7F 31 78 FF FF FF
15:03:47.658 [RX SF (after NRC78)] 67 03 7F 31 78 FF FF FF
15:03:47.666 [RX SF (after NRC78)] 67 03 7F 31 78 FF FF FF
15:03:47.674 [RX SF (after NRC78)] 67 03 7F 31 78 FF FF FF
15:03:47.682 [RX SF (after NRC78)] 67 03 7F 31 78 FF FF FF
15:03:47.690 [RX SF (after NRC78)] 67 05 71 01 FF 00 10 FF
15:03:47.691 [RX    ] 71 01 FF 00 10
15:03:47.691 [PASS  ] EraseMemory positive response | expected: 71 ... | received: 71 01 FF 00 10
15:03:47.691 [INFO  ] Erase routine status: 0x10
15:03:47.691 ------------------------------------------------------------------------
15:03:47.691 [STEP  ] 0x34 – RequestDownload  addr=0x00038BC0  len=0x00000032  fmt=0x10
15:03:47.692 [TX RequestDownload] 34 10 44 00 03 8B C0 00 00 00 32
15:03:47.692 [TX FF ] 67 10 0B 34 10 44 00 03
15:03:47.703 [TX CF1] 67 21 8B C0 00 00 00 32
15:03:47.721 [RX SF ] 67 04 74 20 07 FA FF FF
15:03:47.722 [RX    ] 74 20 07 FA
15:03:47.722 [PASS  ] RequestDownload positive response | expected: 74 ... | received: 74 20 07 FA
15:03:47.722 [INFO  ] ECU max block size: 0x7FA (2042) bytes
15:03:47.722 ------------------------------------------------------------------------
15:03:47.723 [STEP  ] 0x36 block=1  offset=0/50 (prepare TC36-B)
15:03:47.723 [TX TransferData block=1 len=50] 36 01 80 00 10 80 80 20 E0 00 50 81 70 2C 1B FA...
15:03:47.724 [TX FF ] 67 10 34 36 01 80 00 10
15:03:47.734 [TX CF1] 67 21 80 80 20 E0 00 50
15:03:47.744 [TX CF2] 67 22 81 70 2C 1B FA E6
15:03:47.755 [TX CF3] 67 23 D6 6F E5 F3 CC 3E
15:03:47.766 [TX CF4] 67 24 72 3C 67 87 81 E6
15:03:47.777 [TX CF5] 67 25 BA FE B0 BB 5E 65
15:03:47.788 [TX CF6] 67 26 DA F7 6D D4 77 32
15:03:47.799 [TX CF7] 67 27 FF CC 4E 53 1F A5
15:03:47.810 [TX CF8] 67 28 AC FE 76 E0 00 FF
15:03:47.831 [RX SF ] 67 02 76 01 FF FF FF FF
15:03:47.831 [RX    ] 76 01
15:03:47.832 [PASS  ] TransferData block=1 | expected: 76 ... | received: 76 01
15:03:47.843 ------------------------------------------------------------------------
15:03:47.843 [STEP  ] 0x37 – NRC 0x13 incorrectMessageLength (37+extra byte, transfer complete) [TC36-B]
15:03:47.843 [TX TransferExit length=2 (extra byte, complete transfer)] 37 00
15:03:47.844 [TX SF ] 67 02 37 00 FF FF FF FF
15:03:47.865 [RX SF ] 67 03 7F 37 13 FF FF FF
15:03:47.865 [RX    ] 7F 37 13
15:03:47.866 [PASS  ] NRC 0x13 incorrectMessageLength | expected: 7F 37 13 | received: 7F 37 13
15:03:47.866 [INFO  ] --- TC36-C NRC 0x72: generalProgrammingFailure (37 after partial 36) ---
15:03:47.866 ------------------------------------------------------------------------
15:03:47.867 [STEP  ] 0x10 02 – Switch to Programming Session
15:03:47.867 [TX DiagnosticSessionControl programmingSession] 10 02
15:03:47.867 [TX SF ] 67 02 10 02 FF FF FF FF
15:03:47.888 [RX SF ] 67 06 50 02 00 32 01 F4
15:03:47.888 [RX    ] 50 02 00 32 01 F4
15:03:47.889 [PASS  ] ProgrammingSession positive response | expected: 50 ... | received: 50 02 00 32 01 F4
15:03:47.889 ------------------------------------------------------------------------
15:03:47.889 [STEP  ] 0x27 01 – SecurityAccess: Request Seed
15:03:47.889 [TX SecurityAccess requestSeed] 27 01
15:03:47.890 [TX SF ] 67 02 27 01 FF FF FF FF
15:03:47.912 [RX FF ] 67 10 12 67 01 ED 2A 57
15:03:47.921 [RX CF1] 67 21 44 08 07 A2 9F E9
15:03:47.931 [RX CF2] 67 22 ED DD 28 19 FC 83
15:03:47.942 [RX CF3] 67 23 26 FF FF FF FF FF
15:03:47.942 [RX    ] 67 01 ED 2A 57 44 08 07 A2 9F E9 ED DD 28 19 FC 83 26
15:03:47.943 [PASS  ] Seed request positive response | expected: 67 ... | received: 67 01 ED 2A 57 44 08 07 A2 9F E9 ED DD 28 19 FC 83 26
15:03:47.943 [INFO  ] Seed received: ED 2A 57 44 08 07 A2 9F E9 ED DD 28 19 FC 83 26
15:03:47.943 ------------------------------------------------------------------------
15:03:47.943 [STEP  ] 0x27 02 – SecurityAccess: Send Key
15:03:47.943 [TX SecurityAccess sendKey] 27 02 21 51 CB D8 06 B2 26 90 BE 83 62 04 D7 93 C5 A9
15:03:47.944 [TX FF ] 67 10 12 27 02 21 51 CB
15:03:47.955 [TX CF1] 67 21 D8 06 B2 26 90 BE
15:03:47.967 [TX CF2] 67 22 83 62 04 D7 93 C5
15:03:47.977 [TX CF3] 67 23 A9 FF FF FF FF FF
15:03:47.996 [RX SF ] 67 02 67 02 FF FF FF FF
15:03:47.996 [RX    ] 67 02
15:03:47.997 [PASS  ] Key accepted positive response | expected: 67 ... | received: 67 02
15:03:47.997 ------------------------------------------------------------------------
15:03:47.997 [STEP  ] 0x31 01 FF00 – EraseMemory @ 0x0000C000 len=0x0002D000
15:03:47.998 [TX RoutineControl EraseMemory] 31 01 FF 00 00 00 C0 00 00 02 D0 00
15:03:47.999 [TX FF ] 67 10 0C 31 01 FF 00 00
15:03:48.010 [TX CF1] 67 21 00 C0 00 00 02 D0
15:03:48.021 [TX CF2] 67 22 00 FF FF FF FF FF
15:03:48.043 [RX SF ] 67 03 7F 31 78 FF FF FF
15:03:48.043 [INFO  ] NRC 0x78 – ResponsePending, waiting P2*...
15:03:48.052 [RX SF (after NRC78)] 67 03 7F 31 78 FF FF FF
15:03:48.063 [RX SF (after NRC78)] 67 03 7F 31 78 FF FF FF
15:03:48.072 [RX SF (after NRC78)] 67 03 7F 31 78 FF FF FF
15:03:48.080 [RX SF (after NRC78)] 67 03 7F 31 78 FF FF FF
15:03:48.090 [RX SF (after NRC78)] 67 03 7F 31 78 FF FF FF
15:03:48.099 [RX SF (after NRC78)] 67 03 7F 31 78 FF FF FF
15:03:48.108 [RX SF (after NRC78)] 67 03 7F 31 78 FF FF FF
15:03:48.117 [RX SF (after NRC78)] 67 03 7F 31 78 FF FF FF
15:03:48.127 [RX SF (after NRC78)] 67 03 7F 31 78 FF FF FF
15:03:48.136 [RX SF (after NRC78)] 67 03 7F 31 78 FF FF FF
15:03:48.147 [RX SF (after NRC78)] 67 03 7F 31 78 FF FF FF
15:03:48.157 [RX SF (after NRC78)] 67 03 7F 31 78 FF FF FF
15:03:48.167 [RX SF (after NRC78)] 67 03 7F 31 78 FF FF FF
15:03:48.176 [RX SF (after NRC78)] 67 03 7F 31 78 FF FF FF
15:03:48.185 [RX SF (after NRC78)] 67 03 7F 31 78 FF FF FF
15:03:48.194 [RX SF (after NRC78)] 67 03 7F 31 78 FF FF FF
15:03:48.203 [RX SF (after NRC78)] 67 03 7F 31 78 FF FF FF
15:03:48.214 [RX SF (after NRC78)] 67 03 7F 31 78 FF FF FF
15:03:48.223 [RX SF (after NRC78)] 67 03 7F 31 78 FF FF FF
15:03:48.233 [RX SF (after NRC78)] 67 03 7F 31 78 FF FF FF
15:03:48.242 [RX SF (after NRC78)] 67 03 7F 31 78 FF FF FF
15:03:48.250 [RX SF (after NRC78)] 67 03 7F 31 78 FF FF FF
15:03:48.260 [RX SF (after NRC78)] 67 03 7F 31 78 FF FF FF
15:03:48.270 [RX SF (after NRC78)] 67 03 7F 31 78 FF FF FF
15:03:48.279 [RX SF (after NRC78)] 67 03 7F 31 78 FF FF FF
15:03:48.290 [RX SF (after NRC78)] 67 03 7F 31 78 FF FF FF
15:03:48.301 [RX SF (after NRC78)] 67 03 7F 31 78 FF FF FF
15:03:48.310 [RX SF (after NRC78)] 67 03 7F 31 78 FF FF FF
15:03:48.319 [RX SF (after NRC78)] 67 03 7F 31 78 FF FF FF
15:03:48.329 [RX SF (after NRC78)] 67 03 7F 31 78 FF FF FF
15:03:48.339 [RX SF (after NRC78)] 67 03 7F 31 78 FF FF FF
15:03:48.350 [RX SF (after NRC78)] 67 03 7F 31 78 FF FF FF
15:03:48.358 [RX SF (after NRC78)] 67 03 7F 31 78 FF FF FF
15:03:48.368 [RX SF (after NRC78)] 67 03 7F 31 78 FF FF FF
15:03:48.377 [RX SF (after NRC78)] 67 03 7F 31 78 FF FF FF
15:03:48.386 [RX SF (after NRC78)] 67 03 7F 31 78 FF FF FF
15:03:48.395 [RX SF (after NRC78)] 67 03 7F 31 78 FF FF FF
15:03:48.406 [RX SF (after NRC78)] 67 03 7F 31 78 FF FF FF
15:03:48.415 [RX SF (after NRC78)] 67 03 7F 31 78 FF FF FF
15:03:48.425 [RX SF (after NRC78)] 67 03 7F 31 78 FF FF FF
15:03:48.435 [RX SF (after NRC78)] 67 03 7F 31 78 FF FF FF
15:03:48.445 [RX SF (after NRC78)] 67 03 7F 31 78 FF FF FF
15:03:48.454 [RX SF (after NRC78)] 67 03 7F 31 78 FF FF FF
15:03:48.465 [RX SF (after NRC78)] 67 03 7F 31 78 FF FF FF
15:03:48.475 [RX SF (after NRC78)] 67 03 7F 31 78 FF FF FF
15:03:48.485 [RX SF (after NRC78)] 67 03 7F 31 78 FF FF FF
15:03:48.496 [RX SF (after NRC78)] 67 03 7F 31 78 FF FF FF
15:03:48.505 [RX SF (after NRC78)] 67 03 7F 31 78 FF FF FF
15:03:48.514 [RX SF (after NRC78)] 67 03 7F 31 78 FF FF FF
15:03:48.523 [RX SF (after NRC78)] 67 03 7F 31 78 FF FF FF
15:03:48.533 [RX SF (after NRC78)] 67 03 7F 31 78 FF FF FF
15:03:48.543 [RX SF (after NRC78)] 67 03 7F 31 78 FF FF FF
15:03:48.554 [RX SF (after NRC78)] 67 03 7F 31 78 FF FF FF
15:03:48.564 [RX SF (after NRC78)] 67 03 7F 31 78 FF FF FF
15:03:48.575 [RX SF (after NRC78)] 67 03 7F 31 78 FF FF FF
15:03:48.585 [RX SF (after NRC78)] 67 03 7F 31 78 FF FF FF
15:03:48.596 [RX SF (after NRC78)] 67 03 7F 31 78 FF FF FF
15:03:48.607 [RX SF (after NRC78)] 67 03 7F 31 78 FF FF FF
15:03:48.616 [RX SF (after NRC78)] 67 03 7F 31 78 FF FF FF
15:03:48.626 [RX SF (after NRC78)] 67 03 7F 31 78 FF FF FF
15:03:48.636 [RX SF (after NRC78)] 67 03 7F 31 78 FF FF FF
15:03:48.645 [RX SF (after NRC78)] 67 03 7F 31 78 FF FF FF
15:03:48.654 [RX SF (after NRC78)] 67 03 7F 31 78 FF FF FF
15:03:48.662 [RX SF (after NRC78)] 67 03 7F 31 78 FF FF FF
15:03:48.673 [RX SF (after NRC78)] 67 03 7F 31 78 FF FF FF
15:03:48.682 [RX SF (after NRC78)] 67 03 7F 31 78 FF FF FF
15:03:48.693 [RX SF (after NRC78)] 67 03 7F 31 78 FF FF FF
15:03:48.702 [RX SF (after NRC78)] 67 03 7F 31 78 FF FF FF
15:03:48.712 [RX SF (after NRC78)] 67 03 7F 31 78 FF FF FF
15:03:48.722 [RX SF (after NRC78)] 67 03 7F 31 78 FF FF FF
15:03:48.733 [RX SF (after NRC78)] 67 03 7F 31 78 FF FF FF
15:03:48.744 [RX SF (after NRC78)] 67 03 7F 31 78 FF FF FF
15:03:48.753 [RX SF (after NRC78)] 67 03 7F 31 78 FF FF FF
15:03:48.763 [RX SF (after NRC78)] 67 03 7F 31 78 FF FF FF
15:03:48.772 [RX SF (after NRC78)] 67 03 7F 31 78 FF FF FF
15:03:48.781 [RX SF (after NRC78)] 67 05 71 01 FF 00 10 FF
15:03:48.781 [RX    ] 71 01 FF 00 10
15:03:48.782 [PASS  ] EraseMemory positive response | expected: 71 ... | received: 71 01 FF 00 10
15:03:48.782 [INFO  ] Erase routine status: 0x10
15:03:48.783 ------------------------------------------------------------------------
15:03:48.783 [STEP  ] 0x34 – RequestDownload  addr=0x0000C000  len=0x0000B0C6  fmt=0x10
15:03:48.784 [TX RequestDownload] 34 10 44 00 00 C0 00 00 00 B0 C6
15:03:48.784 [TX FF ] 67 10 0B 34 10 44 00 00
15:03:48.795 [TX CF1] 67 21 C0 00 00 00 B0 C6
15:03:48.814 [RX SF ] 67 04 74 20 07 FA FF FF
15:03:48.814 [RX    ] 74 20 07 FA
15:03:48.815 [PASS  ] RequestDownload positive response | expected: 74 ... | received: 74 20 07 FA
15:03:48.815 [INFO  ] ECU max block size: 0x7FA (2042) bytes
15:03:48.815 ------------------------------------------------------------------------
15:03:48.816 [STEP  ] 0x36 block=1  offset=0 (partial, prepare TC36-C)
15:03:48.816 [TX TransferData block=1 len=2040] 36 01 C0 45 A4 12 0F EC F6 03 00 9A D0 C0 38 4C...
15:03:48.816 [TX FF ] 67 17 FA 36 01 C0 45 A4
15:03:48.827 [TX CF1] 67 21 12 0F EC F6 03 00
15:03:48.838 [TX CF2] 67 22 9A D0 C0 38 4C 40
15:03:48.850 [TX CF3] 67 23 50 81 0F 04 32 03
15:03:48.862 [TX CF4] 67 24 68 16 96 A6 82 02
15:03:48.873 [TX CF5] 67 25 D3 73 C7 06 E1 E9
15:03:48.884 [TX CF6] 67 26 E7 03 74 09 AD 9D
15:03:48.897 [TX CF7] 67 27 EB 83 74 D6 84 AD
15:03:48.908 [TX CF8] 67 28 D2 85 A5 0E A5 0F
15:03:48.920 [TX CF9] 67 29 F8 85 B0 C7 84 61
15:03:48.930 [TX CF10] 67 2A 09 B4 23 7C 4F 78
15:03:48.941 [TX CF11] 67 2B AF CB E4 48 01 84
15:03:48.952 [TX CF12] 67 2C 60 1B 0E 50 61 2C
15:03:48.962 [TX CF13] 67 2D 02 03 02 81 C1 20
15:03:48.974 [TX CF14] 67 2E B0 68 3C 06 03 05
15:03:48.985 [TX CF15] 67 2F 1B 40 35 86 05 05
15:03:48.997 [TX CF0] 67 20 1C 24 37 C2 07 03
15:03:49.009 [TX CF1] 67 21 82 8E A0 1C C2 35
15:03:49.019 [TX CF2] 67 22 40 78 90 EF 08 30
15:03:49.029 [TX CF3] 67 23 CF 18 2C 00 7C 84
15:03:49.040 [TX CF4] 67 24 1C 7D 90 FB 02 02
15:03:49.052 [TX CF5] 67 25 23 1C 3C F1 D0 86
15:03:49.064 [TX CF6] 67 26 1F 52 1C 3F 72 1C
15:03:49.075 [TX CF7] 67 27 21 EC 24 30 0F C9
15:03:49.086 [TX CF8] 67 28 16 18 9C 78 5F 84
15:03:49.096 [TX CF9] 67 29 EC 91 0C 0A 01 20
15:03:49.108 [TX CF10] 67 2A 80 4F 49 10 D7 C9
15:03:49.120 [TX CF11] 67 2B 70 E4 C9 30 C0 C9
15:03:49.131 [TX CF12] 67 2C 00 40 32 A4 C8 76
15:03:49.142 [TX CF13] 67 2D A4 F8 7A A4 D8 60
15:03:49.153 [TX CF14] 67 2E 90 08 94 03 AE 50
15:03:49.163 [TX CF15] 67 2F 87 FE 51 86 3F 1F
15:03:49.173 [TX CF0] 67 20 28 E0 41 0A 42 55
15:03:49.184 [TX CF1] 67 21 86 62 57 86 AA 57
15:03:49.195 [TX CF2] 67 22 84 7F 84 CE 01 57
15:03:49.207 [TX CF3] 67 23 2C 43 5B 2D C3 5D
15:03:49.218 [TX CF4] 67 24 2C C2 40 42 64 4C
15:03:49.228 [TX CF5] 67 25 00 B9 0D 8C BF 0D
15:03:49.238 [TX CF6] 67 26 94 AB 08 C6 1A 01
15:03:49.250 [TX CF7] 67 27 8B 08 41 8C 08 24
15:03:49.261 [TX CF8] 67 28 30 C9 84 0C C8 01
15:03:49.272 [TX CF9] 67 29 69 0C 00 2F 49 04
15:03:49.284 [TX CF10] 67 2A 20 95 09 9F 23 16
15:03:49.296 [TX CF11] 67 2B 83 70 21 A6 CC 20
15:03:49.307 [TX CF12] 67 2C 26 5C 21 46 68 20
15:03:49.318 [TX CF13] 67 2D 43 E4 A0 1A A3 72
15:03:49.330 [TX CF14] 67 2E 04 6C 0C 50 4D 0D
15:03:49.343 [TX CF15] 67 2F 08 48 2C 87 28 66
15:03:49.353 [TX CF0] 67 20 1F 01 E0 1C 8E 09
15:03:49.365 [TX CF1] 67 21 5B 09 64 4C E7 84
15:03:49.375 [TX CF2] 67 22 9B E1 83 81 76 0E
15:03:49.386 [TX CF3] 67 23 B0 99 D3 37 A6 79
15:03:49.398 [TX CF4] 67 24 12 02 7A A4 DF 17
15:03:49.410 [TX CF5] 67 25 40 EB 0F 71 03 0F
15:03:49.422 [TX CF6] 67 26 2E B3 F1 EF 20 12
15:03:49.433 [TX CF7] 67 27 DC 15 00 FF F5 7B
15:03:49.447 [TX CF8] 67 28 90 5E 5D 46 D5 B4
15:03:49.460 [TX CF9] 67 29 89 CF 6B 90 8C 8D
15:03:49.470 [TX CF10] 67 2A 12 BB FE DD 9F 12
15:03:49.481 [TX CF11] 67 2B 29 20 71 C4 E9 01
15:03:49.493 [TX CF12] 67 2C 8B 13 46 06 AC 0B
15:03:49.504 [TX CF13] 67 2D 18 54 0D 68 47 F9
15:03:49.515 [TX CF14] 67 2E 10 04 82 88 F4 0D
15:03:49.526 [TX CF15] 67 2F 38 C5 09 40 70 22
15:03:49.537 [TX CF0] 67 20 58 88 9F D2 03 0C
15:03:49.549 [TX CF1] 67 21 2F 42 8F 43 40 93
15:03:49.559 [TX CF2] 67 22 05 1B 80 D9 04 62
15:03:49.570 [TX CF3] 67 23 30 24 6B E9 1B D2
15:03:49.581 [TX CF4] 67 24 BE 4B 0E F0 27 F1
15:03:49.593 [TX CF5] 67 25 88 49 D4 10 28 D0
15:03:49.605 [TX CF6] 67 26 96 40 50 B8 74 A0
15:03:49.615 [TX CF7] 67 27 8A 8C 15 5A 2A 10
15:03:49.626 [TX CF8] 67 28 54 24 5E C3 AD 01
15:03:49.637 [TX CF9] 67 29 57 61 FE 57 C2 7B
15:03:49.647 [TX CF10] 67 2A 96 09 2A 56 20 A7
15:03:49.659 [TX CF11] 67 2B 06 19 01 E3 0C D3
15:03:49.671 [TX CF12] 67 2C 4D 81 60 33 A7 24
15:03:49.683 [TX CF13] 67 2D 45 43 03 3B 42 33
15:03:49.694 [TX CF14] 67 2E 8C BC 08 C1 24 FC
15:03:49.706 [TX CF15] 67 2F 51 88 19 D3 01 92
15:03:49.717 [TX CF0] 67 20 4B D5 21 50 49 44
15:03:49.729 [TX CF1] 67 21 45 7F B4 34 64 02
15:03:49.740 [TX CF2] 67 22 E6 56 22 11 05 06
15:03:49.752 [TX CF3] 67 23 11 45 E6 84 A4 22
15:03:49.764 [TX CF4] 67 24 71 08 B3 22 93 94
15:03:49.775 [TX CF5] 67 25 18 6A 02 89 05 3A
15:03:49.787 [TX CF6] 67 26 2B 38 53 08 17 90
15:03:49.799 [TX CF7] 67 27 27 20 7B D4 C4 19
15:03:49.811 [TX CF8] 67 28 AF 08 D5 04 D4 13
15:03:49.822 [TX CF9] 67 29 43 C5 AC 78 06 76
15:03:49.833 [TX CF10] 67 2A 1C 48 4B 5B F6 A0
15:03:49.845 [TX CF11] 67 2B 90 0C 3B 74 B0 1F
15:03:49.855 [TX CF12] 67 2C 76 08 4B 74 46 A2
15:03:49.867 [TX CF13] 67 2D 2E 67 D9 D0 BB F6
15:03:49.877 [TX CF14] 67 2E 31 26 CF D3 00 D0
15:03:49.889 [TX CF15] 67 2F 48 FB DB C6 15 84
15:03:49.900 [TX CF0] 67 20 AF 43 CF C5 98 E2
15:03:49.911 [TX CF1] 67 21 7E 5E 00 C1 74 18
15:03:49.922 [TX CF2] 67 22 0A D7 E3 E0 AB DB
15:03:49.933 [TX CF3] 67 23 7A 01 9F 0A 5E 18
15:03:49.943 [TX CF4] 67 24 D0 20 F8 7A F7 16
15:03:49.954 [TX CF5] 67 25 81 A7 C5 17 BA 74
15:03:49.964 [TX CF6] 67 26 17 3E 32 BD 15 14
15:03:49.974 [TX CF7] 67 27 1B FF 07 2B 20 42
15:03:49.985 [TX CF8] 67 28 80 84 11 07 02 1C
15:03:49.996 [TX CF9] 67 29 50 72 26 70 89 01
15:03:50.007 [TX CF10] 67 2A 1A 28 49 1F 38 57
15:03:50.018 [TX CF11] 67 2B 74 93 14 2C 86 9C
15:03:50.030 [TX CF12] 67 2C 32 28 4C 88 DA 81
15:03:50.040 [TX CF13] 67 2D 38 28 71 0D 08 11
15:03:50.051 [TX CF14] 67 2E 40 08 7E 30 A2 14
15:03:50.063 [TX CF15] 67 2F 42 04 52 8A 23 99
15:03:50.073 [TX CF0] 67 20 2A 05 12 88 95 62
15:03:50.085 [TX CF1] 67 21 89 95 53 56 A0 58
15:03:50.095 [TX CF2] 67 22 8A 2A 41 C0 A2 8B
15:03:50.107 [TX CF3] 67 23 4F 26 6A 0D 24 22
15:03:50.117 [TX CF4] 67 24 C1 8C A8 C3 B0 61
15:03:50.128 [TX CF5] 67 25 46 00 19 F0 C4 D7
15:03:50.139 [TX CF6] 67 26 B1 2C E2 1F 74 73
15:03:50.151 [TX CF7] 67 27 80 BB 03 B6 13 02
15:03:50.162 [TX CF8] 67 28 10 98 41 13 03 0C
15:03:50.172 [TX CF9] 67 29 25 F8 A4 06 0C 07
15:03:50.184 [TX CF10] 67 2A 61 18 92 4D 62 64
15:03:50.195 [TX CF11] 67 2B 3D 9F 84 3D 9C 04
15:03:50.206 [TX CF12] 67 2C 42 12 44 84 D5 A9
15:03:50.218 [TX CF13] 67 2D 82 1C 01 B6 F3 8F
15:03:50.229 [TX CF14] 67 2E B2 08 49 18 11 22
15:03:50.240 [TX CF15] 67 2F 8E 76 9F C1 00 56
15:03:50.251 [TX CF0] 67 20 72 42 D4 0E 69 00
15:03:50.263 [TX CF1] 67 21 E2 50 6A 94 2A 9D
15:03:50.274 [TX CF2] 67 22 5E BF 66 B7 DC AB
15:03:50.286 [TX CF3] 67 23 F5 4A 4D 7E 9B 53
15:03:50.296 [TX CF4] 67 24 A8 53 66 15 FB 3D
15:03:50.307 [TX CF5] 67 25 96 CB 6C BC D7 EE
15:03:50.318 [TX CF6] 67 26 16 FB 9D B6 BF 32
15:03:50.328 [TX CF7] 67 27 98 4C A6 D2 D9 84
15:03:50.339 [TX CF8] 67 28 D2 5B 31 9B 48 26
15:03:50.351 [TX CF9] 67 29 33 09 D4 C6 6A 97
15:03:50.362 [TX CF10] 67 2A C2 6D 80 DA 8E 71
15:03:50.373 [TX CF11] 67 2B F8 4F BF 49 A4 3F
15:03:50.384 [TX CF12] 67 2C DF B4 CE 51 BF EC
15:03:50.395 [TX CF13] 67 2D 02 42 9C 4A 3B FE
15:03:50.407 [TX CF14] 67 2E 4E 61 0E FC 26 D0
15:03:50.418 [TX CF15] 67 2F D8 9A A0 F8 74 BF
15:03:50.429 [TX CF0] 67 20 0A 1C 20 3F A5 16
15:03:50.440 [TX CF1] 67 21 14 5F D5 02 90 A3
15:03:50.451 [TX CF2] 67 22 C2 CC A3 87 61 FC
15:03:50.461 [TX CF3] 67 23 80 EF 6F 89 98 24
15:03:50.472 [TX CF4] 67 24 93 DA 74 06 4B 68
15:03:50.483 [TX CF5] 67 25 A3 41 2E 10 0B C4
15:03:50.495 [TX CF6] 67 26 0E 51 06 EC 2A 70
15:03:50.507 [TX CF7] 67 27 A2 AA A0 D4 D2 63
15:03:50.517 [TX CF8] 67 28 8A 0C 36 89 D8 3C
15:03:50.528 [TX CF9] 67 29 10 19 04 C2 E1 64
15:03:50.539 [TX CF10] 67 2A 8E 78 36 4C 20 3D
15:03:50.551 [TX CF11] 67 2B BD BB 9E F5 32 84
15:03:50.563 [TX CF12] 67 2C CD 4A 05 A2 67 4A
15:03:50.575 [TX CF13] 67 2D C4 C6 20 36 05 32
15:03:50.587 [TX CF14] 67 2E 16 F5 1C 12 15 7E
15:03:50.599 [TX CF15] 67 2F 0A 54 29 1F 95 3A
15:03:50.609 [TX CF0] 67 20 11 0D AE 9E 41 2E
15:03:50.621 [TX CF1] 67 21 A4 C2 2C 0B AC 94
15:03:50.632 [TX CF2] 67 22 78 41 FF AB CC 21
15:03:50.644 [TX CF3] 67 23 EB D8 62 FF A9 5D
15:03:50.656 [TX CF4] 67 24 32 41 78 80 CA 20
15:03:50.667 [TX CF5] 67 25 FD 1F 1D E3 45 78
15:03:50.678 [TX CF6] 67 26 D0 E2 2C 0C 08 13
15:03:50.688 [TX CF7] 67 27 E0 26 C0 65 E1 70
15:03:50.699 [TX CF8] 67 28 60 21 02 94 42 7A
15:03:50.711 [TX CF9] 67 29 2C 34 A3 3F AF 06
15:03:50.722 [TX CF10] 67 2A 01 8E A4 83 02 C4
15:03:50.733 [TX CF11] 67 2B CA 20 B3 07 81 46
15:03:50.744 [TX CF12] 67 2C 66 A1 02 F8 79 17
15:03:50.754 [TX CF13] 67 2D 20 AC D0 67 21 94
15:03:50.765 [TX CF14] 67 2E 53 80 9B 81 9E 2C
15:03:50.777 [TX CF15] 67 2F B3 FC D0 43 55 FE
15:03:50.788 [TX CF0] 67 20 53 21 C7 FD AE 50
15:03:50.800 [TX CF1] 67 21 89 32 30 69 83 8C
15:03:50.812 [TX CF2] 67 22 4E 01 28 82 74 5A
15:03:50.824 [TX CF3] 67 23 F8 5E BF 6D 9C 30
15:03:50.834 [TX CF4] 67 24 CD A8 37 AB 7C 1B
15:03:50.845 [TX CF5] 67 25 78 43 A9 0A AC 28
15:03:50.856 [TX CF6] 67 26 11 EC 05 07 81 43
15:03:50.868 [TX CF7] 67 27 E0 43 EE 14 75 D2
15:03:50.879 [TX CF8] 67 28 10 75 E0 2E 14 9C
15:03:50.891 [TX CF9] 67 29 08 42 5B B0 5A 1C
15:03:50.901 [TX CF10] 67 2A 08 70 38 02 D4 1C
15:03:50.912 [TX CF11] 67 2B B0 32 E0 B4 45 18
15:03:50.924 [TX CF12] 67 2C A0 78 8C E8 11 D0
15:03:50.935 [TX CF13] 67 2D 88 83 F0 84 4C 5D
15:03:50.946 [TX CF14] 67 2E 38 79 A2 6E 6C 20
15:03:50.957 [TX CF15] 67 2F 6E B8 64 15 07 56
15:03:50.967 [TX CF0] 67 20 0E 34 19 F8 42 8C
15:03:50.979 [TX CF1] 67 21 29 2E 01 94 35 81
15:03:50.989 [TX CF2] 67 22 77 68 B7 CA 42 F1
15:03:51.001 [TX CF3] 67 23 8D E1 84 D9 EA 0C
15:03:51.012 [TX CF4] 67 24 C1 EC 05 A2 83 18
15:03:51.023 [TX CF5] 67 25 A2 5A 2C 50 8C 54
15:03:51.034 [TX CF6] 67 26 63 07 68 F2 41 E0
15:03:51.044 [TX CF7] 67 27 9D 5A 65 1A 37 19
15:03:51.055 [TX CF8] 67 28 80 F8 16 18 31 B0
15:03:51.067 [TX CF9] 67 29 C8 D0 A0 7D 08 65
15:03:51.079 [TX CF10] 67 2A E2 C9 B2 56 E0 FD
15:03:51.090 [TX CF11] 67 2B 42 19 30 98 6F 61
15:03:51.102 [TX CF12] 67 2C B7 80 06 11 DB 85
15:03:51.114 [TX CF13] 67 2D 6D 5C 04 B3 DF D4
15:03:51.124 [TX CF14] 67 2E B2 47 BE FD 5F 77
15:03:51.135 [TX CF15] 67 2F 9F ED B5 C1 EC 20
15:03:51.146 [TX CF0] 67 20 C4 74 28 D0 9C 4D
15:03:51.157 [TX CF1] 67 21 00 C6 86 41 5F 85
15:03:51.169 [TX CF2] 67 22 A4 12 05 F2 01 29
15:03:51.181 [TX CF3] 67 23 AD 74 74 D4 98 4D
15:03:51.192 [TX CF4] 67 24 A4 18 84 17 A1 10
15:03:51.204 [TX CF5] 67 25 91 43 26 30 3C C0
15:03:51.216 [TX CF6] 67 26 07 06 CE 16 C6 A8
15:03:51.228 [TX CF7] 67 27 12 58 1E 65 2E 04
15:03:51.239 [TX CF8] 67 28 0F 35 12 C6 63 16
15:03:51.251 [TX CF9] 67 29 B0 65 A0 59 06 B6
15:03:51.262 [TX CF10] 67 2A 10 29 0E 76 95 11
15:03:51.273 [TX CF11] 67 2B AA 4E 7C 10 82 74
15:03:51.285 [TX CF12] 67 2C 30 08 EC 4A 0B 12
15:03:51.296 [TX CF13] 67 2D 86 E4 1F E0 74 F0
15:03:51.307 [TX CF14] 67 2E 54 28 0F 4B 11 0F
15:03:51.318 [TX CF15] 67 2F 97 74 5C E0 10 B1
15:03:51.330 [TX CF0] 67 20 86 C9 23 01 E4 20
15:03:51.341 [TX CF1] 67 21 30 59 77 42 01 99
15:03:51.351 [TX CF2] 67 22 C6 50 A5 7D 2E 04
15:03:51.361 [TX CF3] 67 23 06 80 50 83 E1 05
15:03:51.373 [TX CF4] 67 24 FC 82 10 F7 F4 1C
15:03:51.384 [TX CF5] 67 25 E0 70 4D 30 43 C4
15:03:51.395 [TX CF6] 67 26 6A 5A BF 18 CA 4E
15:03:51.406 [TX CF7] 67 27 22 85 E5 E8 4C 6D
15:03:51.418 [TX CF8] 67 28 12 2B 44 0B 37 00
15:03:51.429 [TX CF9] 67 29 95 F5 7A 10 B8 5E
15:03:51.440 [TX CF10] 67 2A 7A 0D B6 87 65 E0
15:03:51.451 [TX CF11] 67 2B 7B F8 76 FA 85 0A
15:03:51.462 [TX CF12] 67 2C E8 60 C1 B0 57 20
15:03:51.474 [TX CF13] 67 2D 72 98 27 6A 03 99
15:03:51.486 [TX CF14] 67 2E C1 40 31 35 80 62
15:03:51.497 [TX CF15] 67 2F 1C 1E 8C 02 4B CE
15:03:51.509 [TX CF0] 67 20 F3 E6 E0 D9 B8 74
15:03:51.521 [TX CF1] 67 21 FE 57 F0 E8 6F BC
15:03:51.532 [TX CF2] 67 22 F0 1C F4 02 5B 45
15:03:51.544 [TX CF3] 67 23 E8 04 10 58 00 12
15:03:51.555 [TX CF4] 67 24 C2 13 8C A2 46 15
15:03:51.566 [TX CF5] 67 25 88 41 EF 90 AF 04
15:03:51.576 [TX CF6] 67 26 0E 45 02 F0 64 E8
15:03:51.588 [TX CF7] 67 27 5F BE 94 16 45 08
15:03:51.598 [TX CF8] 67 28 8C 40 AE 21 E6 A5
15:03:51.610 [TX CF9] 67 29 E2 18 E5 82 31 77
15:03:51.622 [TX CF10] 67 2A BF 82 D4 02 5F 24
15:03:51.633 [TX CF11] 67 2B 5F 8B 40 A8 36 58
15:03:51.644 [TX CF12] 67 2C 17 18 C4 E8 11 03
15:03:51.655 [TX CF13] 67 2D FE 0B 02 77 09 94
15:03:51.667 [TX CF14] 67 2E 62 23 76 5B A1 60
15:03:51.677 [TX CF15] 67 2F A5 44 02 A0 5C 7B
15:03:51.688 [TX CF0] 67 20 1E 7E 65 82 BB 49
15:03:51.700 [TX CF1] 67 21 85 5E 26 71 88 D5
15:03:51.711 [TX CF2] 67 22 DA 55 68 0D 25 12
15:03:51.721 [TX CF3] 67 23 8E C8 ED 11 B8 2C
15:03:51.732 [TX CF4] 67 24 6E 1B 9A A1 71 7A
15:03:51.742 [TX CF5] 67 25 50 49 17 1B CF 05
15:03:51.754 [TX CF6] 67 26 D8 12 20 F9 ED 20
15:03:51.766 [TX CF7] 67 27 12 22 8E 15 6A 64
15:03:51.778 [TX CF8] 67 28 8E 01 7F 92 DB A8
15:03:51.789 [TX CF9] 67 29 D3 5B 85 B6 8C E4
15:03:51.800 [TX CF10] 67 2A 80 7A 04 16 D1 0F
15:03:51.811 [TX CF11] 67 2B 90 6B A1 96 FA 34
15:03:51.822 [TX CF12] 67 2C FE F1 37 A0 18 70
15:03:51.833 [TX CF13] 67 2D BB 5E 36 F4 28 3F
15:03:51.843 [TX CF14] 67 2E 42 DB 0E 94 50 22
15:03:51.854 [TX CF15] 67 2F 51 80 1A 11 B8 EC
15:03:51.867 [TX CF0] 67 20 0A 53 ED E9 8F 90
15:03:51.878 [TX CF1] 67 21 B5 BF 20 BC E2 60
15:03:51.890 [TX CF2] 67 22 16 1A C4 24 9B 84
15:03:51.902 [TX CF3] 67 23 39 DB 86 0C 39 07
15:03:51.913 [TX CF4] 67 24 6B A0 0A 03 C1 43
15:03:51.924 [TX CF5] 67 25 A4 60 36 5F 6D E3
15:03:51.935 [TX CF6] 67 26 93 0F C6 D4 32 02
15:03:51.945 [TX CF7] 67 27 A1 09 02 DE 16 6E
15:03:51.957 [TX CF8] 67 28 0D 8C 24 1D 09 45
15:03:51.969 [TX CF9] 67 29 A2 7C 2A 06 03 D0
15:03:51.980 [TX CF10] 67 2A 81 49 25 3E 09 46
15:03:51.991 [TX CF11] 67 2B 26 41 28 0E 61 05
15:03:52.002 [TX CF12] 67 2C 92 49 3C 13 7A 7C
15:03:52.012 [TX CF13] 67 2D 06 46 50 42 3D 21
15:03:52.022 [TX CF14] 67 2E 94 40 1B 58 61 7F
15:03:52.033 [TX CF15] 67 2F BE 9C 59 E7 28 19
15:03:52.044 [TX CF0] 67 20 0F 0F 04 D2 9C 7B
15:03:52.055 [TX CF1] 67 21 C3 03 19 C4 EC 90
15:03:52.067 [TX CF2] 67 22 08 0E D0 3B 69 01
15:03:52.077 [TX CF3] 67 23 E8 C0 64 90 C5 7C
15:03:52.087 [TX CF4] 67 24 07 F0 50 9C 04 50
15:03:52.099 [TX CF5] 67 25 B5 FF 75 28 20 60
15:03:52.109 [TX CF6] 67 26 1D 08 21 D8 08 07
15:03:52.120 [TX CF7] 67 27 CB 7A 0E 42 01 D1
15:03:52.132 [TX CF8] 67 28 3A 25 01 95 30 50
15:03:52.143 [TX CF9] 67 29 85 0A E0 A5 96 F0
15:03:52.155 [TX CF10] 67 2A 90 22 40 91 7F FE
15:03:52.166 [TX CF11] 67 2B FD EF F7 C5 23 04
15:03:52.176 [TX CF12] 67 2C 96 35 4F 05 21 0C
15:03:52.188 [TX CF13] 67 2D 79 C1 26 48 60 97
15:03:52.198 [TX CF14] 67 2E 43 61 FF 44 21 02
15:03:52.208 [TX CF15] 67 2F E8 CE 2F 08 84 7A
15:03:52.219 [TX CF0] 67 20 01 24 20 DE 0F E5
15:03:52.231 [TX CF1] 67 21 82 7C AA 82 45 21
15:03:52.243 [TX CF2] 67 22 72 E1 98 4D E1 C7
15:03:52.254 [TX CF3] 67 23 FF 48 31 3C 08 E7
15:03:52.266 [TX CF4] 67 24 06 92 47 82 C9 18
15:03:52.278 [TX CF5] 67 25 46 61 E7 E8 26 10
15:03:52.289 [TX CF6] 67 26 98 6D 1D F9 28 50
15:03:52.301 [TX CF7] 67 27 BF C8 E1 94 C9 2D
15:03:52.311 [TX CF8] 67 28 A2 5B 68 D6 C3 23
15:03:52.321 [TX CF9] 67 29 B4 0C 6D 09 3A 86
15:03:52.332 [TX CF10] 67 2A 41 1A 05 61 3F 82
15:03:52.343 [TX CF11] 67 2B 5B 0B 2A AC 39 5D
15:03:52.355 [TX CF12] 67 2C 03 17 42 FA F4 26
15:03:52.366 [TX CF13] 67 2D 07 40 54 40 6B 1D
15:03:52.377 [TX CF14] 67 2E 90 EC 16 90 FF D3
15:03:52.388 [TX CF15] 67 2F 90 40 20 9C 27 2E
15:03:52.398 [TX CF0] 67 20 1C BA CF C7 BD E0
15:03:52.409 [TX CF1] 67 21 5B 43 F1 DA E3 36
15:03:52.420 [TX CF2] 67 22 00 AC A9 17 08 E4
15:03:52.432 [TX CF3] 67 23 86 09 A8 69 A1 2B
15:03:52.443 [TX CF4] 67 24 FE C0 E4 3A 7A 42
15:03:52.454 [TX CF5] 67 25 F7 09 3F F7 FF 22
15:03:52.468 [TX CF6] 67 26 5F 61 A6 5F C3 24
15:03:52.478 [TX CF7] 67 27 FE E9 5C 80 1D A0
15:03:52.490 [TX CF8] 67 28 28 C1 20 D2 38 A0
15:03:52.500 [TX CF9] 67 29 B8 31 50 D1 D2 20
15:03:52.512 [TX CF10] 67 2A 36 15 7A 0B D4 13
15:03:52.524 [TX CF11] 67 2B 78 64 3F F0 CC C1
15:03:52.536 [TX CF12] 67 2C DF 08 32 7C 0B 46
15:03:52.547 [TX CF13] 67 2D 22 0F 03 1A C0 C8
15:03:52.557 [TX CF14] 67 2E 0F 0C B9 82 49 9C
15:03:52.569 [TX CF15] 67 2F 63 81 90 81 37 20
15:03:52.580 [TX CF0] 67 20 C8 41 35 B9 8A 74
15:03:52.591 [TX CF1] 67 21 07 31 07 21 41 20
15:03:52.603 [TX CF2] 67 22 91 78 2F 22 C0 2D
15:03:52.614 [TX CF3] 67 23 1D 28 04 4A 1F 92
15:03:52.625 [TX CF4] 67 24 1A 05 1D FF FF FF
15:03:52.647 [RX SF ] 67 02 76 01 FF FF FF FF
15:03:52.648 [RX    ] 76 01
15:03:52.648 [PASS  ] TransferData block=1 | expected: 76 ... | received: 76 01
15:03:52.649 ------------------------------------------------------------------------
15:03:52.649 [STEP  ] 0x37 – NRC 0x24 requestSequenceError (37 after partial 36) [TC36-C]
15:03:52.650 [TX TransferExit after partial transfer (incomplete)] 37
15:03:52.650 [TX SF ] 67 01 37 FF FF FF FF FF
15:03:52.671 [RX SF ] 67 03 7F 37 24 FF FF FF
15:03:52.671 [RX    ] 7F 37 24
15:03:52.672 [PASS  ] NRC 0x24 requestSequenceError (incomplete transfer, ECU returns 0x24 not 0x72) | expected: 7F 37 24 | received: 7F 37 24
15:03:52.672 [INFO  ] --- TC35 Positive Test: TransferExit (block 1, nominal) ---
15:03:52.673 ------------------------------------------------------------------------
15:03:52.674 [STEP  ] 0x10 02 – Switch to Programming Session
15:03:52.674 [TX DiagnosticSessionControl programmingSession] 10 02
15:03:52.675 [TX SF ] 67 02 10 02 FF FF FF FF
15:03:52.694 [RX SF ] 67 06 50 02 00 32 01 F4
15:03:52.695 [RX    ] 50 02 00 32 01 F4
15:03:52.695 [PASS  ] ProgrammingSession positive response | expected: 50 ... | received: 50 02 00 32 01 F4
15:03:52.696 ------------------------------------------------------------------------
15:03:52.696 [STEP  ] 0x27 01 – SecurityAccess: Request Seed
15:03:52.696 [TX SecurityAccess requestSeed] 27 01
15:03:52.697 [TX SF ] 67 02 27 01 FF FF FF FF
15:03:52.718 [RX FF ] 67 10 12 67 01 E2 D8 7D
15:03:52.727 [RX CF1] 67 21 79 F2 53 AD 91 1B
15:03:52.739 [RX CF2] 67 22 5D 41 5E CA 6A 51
15:03:52.748 [RX CF3] 67 23 D6 FF FF FF FF FF
15:03:52.749 [RX    ] 67 01 E2 D8 7D 79 F2 53 AD 91 1B 5D 41 5E CA 6A 51 D6
15:03:52.749 [PASS  ] Seed request positive response | expected: 67 ... | received: 67 01 E2 D8 7D 79 F2 53 AD 91 1B 5D 41 5E CA 6A 51 D6
15:03:52.749 [INFO  ] Seed received: E2 D8 7D 79 F2 53 AD 91 1B 5D 41 5E CA 6A 51 D6
15:03:52.750 ------------------------------------------------------------------------
15:03:52.750 [STEP  ] 0x27 02 – SecurityAccess: Send Key
15:03:52.751 [TX SecurityAccess sendKey] 27 02 08 08 96 D3 66 9E 1B 5A EB BD 7A 02 F5 37 58 0F
15:03:52.752 [TX FF ] 67 10 12 27 02 08 08 96
15:03:52.763 [TX CF1] 67 21 D3 66 9E 1B 5A EB
15:03:52.774 [TX CF2] 67 22 BD 7A 02 F5 37 58
15:03:52.786 [TX CF3] 67 23 0F FF FF FF FF FF
15:03:52.806 [RX SF ] 67 02 67 02 FF FF FF FF
15:03:52.807 [RX    ] 67 02
15:03:52.807 [PASS  ] Key accepted positive response | expected: 67 ... | received: 67 02
15:03:52.808 ------------------------------------------------------------------------
15:03:52.808 [STEP  ] 0x31 01 FF00 – EraseMemory @ 0x0000C000 len=0x0002D000
15:03:52.808 [TX RoutineControl EraseMemory] 31 01 FF 00 00 00 C0 00 00 02 D0 00
15:03:52.809 [TX FF ] 67 10 0C 31 01 FF 00 00
15:03:52.821 [TX CF1] 67 21 00 C0 00 00 02 D0
15:03:52.832 [TX CF2] 67 22 00 FF FF FF FF FF
15:03:52.853 [RX SF ] 67 03 7F 31 78 FF FF FF
15:03:52.854 [INFO  ] NRC 0x78 – ResponsePending, waiting P2*...
15:03:52.866 [RX SF (after NRC78)] 67 03 7F 31 78 FF FF FF
15:03:52.875 [RX SF (after NRC78)] 67 03 7F 31 78 FF FF FF
15:03:52.885 [RX SF (after NRC78)] 67 03 7F 31 78 FF FF FF
15:03:52.896 [RX SF (after NRC78)] 67 03 7F 31 78 FF FF FF
15:03:52.907 [RX SF (after NRC78)] 67 03 7F 31 78 FF FF FF
15:03:52.918 [RX SF (after NRC78)] 67 03 7F 31 78 FF FF FF
15:03:52.927 [RX SF (after NRC78)] 67 03 7F 31 78 FF FF FF
15:03:52.936 [RX SF (after NRC78)] 67 03 7F 31 78 FF FF FF
15:03:52.945 [RX SF (after NRC78)] 67 03 7F 31 78 FF FF FF
15:03:52.954 [RX SF (after NRC78)] 67 03 7F 31 78 FF FF FF
15:03:52.964 [RX SF (after NRC78)] 67 03 7F 31 78 FF FF FF
15:03:52.973 [RX SF (after NRC78)] 67 03 7F 31 78 FF FF FF
15:03:52.982 [RX SF (after NRC78)] 67 03 7F 31 78 FF FF FF
15:03:52.991 [RX SF (after NRC78)] 67 03 7F 31 78 FF FF FF
15:03:53.000 [RX SF (after NRC78)] 67 03 7F 31 78 FF FF FF
15:03:53.011 [RX SF (after NRC78)] 67 03 7F 31 78 FF FF FF
15:03:53.022 [RX SF (after NRC78)] 67 03 7F 31 78 FF FF FF
15:03:53.031 [RX SF (after NRC78)] 67 03 7F 31 78 FF FF FF
15:03:53.040 [RX SF (after NRC78)] 67 03 7F 31 78 FF FF FF
15:03:53.048 [RX SF (after NRC78)] 67 03 7F 31 78 FF FF FF
15:03:53.059 [RX SF (after NRC78)] 67 03 7F 31 78 FF FF FF
15:03:53.067 [RX SF (after NRC78)] 67 03 7F 31 78 FF FF FF
15:03:53.078 [RX SF (after NRC78)] 67 03 7F 31 78 FF FF FF
15:03:53.088 [RX SF (after NRC78)] 67 03 7F 31 78 FF FF FF
15:03:53.097 [RX SF (after NRC78)] 67 03 7F 31 78 FF FF FF
15:03:53.106 [RX SF (after NRC78)] 67 03 7F 31 78 FF FF FF
15:03:53.115 [RX SF (after NRC78)] 67 03 7F 31 78 FF FF FF
15:03:53.124 [RX SF (after NRC78)] 67 03 7F 31 78 FF FF FF
15:03:53.134 [RX SF (after NRC78)] 67 03 7F 31 78 FF FF FF
15:03:53.143 [RX SF (after NRC78)] 67 03 7F 31 78 FF FF FF
15:03:53.154 [RX SF (after NRC78)] 67 03 7F 31 78 FF FF FF
15:03:53.164 [RX SF (after NRC78)] 67 03 7F 31 78 FF FF FF
15:03:53.174 [RX SF (after NRC78)] 67 03 7F 31 78 FF FF FF
15:03:53.183 [RX SF (after NRC78)] 67 03 7F 31 78 FF FF FF
15:03:53.192 [RX SF (after NRC78)] 67 03 7F 31 78 FF FF FF
15:03:53.203 [RX SF (after NRC78)] 67 03 7F 31 78 FF FF FF
15:03:53.212 [RX SF (after NRC78)] 67 03 7F 31 78 FF FF FF
15:03:53.221 [RX SF (after NRC78)] 67 03 7F 31 78 FF FF FF
15:03:53.231 [RX SF (after NRC78)] 67 03 7F 31 78 FF FF FF
15:03:53.242 [RX SF (after NRC78)] 67 03 7F 31 78 FF FF FF
15:03:53.251 [RX SF (after NRC78)] 67 03 7F 31 78 FF FF FF
15:03:53.261 [RX SF (after NRC78)] 67 03 7F 31 78 FF FF FF
15:03:53.270 [RX SF (after NRC78)] 67 03 7F 31 78 FF FF FF
15:03:53.279 [RX SF (after NRC78)] 67 03 7F 31 78 FF FF FF
15:03:53.288 [RX SF (after NRC78)] 67 03 7F 31 78 FF FF FF
15:03:53.297 [RX SF (after NRC78)] 67 03 7F 31 78 FF FF FF
15:03:53.306 [RX SF (after NRC78)] 67 03 7F 31 78 FF FF FF
15:03:53.318 [RX SF (after NRC78)] 67 03 7F 31 78 FF FF FF
15:03:53.327 [RX SF (after NRC78)] 67 03 7F 31 78 FF FF FF
15:03:53.336 [RX SF (after NRC78)] 67 03 7F 31 78 FF FF FF
15:03:53.345 [RX SF (after NRC78)] 67 03 7F 31 78 FF FF FF
15:03:53.355 [RX SF (after NRC78)] 67 03 7F 31 78 FF FF FF
15:03:53.365 [RX SF (after NRC78)] 67 03 7F 31 78 FF FF FF
15:03:53.376 [RX SF (after NRC78)] 67 03 7F 31 78 FF FF FF
15:03:53.386 [RX SF (after NRC78)] 67 03 7F 31 78 FF FF FF
15:03:53.397 [RX SF (after NRC78)] 67 03 7F 31 78 FF FF FF
15:03:53.405 [RX SF (after NRC78)] 67 03 7F 31 78 FF FF FF
15:03:53.414 [RX SF (after NRC78)] 67 03 7F 31 78 FF FF FF
15:03:53.424 [RX SF (after NRC78)] 67 03 7F 31 78 FF FF FF
15:03:53.436 [RX SF (after NRC78)] 67 03 7F 31 78 FF FF FF
15:03:53.445 [RX SF (after NRC78)] 67 03 7F 31 78 FF FF FF
15:03:53.457 [RX SF (after NRC78)] 67 03 7F 31 78 FF FF FF
15:03:53.466 [RX SF (after NRC78)] 67 03 7F 31 78 FF FF FF
15:03:53.477 [RX SF (after NRC78)] 67 03 7F 31 78 FF FF FF
15:03:53.489 [RX SF (after NRC78)] 67 03 7F 31 78 FF FF FF
15:03:53.500 [RX SF (after NRC78)] 67 03 7F 31 78 FF FF FF
15:03:53.510 [RX SF (after NRC78)] 67 03 7F 31 78 FF FF FF
15:03:53.521 [RX SF (after NRC78)] 67 03 7F 31 78 FF FF FF
15:03:53.533 [RX SF (after NRC78)] 67 03 7F 31 78 FF FF FF
15:03:53.542 [RX SF (after NRC78)] 67 03 7F 31 78 FF FF FF
15:03:53.552 [RX SF (after NRC78)] 67 03 7F 31 78 FF FF FF
15:03:53.561 [RX SF (after NRC78)] 67 03 7F 31 78 FF FF FF
15:03:53.572 [RX SF (after NRC78)] 67 03 7F 31 78 FF FF FF
15:03:53.581 [RX SF (after NRC78)] 67 03 7F 31 78 FF FF FF
15:03:53.589 [RX SF (after NRC78)] 67 03 7F 31 78 FF FF FF
15:03:53.597 [RX SF (after NRC78)] 67 05 71 01 FF 00 10 FF
15:03:53.598 [RX    ] 71 01 FF 00 10
15:03:53.598 [PASS  ] EraseMemory positive response | expected: 71 ... | received: 71 01 FF 00 10
15:03:53.598 [INFO  ] Erase routine status: 0x10
15:03:53.599 ------------------------------------------------------------------------
15:03:53.599 [STEP  ] 0x34 – RequestDownload  addr=0x00038BC0  len=0x00000032  fmt=0x10
15:03:53.599 [TX RequestDownload] 34 10 44 00 03 8B C0 00 00 00 32
15:03:53.600 [TX FF ] 67 10 0B 34 10 44 00 03
15:03:53.610 [TX CF1] 67 21 8B C0 00 00 00 32
15:03:53.631 [RX SF ] 67 04 74 20 07 FA FF FF
15:03:53.631 [RX    ] 74 20 07 FA
15:03:53.632 [PASS  ] RequestDownload positive response | expected: 74 ... | received: 74 20 07 FA
15:03:53.632 [INFO  ] ECU max block size: 0x7FA (2042) bytes
15:03:53.632 ------------------------------------------------------------------------
15:03:53.632 [STEP  ] 0x36 block=1  offset=0/50
15:03:53.632 [TX TransferData block=1 len=50] 36 01 80 00 10 80 80 20 E0 00 50 81 70 2C 1B FA...
15:03:53.633 [TX FF ] 67 10 34 36 01 80 00 10
15:03:53.643 [TX CF1] 67 21 80 80 20 E0 00 50
15:03:53.654 [TX CF2] 67 22 81 70 2C 1B FA E6
15:03:53.665 [TX CF3] 67 23 D6 6F E5 F3 CC 3E
15:03:53.675 [TX CF4] 67 24 72 3C 67 87 81 E6
15:03:53.686 [TX CF5] 67 25 BA FE B0 BB 5E 65
15:03:53.698 [TX CF6] 67 26 DA F7 6D D4 77 32
15:03:53.708 [TX CF7] 67 27 FF CC 4E 53 1F A5
15:03:53.719 [TX CF8] 67 28 AC FE 76 E0 00 FF
15:03:53.740 [RX SF ] 67 02 76 01 FF FF FF FF
15:03:53.741 [RX    ] 76 01
15:03:53.742 [PASS  ] TransferData block=1 | expected: 76 ... | received: 76 01
15:03:53.754 ------------------------------------------------------------------------
15:03:53.755 [STEP  ] 0x37 – TransferExit
15:03:53.755 [TX TransferExit] 37
15:03:53.756 [TX SF ] 67 01 37 FF FF FF FF FF
15:03:53.777 [RX SF ] 67 01 77 FF FF FF FF FF
15:03:53.777 [RX    ] 77
15:03:53.778 [PASS  ] TransferExit positive response | expected: 77 ... | received: 77
15:03:53.779 [INFO  ] LIN TP transport closed
15:03:53.779 ========================================================================
15:03:53.780 [SUMRY ] PASS=37  FAIL=0  TOTAL=37  ALL PASS
15:03:53.780 ========================================================================
