14:36:13.682 ========================================================================
14:36:13.682 [START ] Script : Service_36
14:36:13.682 [START ] Log    : U:\sandbox_2\TI\01_code\PCAN_LIN\PCAN_LIN\Result\SVVR_Service_36_20260509_143613.log
14:36:13.683 ========================================================================
14:36:13.689 [INFO  ] LIN TP transport open  (hw=1, channel=1, 19200 baud)
14:36:13.695 [INFO  ] ============================================================
14:36:13.696 [INFO  ] Service 0x36 TransferData – Full NRC Test
14:36:13.698 [INFO  ] ============================================================
14:36:13.698 [INFO  ] --- NRC 0x24: requestSequenceError (no prior 34) ---
14:36:13.698 ------------------------------------------------------------------------
14:36:13.698 [STEP  ] 0x10 02 – Switch to Programming Session
14:36:13.698 [TX DiagnosticSessionControl programmingSession] 10 02
14:36:13.699 [TX SF ] 67 02 10 02 FF FF FF FF
14:36:13.717 [RX SF ] 67 06 50 02 00 32 01 F4
14:36:13.717 [RX    ] 50 02 00 32 01 F4
14:36:13.718 [PASS  ] ProgrammingSession positive response | expected: 50 ... | received: 50 02 00 32 01 F4
14:36:13.718 ------------------------------------------------------------------------
14:36:13.718 [STEP  ] 0x27 01 – SecurityAccess: Request Seed
14:36:13.718 [TX SecurityAccess requestSeed] 27 01
14:36:13.719 [TX SF ] 67 02 27 01 FF FF FF FF
14:36:13.742 [RX FF ] 67 10 12 67 01 97 AD 98
14:36:13.753 [RX CF1] 67 21 B0 22 6F 9A 1F DD
14:36:13.763 [RX CF2] 67 22 55 4D 02 06 05 D1
14:36:13.775 [RX CF3] 67 23 A9 FF FF FF FF FF
14:36:13.775 [RX    ] 67 01 97 AD 98 B0 22 6F 9A 1F DD 55 4D 02 06 05 D1 A9
14:36:13.776 [PASS  ] Seed request positive response | expected: 67 ... | received: 67 01 97 AD 98 B0 22 6F 9A 1F DD 55 4D 02 06 05 D1 A9
14:36:13.776 [INFO  ] Seed received: 97 AD 98 B0 22 6F 9A 1F DD 55 4D 02 06 05 D1 A9
14:36:13.777 ------------------------------------------------------------------------
14:36:13.777 [STEP  ] 0x27 02 – SecurityAccess: Send Key
14:36:13.836 [TX SecurityAccess sendKey] 27 02 98 CD 63 DE 7F C4 07 85 E6 01 79 51 BE B6 09 40
14:36:13.837 [TX FF ] 67 10 12 27 02 98 CD 63
14:36:13.849 [TX CF1] 67 21 DE 7F C4 07 85 E6
14:36:13.861 [TX CF2] 67 22 01 79 51 BE B6 09
14:36:13.874 [TX CF3] 67 23 40 FF FF FF FF FF
14:36:13.896 [RX SF ] 67 02 67 02 FF FF FF FF
14:36:13.897 [RX    ] 67 02
14:36:13.897 [PASS  ] Key accepted positive response | expected: 67 ... | received: 67 02
14:36:13.897 ------------------------------------------------------------------------
14:36:13.898 [STEP  ] 0x36 – NRC 0x24 requestSequenceError (no prior 34)
14:36:13.898 [TX TransferData block=1 (no prior RequestDownload)] 36 01 FF
14:36:13.899 [TX SF ] 67 03 36 01 FF FF FF FF
14:36:13.918 [RX SF ] 67 03 7F 36 24 FF FF FF
14:36:13.918 [RX    ] 7F 36 24
14:36:13.919 [PASS  ] NRC 0x24 requestSequenceError | expected: 7F 36 24 | received: 7F 36 24
14:36:13.919 ------------------------------------------------------------------------
14:36:13.920 [STEP  ] 0x10 02 – Switch to Programming Session
14:36:13.920 [TX DiagnosticSessionControl programmingSession] 10 02
14:36:13.921 [TX SF ] 67 02 10 02 FF FF FF FF
14:36:13.941 [RX SF ] 67 06 50 02 00 32 01 F4
14:36:13.941 [RX    ] 50 02 00 32 01 F4
14:36:13.942 [PASS  ] ProgrammingSession positive response | expected: 50 ... | received: 50 02 00 32 01 F4
14:36:13.942 ------------------------------------------------------------------------
14:36:13.942 [STEP  ] 0x27 01 – SecurityAccess: Request Seed
14:36:13.942 [TX SecurityAccess requestSeed] 27 01
14:36:13.943 [TX SF ] 67 02 27 01 FF FF FF FF
14:36:13.963 [RX FF ] 67 10 12 67 01 6E A8 83
14:36:13.972 [RX CF1] 67 21 A7 69 B4 BD 9C 31
14:36:13.981 [RX CF2] 67 22 3F D3 73 2B 20 64
14:36:13.992 [RX CF3] 67 23 8D FF FF FF FF FF
14:36:13.993 [RX    ] 67 01 6E A8 83 A7 69 B4 BD 9C 31 3F D3 73 2B 20 64 8D
14:36:13.993 [PASS  ] Seed request positive response | expected: 67 ... | received: 67 01 6E A8 83 A7 69 B4 BD 9C 31 3F D3 73 2B 20 64 8D
14:36:13.994 [INFO  ] Seed received: 6E A8 83 A7 69 B4 BD 9C 31 3F D3 73 2B 20 64 8D
14:36:13.994 ------------------------------------------------------------------------
14:36:13.994 [STEP  ] 0x27 02 – SecurityAccess: Send Key
14:36:13.995 [TX SecurityAccess sendKey] 27 02 63 FA 8C 4F 5F 1A 90 49 2A F9 14 85 B1 E8 45 DB
14:36:13.996 [TX FF ] 67 10 12 27 02 63 FA 8C
14:36:14.006 [TX CF1] 67 21 4F 5F 1A 90 49 2A
14:36:14.017 [TX CF2] 67 22 F9 14 85 B1 E8 45
14:36:14.028 [TX CF3] 67 23 DB FF FF FF FF FF
14:36:14.048 [RX SF ] 67 02 67 02 FF FF FF FF
14:36:14.049 [RX    ] 67 02
14:36:14.049 [PASS  ] Key accepted positive response | expected: 67 ... | received: 67 02
14:36:14.049 ------------------------------------------------------------------------
14:36:14.050 [STEP  ] 0x31 01 FF00 – EraseMemory @ 0x0000C000 len=0x0002D000
14:36:14.050 [TX RoutineControl EraseMemory] 31 01 FF 00 00 00 C0 00 00 02 D0 00
14:36:14.051 [TX FF ] 67 10 0C 31 01 FF 00 00
14:36:14.063 [TX CF1] 67 21 00 C0 00 00 02 D0
14:36:14.074 [TX CF2] 67 22 00 FF FF FF FF FF
14:36:14.093 [RX SF ] 67 03 7F 31 78 FF FF FF
14:36:14.094 [INFO  ] NRC 0x78 – ResponsePending, waiting P2*...
14:36:14.103 [RX SF (after NRC78)] 67 03 7F 31 78 FF FF FF
14:36:14.114 [RX SF (after NRC78)] 67 03 7F 31 78 FF FF FF
14:36:14.124 [RX SF (after NRC78)] 67 03 7F 31 78 FF FF FF
14:36:14.133 [RX SF (after NRC78)] 67 03 7F 31 78 FF FF FF
14:36:14.143 [RX SF (after NRC78)] 67 03 7F 31 78 FF FF FF
14:36:14.153 [RX SF (after NRC78)] 67 03 7F 31 78 FF FF FF
14:36:14.162 [RX SF (after NRC78)] 67 03 7F 31 78 FF FF FF
14:36:14.172 [RX SF (after NRC78)] 67 03 7F 31 78 FF FF FF
14:36:14.181 [RX SF (after NRC78)] 67 03 7F 31 78 FF FF FF
14:36:14.190 [RX SF (after NRC78)] 67 03 7F 31 78 FF FF FF
14:36:14.200 [RX SF (after NRC78)] 67 03 7F 31 78 FF FF FF
14:36:14.208 [RX SF (after NRC78)] 67 03 7F 31 78 FF FF FF
14:36:14.219 [RX SF (after NRC78)] 67 03 7F 31 78 FF FF FF
14:36:14.229 [RX SF (after NRC78)] 67 03 7F 31 78 FF FF FF
14:36:14.240 [RX SF (after NRC78)] 67 03 7F 31 78 FF FF FF
14:36:14.249 [RX SF (after NRC78)] 67 03 7F 31 78 FF FF FF
14:36:14.257 [RX SF (after NRC78)] 67 03 7F 31 78 FF FF FF
14:36:14.267 [RX SF (after NRC78)] 67 03 7F 31 78 FF FF FF
14:36:14.277 [RX SF (after NRC78)] 67 03 7F 31 78 FF FF FF
14:36:14.289 [RX SF (after NRC78)] 67 03 7F 31 78 FF FF FF
14:36:14.299 [RX SF (after NRC78)] 67 03 7F 31 78 FF FF FF
14:36:14.308 [RX SF (after NRC78)] 67 03 7F 31 78 FF FF FF
14:36:14.318 [RX SF (after NRC78)] 67 03 7F 31 78 FF FF FF
14:36:14.327 [RX SF (after NRC78)] 67 03 7F 31 78 FF FF FF
14:36:14.336 [RX SF (after NRC78)] 67 03 7F 31 78 FF FF FF
14:36:14.347 [RX SF (after NRC78)] 67 03 7F 31 78 FF FF FF
14:36:14.355 [RX SF (after NRC78)] 67 03 7F 31 78 FF FF FF
14:36:14.364 [RX SF (after NRC78)] 67 03 7F 31 78 FF FF FF
14:36:14.373 [RX SF (after NRC78)] 67 03 7F 31 78 FF FF FF
14:36:14.382 [RX SF (after NRC78)] 67 03 7F 31 78 FF FF FF
14:36:14.391 [RX SF (after NRC78)] 67 03 7F 31 78 FF FF FF
14:36:14.400 [RX SF (after NRC78)] 67 03 7F 31 78 FF FF FF
14:36:14.409 [RX SF (after NRC78)] 67 03 7F 31 78 FF FF FF
14:36:14.418 [RX SF (after NRC78)] 67 03 7F 31 78 FF FF FF
14:36:14.428 [RX SF (after NRC78)] 67 03 7F 31 78 FF FF FF
14:36:14.439 [RX SF (after NRC78)] 67 03 7F 31 78 FF FF FF
14:36:14.450 [RX SF (after NRC78)] 67 03 7F 31 78 FF FF FF
14:36:14.460 [RX SF (after NRC78)] 67 03 7F 31 78 FF FF FF
14:36:14.469 [RX SF (after NRC78)] 67 03 7F 31 78 FF FF FF
14:36:14.478 [RX SF (after NRC78)] 67 03 7F 31 78 FF FF FF
14:36:14.488 [RX SF (after NRC78)] 67 03 7F 31 78 FF FF FF
14:36:14.499 [RX SF (after NRC78)] 67 03 7F 31 78 FF FF FF
14:36:14.509 [RX SF (after NRC78)] 67 03 7F 31 78 FF FF FF
14:36:14.518 [RX SF (after NRC78)] 67 03 7F 31 78 FF FF FF
14:36:14.527 [RX SF (after NRC78)] 67 03 7F 31 78 FF FF FF
14:36:14.536 [RX SF (after NRC78)] 67 03 7F 31 78 FF FF FF
14:36:14.546 [RX SF (after NRC78)] 67 03 7F 31 78 FF FF FF
14:36:14.557 [RX SF (after NRC78)] 67 03 7F 31 78 FF FF FF
14:36:14.567 [RX SF (after NRC78)] 67 03 7F 31 78 FF FF FF
14:36:14.576 [RX SF (after NRC78)] 67 03 7F 31 78 FF FF FF
14:36:14.589 [RX SF (after NRC78)] 67 03 7F 31 78 FF FF FF
14:36:14.598 [RX SF (after NRC78)] 67 03 7F 31 78 FF FF FF
14:36:14.609 [RX SF (after NRC78)] 67 03 7F 31 78 FF FF FF
14:36:14.619 [RX SF (after NRC78)] 67 03 7F 31 78 FF FF FF
14:36:14.628 [RX SF (after NRC78)] 67 03 7F 31 78 FF FF FF
14:36:14.637 [RX SF (after NRC78)] 67 03 7F 31 78 FF FF FF
14:36:14.647 [RX SF (after NRC78)] 67 03 7F 31 78 FF FF FF
14:36:14.658 [RX SF (after NRC78)] 67 03 7F 31 78 FF FF FF
14:36:14.669 [RX SF (after NRC78)] 67 03 7F 31 78 FF FF FF
14:36:14.679 [RX SF (after NRC78)] 67 03 7F 31 78 FF FF FF
14:36:14.688 [RX SF (after NRC78)] 67 03 7F 31 78 FF FF FF
14:36:14.697 [RX SF (after NRC78)] 67 03 7F 31 78 FF FF FF
14:36:14.706 [RX SF (after NRC78)] 67 03 7F 31 78 FF FF FF
14:36:14.715 [RX SF (after NRC78)] 67 03 7F 31 78 FF FF FF
14:36:14.726 [RX SF (after NRC78)] 67 03 7F 31 78 FF FF FF
14:36:14.737 [RX SF (after NRC78)] 67 03 7F 31 78 FF FF FF
14:36:14.746 [RX SF (after NRC78)] 67 03 7F 31 78 FF FF FF
14:36:14.755 [RX SF (after NRC78)] 67 03 7F 31 78 FF FF FF
14:36:14.764 [RX SF (after NRC78)] 67 03 7F 31 78 FF FF FF
14:36:14.772 [RX SF (after NRC78)] 67 03 7F 31 78 FF FF FF
14:36:14.782 [RX SF (after NRC78)] 67 03 7F 31 78 FF FF FF
14:36:14.792 [RX SF (after NRC78)] 67 03 7F 31 78 FF FF FF
14:36:14.801 [RX SF (after NRC78)] 67 03 7F 31 78 FF FF FF
14:36:14.810 [RX SF (after NRC78)] 67 03 7F 31 78 FF FF FF
14:36:14.821 [RX SF (after NRC78)] 67 03 7F 31 78 FF FF FF
14:36:14.853 [RX SF (after NRC78)] 67 05 71 01 FF 00 10 FF
14:36:14.853 [RX    ] 71 01 FF 00 10
14:36:14.854 [PASS  ] EraseMemory positive response | expected: 71 ... | received: 71 01 FF 00 10
14:36:14.854 [INFO  ] Erase routine status: 0x10
14:36:14.855 ------------------------------------------------------------------------
14:36:14.855 [STEP  ] 0x34 – RequestDownload  addr=0x00038BC0  len=0x00000032  fmt=0x10
14:36:14.855 [TX RequestDownload] 34 10 44 00 03 8B C0 00 00 00 32
14:36:14.856 [TX FF ] 67 10 0B 34 10 44 00 03
14:36:14.868 [TX CF1] 67 21 8B C0 00 00 00 32
14:36:14.888 [RX SF ] 67 04 74 20 07 FA FF FF
14:36:14.888 [RX    ] 74 20 07 FA
14:36:14.889 [PASS  ] RequestDownload positive response | expected: 74 ... | received: 74 20 07 FA
14:36:14.889 [INFO  ] ECU max block size: 0x7FA (2042) bytes
14:36:14.890 [INFO  ] --- NRC 0x13: incorrectMessageLength (SID only) ---
14:36:14.890 ------------------------------------------------------------------------
14:36:14.890 [STEP  ] 0x36 – NRC 0x13 incorrectMessageLength (SID only, 1 byte)
14:36:14.890 [TX TransferData length=1 (too short, no seq/data)] 36
14:36:14.891 [TX SF ] 67 01 36 FF FF FF FF FF
14:36:14.910 [RX SF ] 67 03 7F 36 13 FF FF FF
14:36:14.911 [RX    ] 7F 36 13
14:36:14.911 [PASS  ] NRC 0x13 for length=1 | expected: 7F 36 13 | received: 7F 36 13
14:36:14.911 [INFO  ] --- NRC 0x73: wrongBlockSequenceCounter ---
14:36:14.912 ------------------------------------------------------------------------
14:36:14.912 [STEP  ] 0x36 – NRC 0x73 wrongBlockSequenceCounter (seq=0xFF instead of 0x01)
14:36:14.913 [TX TransferData wrong seq=0xFF] 36 FF FF
14:36:14.913 [TX SF ] 67 03 36 FF FF FF FF FF
14:36:14.933 [RX SF ] 67 03 7F 36 73 FF FF FF
14:36:14.933 [RX    ] 7F 36 73
14:36:14.934 [PASS  ] NRC 0x73 wrongBlockSequenceCounter | expected: 7F 36 73 | received: 7F 36 73
14:36:14.934 [INFO  ] --- Send block=1 (valid), then NRC 0x71: transferDataSuspended ---
14:36:14.934 ------------------------------------------------------------------------
14:36:14.934 [STEP  ] 0x36 block=1  offset=0 (valid, prepare for NRC 0x24 seq jump)
14:36:14.934 [TX TransferData block=1 len=50] 36 01 80 00 10 80 80 20 E0 00 50 81 70 2C 1B FA...
14:36:14.935 [TX FF ] 67 10 34 36 01 80 00 10
14:36:14.946 [TX CF1] 67 21 80 80 20 E0 00 50
14:36:14.957 [TX CF2] 67 22 81 70 2C 1B FA E6
14:36:14.968 [TX CF3] 67 23 D6 6F E5 F3 CC 3E
14:36:14.979 [TX CF4] 67 24 72 3C 67 87 81 E6
14:36:14.989 [TX CF5] 67 25 BA FE B0 BB 5E 65
14:36:15.000 [TX CF6] 67 26 DA F7 6D D4 77 32
14:36:15.012 [TX CF7] 67 27 FF CC 4E 53 1F A5
14:36:15.023 [TX CF8] 67 28 AC FE 76 E0 00 FF
14:36:15.042 [RX SF ] 67 02 76 01 FF FF FF FF
14:36:15.042 [RX    ] 76 01
14:36:15.043 [PASS  ] TransferData block=1 | expected: 76 ... | received: 76 01
14:36:15.043 ------------------------------------------------------------------------
14:36:15.043 [STEP  ] 0x36 – NRC 0x24 requestSequenceError (seq jump to 0xF7 after seq=1)
14:36:15.043 [TX TransferData seq jump 0xF7] 36 F7 FF
14:36:15.044 [TX SF ] 67 03 36 F7 FF FF FF FF
14:36:15.065 [RX SF ] 67 03 7F 36 24 FF FF FF
14:36:15.065 [RX    ] 7F 36 24
14:36:15.066 [PASS  ] NRC 0x24 requestSequenceError (seq jump) | expected: 7F 36 24 | received: 7F 36 24
14:36:15.066 ------------------------------------------------------------------------
14:36:15.066 [STEP  ] 0x37 – TransferExit
14:36:15.066 [TX TransferExit] 37
14:36:15.067 [TX SF ] 67 01 37 FF FF FF FF FF
14:36:15.086 [RX SF ] 67 01 77 FF FF FF FF FF
14:36:15.087 [RX    ] 77
14:36:15.087 [PASS  ] TransferExit positive response | expected: 77 ... | received: 77
14:36:15.087 [INFO  ] --- Positive Test: TransferData (block 1, nominal) ---
14:36:15.088 ------------------------------------------------------------------------
14:36:15.088 [STEP  ] 0x10 02 – Switch to Programming Session
14:36:15.089 [TX DiagnosticSessionControl programmingSession] 10 02
14:36:15.089 [TX SF ] 67 02 10 02 FF FF FF FF
14:36:15.111 [RX SF ] 67 06 50 02 00 32 01 F4
14:36:15.112 [RX    ] 50 02 00 32 01 F4
14:36:15.112 [PASS  ] ProgrammingSession positive response | expected: 50 ... | received: 50 02 00 32 01 F4
14:36:15.113 ------------------------------------------------------------------------
14:36:15.113 [STEP  ] 0x27 01 – SecurityAccess: Request Seed
14:36:15.113 [TX SecurityAccess requestSeed] 27 01
14:36:15.114 [TX SF ] 67 02 27 01 FF FF FF FF
14:36:15.134 [RX FF ] 67 10 12 67 01 35 2A F4
14:36:15.143 [RX CF1] 67 21 25 8C 07 1A A9 39
14:36:15.152 [RX CF2] 67 22 0C 66 CB 09 90 37
14:36:15.161 [RX CF3] 67 23 49 FF FF FF FF FF
14:36:15.162 [RX    ] 67 01 35 2A F4 25 8C 07 1A A9 39 0C 66 CB 09 90 37 49
14:36:15.162 [PASS  ] Seed request positive response | expected: 67 ... | received: 67 01 35 2A F4 25 8C 07 1A A9 39 0C 66 CB 09 90 37 49
14:36:15.163 [INFO  ] Seed received: 35 2A F4 25 8C 07 1A A9 39 0C 66 CB 09 90 37 49
14:36:15.163 ------------------------------------------------------------------------
14:36:15.163 [STEP  ] 0x27 02 – SecurityAccess: Send Key
14:36:15.164 [TX SecurityAccess sendKey] 27 02 5E B4 EF 9E 5B B0 12 DF C9 38 CD 52 1A 48 F8 CF
14:36:15.164 [TX FF ] 67 10 12 27 02 5E B4 EF
14:36:15.175 [TX CF1] 67 21 9E 5B B0 12 DF C9
14:36:15.185 [TX CF2] 67 22 38 CD 52 1A 48 F8
14:36:15.197 [TX CF3] 67 23 CF FF FF FF FF FF
14:36:15.218 [RX SF ] 67 02 67 02 FF FF FF FF
14:36:15.218 [RX    ] 67 02
14:36:15.219 [PASS  ] Key accepted positive response | expected: 67 ... | received: 67 02
14:36:15.219 ------------------------------------------------------------------------
14:36:15.219 [STEP  ] 0x31 01 FF00 – EraseMemory @ 0x0000C000 len=0x0002D000
14:36:15.220 [TX RoutineControl EraseMemory] 31 01 FF 00 00 00 C0 00 00 02 D0 00
14:36:15.220 [TX FF ] 67 10 0C 31 01 FF 00 00
14:36:15.231 [TX CF1] 67 21 00 C0 00 00 02 D0
14:36:15.241 [TX CF2] 67 22 00 FF FF FF FF FF
14:36:15.259 [RX SF ] 67 03 7F 31 78 FF FF FF
14:36:15.259 [INFO  ] NRC 0x78 – ResponsePending, waiting P2*...
14:36:15.268 [RX SF (after NRC78)] 67 03 7F 31 78 FF FF FF
14:36:15.278 [RX SF (after NRC78)] 67 03 7F 31 78 FF FF FF
14:36:15.288 [RX SF (after NRC78)] 67 03 7F 31 78 FF FF FF
14:36:15.299 [RX SF (after NRC78)] 67 03 7F 31 78 FF FF FF
14:36:15.308 [RX SF (after NRC78)] 67 03 7F 31 78 FF FF FF
14:36:15.318 [RX SF (after NRC78)] 67 03 7F 31 78 FF FF FF
14:36:15.328 [RX SF (after NRC78)] 67 03 7F 31 78 FF FF FF
14:36:15.339 [RX SF (after NRC78)] 67 03 7F 31 78 FF FF FF
14:36:15.351 [RX SF (after NRC78)] 67 03 7F 31 78 FF FF FF
14:36:15.362 [RX SF (after NRC78)] 67 03 7F 31 78 FF FF FF
14:36:15.372 [RX SF (after NRC78)] 67 03 7F 31 78 FF FF FF
14:36:15.382 [RX SF (after NRC78)] 67 03 7F 31 78 FF FF FF
14:36:15.392 [RX SF (after NRC78)] 67 03 7F 31 78 FF FF FF
14:36:15.401 [RX SF (after NRC78)] 67 03 7F 31 78 FF FF FF
14:36:15.410 [RX SF (after NRC78)] 67 03 7F 31 78 FF FF FF
14:36:15.419 [RX SF (after NRC78)] 67 03 7F 31 78 FF FF FF
14:36:15.427 [RX SF (after NRC78)] 67 03 7F 31 78 FF FF FF
14:36:15.437 [RX SF (after NRC78)] 67 03 7F 31 78 FF FF FF
14:36:15.446 [RX SF (after NRC78)] 67 03 7F 31 78 FF FF FF
14:36:15.456 [RX SF (after NRC78)] 67 03 7F 31 78 FF FF FF
14:36:15.465 [RX SF (after NRC78)] 67 03 7F 31 78 FF FF FF
14:36:15.475 [RX SF (after NRC78)] 67 03 7F 31 78 FF FF FF
14:36:15.484 [RX SF (after NRC78)] 67 03 7F 31 78 FF FF FF
14:36:15.492 [RX SF (after NRC78)] 67 03 7F 31 78 FF FF FF
14:36:15.504 [RX SF (after NRC78)] 67 03 7F 31 78 FF FF FF
14:36:15.513 [RX SF (after NRC78)] 67 03 7F 31 78 FF FF FF
14:36:15.524 [RX SF (after NRC78)] 67 03 7F 31 78 FF FF FF
14:36:15.533 [RX SF (after NRC78)] 67 03 7F 31 78 FF FF FF
14:36:15.541 [RX SF (after NRC78)] 67 03 7F 31 78 FF FF FF
14:36:15.551 [RX SF (after NRC78)] 67 03 7F 31 78 FF FF FF
14:36:15.560 [RX SF (after NRC78)] 67 03 7F 31 78 FF FF FF
14:36:15.570 [RX SF (after NRC78)] 67 03 7F 31 78 FF FF FF
14:36:15.580 [RX SF (after NRC78)] 67 03 7F 31 78 FF FF FF
14:36:15.589 [RX SF (after NRC78)] 67 03 7F 31 78 FF FF FF
14:36:15.600 [RX SF (after NRC78)] 67 03 7F 31 78 FF FF FF
14:36:15.608 [RX SF (after NRC78)] 67 03 7F 31 78 FF FF FF
14:36:15.617 [RX SF (after NRC78)] 67 03 7F 31 78 FF FF FF
14:36:15.628 [RX SF (after NRC78)] 67 03 7F 31 78 FF FF FF
14:36:15.638 [RX SF (after NRC78)] 67 03 7F 31 78 FF FF FF
14:36:15.647 [RX SF (after NRC78)] 67 03 7F 31 78 FF FF FF
14:36:15.656 [RX SF (after NRC78)] 67 03 7F 31 78 FF FF FF
14:36:15.665 [RX SF (after NRC78)] 67 03 7F 31 78 FF FF FF
14:36:15.673 [RX SF (after NRC78)] 67 03 7F 31 78 FF FF FF
14:36:15.682 [RX SF (after NRC78)] 67 03 7F 31 78 FF FF FF
14:36:15.692 [RX SF (after NRC78)] 67 03 7F 31 78 FF FF FF
14:36:15.704 [RX SF (after NRC78)] 67 03 7F 31 78 FF FF FF
14:36:15.713 [RX SF (after NRC78)] 67 03 7F 31 78 FF FF FF
14:36:15.722 [RX SF (after NRC78)] 67 03 7F 31 78 FF FF FF
14:36:15.731 [RX SF (after NRC78)] 67 03 7F 31 78 FF FF FF
14:36:15.742 [RX SF (after NRC78)] 67 03 7F 31 78 FF FF FF
14:36:15.753 [RX SF (after NRC78)] 67 03 7F 31 78 FF FF FF
14:36:15.762 [RX SF (after NRC78)] 67 03 7F 31 78 FF FF FF
14:36:15.771 [RX SF (after NRC78)] 67 03 7F 31 78 FF FF FF
14:36:15.779 [RX SF (after NRC78)] 67 03 7F 31 78 FF FF FF
14:36:15.789 [RX SF (after NRC78)] 67 03 7F 31 78 FF FF FF
14:36:15.800 [RX SF (after NRC78)] 67 03 7F 31 78 FF FF FF
14:36:15.809 [RX SF (after NRC78)] 67 03 7F 31 78 FF FF FF
14:36:15.817 [RX SF (after NRC78)] 67 03 7F 31 78 FF FF FF
14:36:15.825 [RX SF (after NRC78)] 67 03 7F 31 78 FF FF FF
14:36:15.833 [RX SF (after NRC78)] 67 03 7F 31 78 FF FF FF
14:36:15.842 [RX SF (after NRC78)] 67 03 7F 31 78 FF FF FF
14:36:15.851 [RX SF (after NRC78)] 67 03 7F 31 78 FF FF FF
14:36:15.860 [RX SF (after NRC78)] 67 03 7F 31 78 FF FF FF
14:36:15.870 [RX SF (after NRC78)] 67 03 7F 31 78 FF FF FF
14:36:15.879 [RX SF (after NRC78)] 67 03 7F 31 78 FF FF FF
14:36:15.888 [RX SF (after NRC78)] 67 03 7F 31 78 FF FF FF
14:36:15.898 [RX SF (after NRC78)] 67 03 7F 31 78 FF FF FF
14:36:15.907 [RX SF (after NRC78)] 67 03 7F 31 78 FF FF FF
14:36:15.917 [RX SF (after NRC78)] 67 03 7F 31 78 FF FF FF
14:36:15.926 [RX SF (after NRC78)] 67 03 7F 31 78 FF FF FF
14:36:15.937 [RX SF (after NRC78)] 67 03 7F 31 78 FF FF FF
14:36:15.947 [RX SF (after NRC78)] 67 03 7F 31 78 FF FF FF
14:36:15.958 [RX SF (after NRC78)] 67 03 7F 31 78 FF FF FF
14:36:15.969 [RX SF (after NRC78)] 67 03 7F 31 78 FF FF FF
14:36:15.978 [RX SF (after NRC78)] 67 03 7F 31 78 FF FF FF
14:36:15.988 [RX SF (after NRC78)] 67 03 7F 31 78 FF FF FF
14:36:16.020 [RX SF (after NRC78)] 67 05 71 01 FF 00 10 FF
14:36:16.020 [RX    ] 71 01 FF 00 10
14:36:16.021 [PASS  ] EraseMemory positive response | expected: 71 ... | received: 71 01 FF 00 10
14:36:16.022 [INFO  ] Erase routine status: 0x10
14:36:16.022 ------------------------------------------------------------------------
14:36:16.023 [STEP  ] 0x34 – RequestDownload  addr=0x00038BC0  len=0x00000032  fmt=0x10
14:36:16.023 [TX RequestDownload] 34 10 44 00 03 8B C0 00 00 00 32
14:36:16.023 [TX FF ] 67 10 0B 34 10 44 00 03
14:36:16.034 [TX CF1] 67 21 8B C0 00 00 00 32
14:36:16.055 [RX SF ] 67 04 74 20 07 FA FF FF
14:36:16.055 [RX    ] 74 20 07 FA
14:36:16.056 [PASS  ] RequestDownload positive response | expected: 74 ... | received: 74 20 07 FA
14:36:16.056 [INFO  ] ECU max block size: 0x7FA (2042) bytes
14:36:16.056 ------------------------------------------------------------------------
14:36:16.057 [STEP  ] 0x36 block=1  offset=0/50
14:36:16.057 [TX TransferData block=1 len=50] 36 01 80 00 10 80 80 20 E0 00 50 81 70 2C 1B FA...
14:36:16.058 [TX FF ] 67 10 34 36 01 80 00 10
14:36:16.069 [TX CF1] 67 21 80 80 20 E0 00 50
14:36:16.080 [TX CF2] 67 22 81 70 2C 1B FA E6
14:36:16.091 [TX CF3] 67 23 D6 6F E5 F3 CC 3E
14:36:16.103 [TX CF4] 67 24 72 3C 67 87 81 E6
14:36:16.116 [TX CF5] 67 25 BA FE B0 BB 5E 65
14:36:16.127 [TX CF6] 67 26 DA F7 6D D4 77 32
14:36:16.141 [TX CF7] 67 27 FF CC 4E 53 1F A5
14:36:16.153 [TX CF8] 67 28 AC FE 76 E0 00 FF
14:36:16.174 [RX SF ] 67 02 76 01 FF FF FF FF
14:36:16.175 [RX    ] 76 01
14:36:16.176 [PASS  ] TransferData block=1 | expected: 76 ... | received: 76 01
14:36:16.186 ------------------------------------------------------------------------
14:36:16.186 [STEP  ] 0x37 – TransferExit
14:36:16.187 [TX TransferExit] 37
14:36:16.187 [TX SF ] 67 01 37 FF FF FF FF FF
14:36:16.210 [RX SF ] 67 01 77 FF FF FF FF FF
14:36:16.210 [RX    ] 77
14:36:16.211 [PASS  ] TransferExit positive response | expected: 77 ... | received: 77
14:36:16.211 [INFO  ] LIN TP transport closed
14:36:16.212 ========================================================================
14:36:16.212 [SUMRY ] PASS=21  FAIL=0  TOTAL=21  ALL PASS
14:36:16.212 ========================================================================
