11:48:30.540 ========================================================================
11:48:30.541 [START ] Script : Service_3E
11:48:30.541 [START ] Log    : U:\sandbox_2\TI\01_code\PCAN_LIN\PCAN_LIN\Result\SVVR_Service_3E_20260506_114830.log
11:48:30.541 ========================================================================
11:48:30.644 [INFO  ] LIN TP transport open  (hw=1, channel=1, 19200 baud)
11:48:30.644 [INFO  ] ============================================================
11:48:30.645 [INFO  ] Service 0x3E TesterPresent – Full Test
11:48:30.645 [INFO  ] ============================================================
11:48:30.646 ------------------------------------------------------------------------
11:48:30.646 [STEP  ] 0x22 F1 86 – Read Active Diagnostic Session
11:48:30.646 [TX ReadDataByIdentifier activeDiagnosticSession] 22 F1 86
11:48:30.660 [TX SF ] 67 03 22 F1 86 FF FF FF
11:48:30.723 [RX SF ] 67 04 62 F1 86 02 FF FF
11:48:30.724 [RX    ] 62 F1 86 02
11:48:30.724 [INFO  ] Current session: 0x02 (ProgrammingSession)
11:48:30.725 [PASS  ] Read active session OK
11:48:30.725 [INFO  ] --- Positive Test: TesterPresent ---
11:48:30.725 ------------------------------------------------------------------------
11:48:30.725 [STEP  ] 0x3E 00 – TesterPresent: Keep Current Session
11:48:30.726 [TX TesterPresent keepCurrentSession] 3E 00
11:48:30.727 [TX SF ] 67 02 3E 00 FF FF FF FF
11:48:30.757 [RX SF ] 67 02 7E 00 FF FF FF FF
11:48:30.757 [RX    ] 7E 00
11:48:30.758 [PASS  ] TesterPresent positive response 7E 00 | expected: 7E ... | received: 7E 00
11:48:30.858 [INFO  ] --- Suppress Positive Response Test ---
11:48:30.858 ------------------------------------------------------------------------
11:48:30.858 [STEP  ] 0x3E 80 – TesterPresent (suppress positive response)
11:48:30.859 [TX TesterPresent keepCurrentSession suppressPosRsp] 3E 80
11:48:30.859 [TX SF ] 67 02 3E 80 FF FF FF FF
11:48:31.032 [INFO  ] No response received (suppress positive response – expected)
11:48:31.032 [RX    ] (no response)
11:48:31.033 [PASS  ] No response expected (suppress bit set) | expected: (no response) | received: (empty)
11:48:31.135 [INFO  ] --- Negative Test: NRC 0x12 subFunctionNotSupported ---
11:48:31.135 ------------------------------------------------------------------------
11:48:31.135 [STEP  ] 0x3E 22 – NRC 0x12 subFunctionNotSupported
11:48:31.135 [TX TesterPresent subFunction=0x22 (unsupported)] 3E 22
11:48:31.137 [TX SF ] 67 02 3E 22 FF FF FF FF
11:48:31.167 [RX SF ] 67 03 7F 3E 12 FF FF FF
11:48:31.167 [RX    ] 7F 3E 12
11:48:31.167 [PASS  ] NRC 0x12 for sub-function 0x22 | expected: 7F 3E 12 | received: 7F 3E 12
11:48:31.268 [INFO  ] --- Negative Test: NRC 0x13 incorrectMessageLength ---
11:48:31.268 ------------------------------------------------------------------------
11:48:31.268 [STEP  ] 0x3E – NRC 0x13 incorrectMessageLength (length < 2, SID only)
11:48:31.268 [TX TesterPresent length=1 (too short)] 3E
11:48:31.268 [TX SF ] 67 01 3E FF FF FF FF FF
11:48:31.300 [RX SF ] 67 03 7F 3E 13 FF FF FF
11:48:31.300 [RX    ] 7F 3E 13
11:48:31.301 [PASS  ] NRC 0x13 for length=1 (SID only) | expected: 7F 3E 13 | received: 7F 3E 13
11:48:31.301 ------------------------------------------------------------------------
11:48:31.301 [STEP  ] 0x3E F1 84 10 – NRC 0x13 incorrectMessageLength (length > 2)
11:48:31.301 [TX TesterPresent length=4 (too long)] 3E F1 84 10
11:48:31.302 [TX SF ] 67 04 3E F1 84 10 FF FF
11:48:31.332 [RX SF ] 67 03 7F 3E 13 FF FF FF
11:48:31.332 [RX    ] 7F 3E 13
11:48:31.333 [PASS  ] NRC 0x13 for length=4 (too long) | expected: 7F 3E 13 | received: 7F 3E 13
11:48:31.433 [INFO  ] --- Functional Addressing Tests (NAD=0x7E) – no response expected ---
11:48:31.433 ------------------------------------------------------------------------
11:48:31.434 [STEP  ] 0x3E 00 [NAD=7E] – Functional Addressing: TesterPresent (no response)
11:48:31.434 [TX TesterPresent keepCurrentSession (NAD=0x7E)] 3E 00
11:48:31.435 [TX SF ] 7E 02 3E 00 FF FF FF FF
11:48:31.627 [INFO  ] No response received (suppress positive response – expected)
11:48:31.627 [RX    ] (no response)
11:48:31.628 [PASS  ] No response expected for functional TesterPresent 3E 00 | expected: (no response) | received: (empty)
11:48:31.728 ------------------------------------------------------------------------
11:48:31.728 [STEP  ] 0x3E 80 [NAD=7E] – Functional Addressing: TesterPresent suppressPosRsp (no response)
11:48:31.729 [TX TesterPresent suppressPosRsp (NAD=0x7E)] 3E 80
11:48:31.730 [TX SF ] 7E 02 3E 80 FF FF FF FF
11:48:31.918 [INFO  ] No response received (suppress positive response – expected)
11:48:31.918 [RX    ] (no response)
11:48:31.918 [PASS  ] No response expected for functional TesterPresent 3E 80 | expected: (no response) | received: (empty)
11:48:31.938 [INFO  ] LIN TP transport closed
11:48:31.938 ========================================================================
11:48:31.938 [SUMRY ] PASS=8  FAIL=0  TOTAL=8  ALL PASS
11:48:31.939 ========================================================================
