23:23:15.982 ========================================================================
23:23:15.982 [START ] Script : Reprogramming_CAN
23:23:15.982 [START ] Log    : D:\03_project\stm32\f103\01_code\FBL\stm32_Bootload_UDS\doc\01_PCAN_CAN\Result\SVVR_Reprogramming_CAN_20260612_232315.log
23:23:15.982 ========================================================================
23:23:16.071 [INFO  ] Opening PCAN [CAN 2.0] channel=PCAN_USBBUS1 bitrate=500000 tx_id=0x123 rx_id=0x122
23:23:16.329 [INFO  ] CAN TP transport open  (tx=0x123 rx=0x122 CAN 2.0)
23:23:16.330 [INFO  ] ============================================================
23:23:16.330 [INFO  ] CAN ECU Reprogramming START (S19 / uncompressed)
23:23:16.330 [INFO  ] APP file : D:\03_project\stm32\f103\01_code\FBL\stm32_Bootload_UDS\doc\01_PCAN_CAN\APP_files\a.s19
23:23:16.330 [INFO  ] CAN route: TX=0x123 RX=0x122
23:23:16.330 [INFO  ] ============================================================
23:23:16.330 ------------------------------------------------------------------------
23:23:16.330 [STEP  ] Parse S19 APP file
23:23:16.335 [INFO  ] S19 parsed OK
23:23:16.335 [INFO  ]   first_address  : 0x0800C000
23:23:16.335 [INFO  ]   total_size     : 0x00014000 (81920 bytes)
23:23:16.335 [INFO  ]   data_format    : 0x00 (uncompressed)
23:23:16.335 [INFO  ]   erase region   : [('0x800c000', '0x14000')]
23:23:16.335 [INFO  ]   data blocks    : 1
23:23:16.335 [INFO  ]     S19DataBlock(address=0x0800C000, length=0x00014000)
23:23:16.335 [PASS  ] S19 parse OK
23:23:16.335 [INFO  ] --- 1/8 Entering Extended Session ---
23:23:16.335 ------------------------------------------------------------------------
23:23:16.335 [STEP  ] 0x10 03 – Switch to Extended Session
23:23:16.335 [TX DiagnosticSessionControl extendedSession] 10 03
23:23:16.337 [RX    ] 50 03 00 32 01 90
23:23:16.337 [PASS  ] ExtendedSession positive response | expected: 50 ... | received: 50 03 00 32 01 90
23:23:16.438 [INFO  ] --- 2/8 Entering Programming Session (suppress ×2) ---
23:23:16.438 ------------------------------------------------------------------------
23:23:16.438 [STEP  ] 0x10 82 – Programming Session (suppress positive response)
23:23:16.438 [TX DiagnosticSessionControl programmingSession suppressPosRsp] 10 82
23:23:16.579 [INFO  ] No response received (suppress positive response – expected)
23:23:16.579 [RX    ] (no response)
23:23:16.579 [PASS  ] No response expected (suppress bit set) | expected: (no response) | received: (empty)
23:23:16.579 ------------------------------------------------------------------------
23:23:16.579 [STEP  ] 0x10 82 – Programming Session (suppress positive response)
23:23:16.579 [TX DiagnosticSessionControl programmingSession suppressPosRsp] 10 82
23:23:16.737 [INFO  ] No response received (suppress positive response – expected)
23:23:16.737 [RX    ] (no response)
23:23:16.737 [PASS  ] No response expected (suppress bit set) | expected: (no response) | received: (empty)
23:23:16.737 [INFO  ] 等待 ECU 重启进入编程模式...
23:23:17.738 [INFO  ] --- 3/8 Security Access ---
23:23:17.738 ------------------------------------------------------------------------
23:23:17.738 [STEP  ] 0x27 01 – SecurityAccess: Request Seed
23:23:17.738 [TX SecurityAccess requestSeed] 27 01
23:23:17.746 [RX    ] 67 01 41 0D 59 A4 70 BC 08 D3 20 6B 37 82 CE 1A E5 32
23:23:17.746 [PASS  ] RequestSeed positive response | expected: 67 ... | received: 67 01 41 0D 59 A4 70 BC 08 D3 20 6B 37 82 CE 1A E5 32
23:23:17.746 [INFO  ] Seed (16 bytes): 41 0D 59 A4 70 BC 08 D3 20 6B 37 82 CE 1A E5 32
23:23:17.746 ------------------------------------------------------------------------
23:23:17.746 [STEP  ] 0x27 02 – SecurityAccess: Send Key
23:23:17.746 [INFO  ] Computed key (16 bytes): BE F2 A6 5B 8F 43 F7 2C DF 94 C8 7D 31 E5 1A CD
23:23:17.746 [TX SecurityAccess sendKey] 27 02 BE F2 A6 5B 8F 43 F7 2C DF 94 C8 7D 31 E5 1A CD
23:23:17.755 [RX    ] 7F 27 35
23:23:17.755 [FAIL  ] SendKey positive response | expected: 67 ... | received: NegResp 7F 27 35 (invalidKey)
23:23:17.755 [ERROR ] Security access failed
23:23:17.830 [INFO  ] CAN TP transport closed
23:23:17.831 ========================================================================
23:23:17.831 [SUMRY ] PASS=5  FAIL=2  TOTAL=7  FAILED
23:23:17.831 ========================================================================
