17:20:08.236 ========================================================================
17:20:08.237 [START ] Script : Service_2E
17:20:08.237 [START ] Log    : U:\sandbox_2\TI\01_code\PCAN_LIN\PCAN_LIN\Result\SVVR_Service_2E_20260430_172008.log
17:20:08.238 ========================================================================
17:20:08.247 [INFO  ] LIN TP transport open  (hw=1, channel=1, 19200 baud)
17:20:08.250 [INFO  ] ============================================================
17:20:08.251 [INFO  ] Service 0x2E WriteDataByIdentifier - FBL/PBL Full Test
17:20:08.253 [INFO  ] ============================================================
17:20:08.254 [INFO  ] SKIP_F109_WRITE = False  SKIP_D01C_WRITE = False
17:20:08.254 ------------------------------------------------------------------------
17:20:08.254 [STEP  ] 0x22 F1 86 – Read Active Diagnostic Session
17:20:08.255 [TX ReadDataByIdentifier activeDiagnosticSession] 22 F1 86
17:20:08.256 [TX SF ] 67 03 22 F1 86 FF FF FF
17:20:08.286 [RX SF ] 67 04 62 F1 86 02 FF FF
17:20:08.286 [RX    ] 62 F1 86 02
17:20:08.287 [INFO  ] Current session: 0x02 (ProgrammingSession)
17:20:08.288 [PASS  ] Read active session OK
17:20:08.288 [INFO  ] --- Setup: Enter Programming Session ---
17:20:08.288 ------------------------------------------------------------------------
17:20:08.289 [STEP  ] 0x10 02 – Switch to Programming Session
17:20:08.289 [TX DiagnosticSessionControl programmingSession] 10 02
17:20:08.290 [TX SF ] 67 02 10 02 FF FF FF FF
17:20:08.320 [RX SF ] 67 06 50 02 00 32 01 F4
17:20:08.320 [RX    ] 50 02 00 32 01 F4
17:20:08.321 [PASS  ] ProgrammingSession positive response | expected: 50 ... | received: 50 02 00 32 01 F4
17:20:08.422 [INFO  ] --- Setup: SecurityAccess level 01 unlock ---
17:20:08.422 ------------------------------------------------------------------------
17:20:08.423 [STEP  ] 0x27 01 – SecurityAccess: Request Seed
17:20:08.424 [TX SecurityAccess requestSeed] 27 01
17:20:08.425 [TX SF ] 67 02 27 01 FF FF FF FF
17:20:08.457 [RX FF ] 67 10 12 67 01 1A 59 ED
17:20:08.469 [RX CF1] 67 21 3A 3D FE F7 B7 E5
17:20:08.482 [RX CF2] 67 22 AE CC 51 2D 61 EE
17:20:08.493 [RX CF3] 67 23 59 FF FF FF FF FF
17:20:08.494 [RX    ] 67 01 1A 59 ED 3A 3D FE F7 B7 E5 AE CC 51 2D 61 EE 59
17:20:08.494 [PASS  ] Seed request positive response | expected: 67 ... | received: 67 01 1A 59 ED 3A 3D FE F7 B7 E5 AE CC 51 2D 61 EE 59
17:20:08.494 [INFO  ] Seed received: 1A 59 ED 3A 3D FE F7 B7 E5 AE CC 51 2D 61 EE 59
17:20:08.495 ------------------------------------------------------------------------
17:20:08.497 [STEP  ] 0x27 02 – SecurityAccess: Send Key
17:20:08.560 [TX SecurityAccess sendKey] 27 02 99 A4 79 F4 C3 BC 56 4D FB F6 83 85 55 A5 F9 60
17:20:08.561 [TX FF ] 67 10 12 27 02 99 A4 79
17:20:08.583 [TX CF1] 67 21 F4 C3 BC 56 4D FB
17:20:08.604 [TX CF2] 67 22 F6 83 85 55 A5 F9
17:20:08.625 [TX CF3] 67 23 60 FF FF FF FF FF
17:20:08.658 [RX SF ] 67 02 67 02 FF FF FF FF
17:20:08.659 [RX    ] 67 02
17:20:08.660 [PASS  ] Key accepted positive response | expected: 67 ... | received: 67 02
17:20:08.760 [INFO  ] --- [N13] NRC 0x13 incorrectMessageLength ---
17:20:08.760 ------------------------------------------------------------------------
17:20:08.761 [STEP  ] N13-01 | 0x2E F1 (2B) - NRC 0x13 incorrectMessageLength
17:20:08.762 [TX 2E + 1-byte DID fragment, length < 4] 2E F1
17:20:08.763 [TX SF ] 67 02 2E F1 FF FF FF FF
17:20:08.794 [RX SF ] 67 03 7F 2E 13 FF FF FF
17:20:08.796 [RX    ] 7F 2E 13
17:20:08.796 [PASS  ] N13-01 NRC 0x13 | expected: 7F 2E 13 | received: 7F 2E 13
17:20:08.796 ------------------------------------------------------------------------
17:20:08.796 [STEP  ] N13-F109 | 0x2E F1 09 + 4B - NRC 0x13 (F109 data must be 16B)
17:20:08.797 [TX 2E F1 09 + 4B data (need 16B)] 2E F1 09 AA BB CC DD
17:20:08.798 [TX FF ] 67 10 07 2E F1 09 AA BB
17:20:08.820 [TX CF1] 67 21 CC DD FF FF FF FF
17:20:08.850 [RX SF ] 67 03 7F 2E 13 FF FF FF
17:20:08.851 [RX    ] 7F 2E 13
17:20:08.852 [PASS  ] N13-F109 NRC 0x13 | expected: 7F 2E 13 | received: 7F 2E 13
17:20:08.853 ------------------------------------------------------------------------
17:20:08.853 [STEP  ] N13-D01C | 0x2E D0 1C (3B, no data) - NRC 0x13 (D01C data must be 292B)
17:20:08.854 [TX 2E D0 1C no data (need 292B)] 2E D0 1C
17:20:08.856 [TX SF ] 67 03 2E D0 1C FF FF FF
17:20:08.888 [RX SF ] 67 03 7F 2E 13 FF FF FF
17:20:08.888 [RX    ] 7F 2E 13
17:20:08.889 [PASS  ] N13-D01C NRC 0x13 | expected: 7F 2E 13 | received: 7F 2E 13
17:20:08.890 [INFO  ] --- [N22-D01C-READ] NRC 0x22 read D01C when no production key ---
17:20:08.890 ------------------------------------------------------------------------
17:20:08.891 [STEP  ] N22-D01C-READ | 0x22 D0 1C (dev key, no prod key) - NRC 0x22 conditionNotCorrect
17:20:08.891 [TX ReadDataByIdentifier D01C (no prod key programmed)] 22 D0 1C
17:20:08.893 [TX SF ] 67 03 22 D0 1C FF FF FF
17:20:08.922 [RX SF ] 67 03 7F 22 22 FF FF FF
17:20:08.923 [RX    ] 7F 22 22
17:20:08.924 [PASS  ] N22-D01C-READ NRC 0x22 | expected: 7F 22 22 | received: 7F 22 22
17:20:08.924 [INFO  ] --- [N31] NRC 0x31 requestOutOfRange ---
17:20:08.925 ------------------------------------------------------------------------
17:20:08.926 [STEP  ] N31-01 | 0x2E FF FF 00 - NRC 0x31 requestOutOfRange (unsupported DID)
17:20:08.926 [TX 2E FF FF + 1 dummy byte] 2E FF FF 00
17:20:08.928 [TX SF ] 67 04 2E FF FF 00 FF FF
17:20:08.958 [RX SF ] 67 03 7F 2E 31 FF FF FF
17:20:08.958 [RX    ] 7F 2E 31
17:20:08.959 [PASS  ] N31-01 NRC 0x31 | expected: 7F 2E 31 | received: 7F 2E 31
17:20:08.959 ------------------------------------------------------------------------
17:20:08.960 [STEP  ] N31-F109-READ | 0x22 F1 09 - NRC 0x31 (F109 not readable in any session)
17:20:08.961 [TX ReadDataByIdentifier F109 (read prohibited)] 22 F1 09
17:20:08.962 [TX SF ] 67 03 22 F1 09 FF FF FF
17:20:08.994 [RX SF ] 67 03 7F 22 31 FF FF FF
17:20:08.995 [RX    ] 7F 22 31
17:20:08.996 [PASS  ] N31-F109-READ NRC 0x31 | expected: 7F 22 31 | received: 7F 22 31
17:20:08.997 [INFO  ] --- [N72-D01C] NRC 0x72 D01C SHA256 mismatch ---
17:20:08.997 ------------------------------------------------------------------------
17:20:08.998 [STEP  ] N72-D01C | 0x2E D0 1C + bad SHA256 - NRC 0x72 generalProgrammingFailure
17:20:08.998 [TX 2E D0 1C + 292B (SHA256 mismatch, first 2B corrupted)] 2E D0 1C FF FF 58 97 E1 2D ...
17:20:09.000 [TX FF ] 67 11 27 2E D0 1C FF FF
17:20:09.021 [TX CF1] 67 21 58 97 E1 2D AB C8
17:20:09.042 [TX CF2] 67 22 87 F7 B0 B9 33 46
17:20:09.065 [TX CF3] 67 23 82 F1 41 E0 F8 D0
17:20:09.085 [TX CF4] 67 24 56 4E 26 97 2B 87
17:20:09.106 [TX CF5] 67 25 13 60 97 74 6A 57
17:20:09.128 [TX CF6] 67 26 5C BE 9D 59 48 9B
17:20:09.150 [TX CF7] 67 27 A7 5E E9 59 A4 70
17:20:09.172 [TX CF8] 67 28 0A B0 26 0C 19 3D
17:20:09.194 [TX CF9] 67 29 F3 2A 47 57 00 3D
17:20:09.217 [TX CF10] 67 2A 10 7F 26 07 5F EE
17:20:09.238 [TX CF11] 67 2B 3F 48 2B 76 E3 C9
17:20:09.259 [TX CF12] 67 2C 81 84 E0 83 B3 E0
17:20:09.280 [TX CF13] 67 2D FE 7F 49 EB CE 98
17:20:09.302 [TX CF14] 67 2E B7 BB E1 FE 72 89
17:20:09.324 [TX CF15] 67 2F 3E AF DE A5 C3 99
17:20:09.345 [TX CF0] 67 20 B3 1F B7 A8 9F CB
17:20:09.366 [TX CF1] 67 21 F1 39 8B F6 A8 7B
17:20:09.389 [TX CF2] 67 22 C0 A8 0E 79 E0 DC
17:20:09.413 [TX CF3] 67 23 2E 22 EB F2 48 4E
17:20:09.435 [TX CF4] 67 24 76 DF AD EF 46 AC
17:20:09.456 [TX CF5] 67 25 05 F7 CA FB 1B EC
17:20:09.478 [TX CF6] 67 26 50 36 5A 3C 9F 2C
17:20:09.500 [TX CF7] 67 27 4F 7E B5 F9 02 32
17:20:09.522 [TX CF8] 67 28 96 70 18 A3 9E 23
17:20:09.544 [TX CF9] 67 29 41 2D 18 9B 60 A8
17:20:09.566 [TX CF10] 67 2A 79 9F 50 FF 3A 17
17:20:09.586 [TX CF11] 67 2B 1F 52 DE 53 68 48
17:20:09.609 [TX CF12] 67 2C 2F A2 D5 E2 C3 20
17:20:09.630 [TX CF13] 67 2D E0 8E A5 A2 76 A3
17:20:09.651 [TX CF14] 67 2E 34 8E C9 C6 7D 75
17:20:09.673 [TX CF15] 67 2F 2E 14 8D C8 DA 76
17:20:09.696 [TX CF0] 67 20 9E 1A 34 F2 96 BC
17:20:09.719 [TX CF1] 67 21 17 2D 57 25 E1 F5
17:20:09.741 [TX CF2] 67 22 27 D4 03 C9 E3 2B
17:20:09.762 [TX CF3] 67 23 78 FD 18 05 92 E0
17:20:09.785 [TX CF4] 67 24 C1 47 9A E1 5B 27
17:20:09.807 [TX CF5] 67 25 FD 1E E2 62 09 A3
17:20:09.828 [TX CF6] 67 26 01 7F 90 DA 45 65
17:20:09.849 [TX CF7] 67 27 9B 7E 7E AB 20 E6
17:20:09.871 [TX CF8] 67 28 10 41 D8 9B F3 34
17:20:09.892 [TX CF9] 67 29 ED 4B 2F 40 4B 3E
17:20:09.915 [TX CF10] 67 2A 54 C0 6E 8A D5 50
17:20:09.937 [TX CF11] 67 2B B7 A7 00 01 00 01
17:20:09.959 [TX CF12] 67 2C 49 80 2E 7E 19 11
17:20:09.980 [TX CF13] 67 2D 8B 19 F9 E6 76 2E
17:20:10.001 [TX CF14] 67 2E BC F3 3F B8 CB 14
17:20:10.024 [TX CF15] 67 2F 6F 9D 8D A2 43 5F
17:20:10.045 [TX CF0] 67 20 0B 08 08 6B C7 CC
17:20:10.067 [TX CF1] 67 21 D2 A5 FF FF FF FF
17:20:10.097 [RX SF ] 67 03 7F 2E 72 FF FF FF
17:20:10.098 [RX    ] 7F 2E 72
17:20:10.098 [PASS  ] N72-D01C NRC 0x72 | expected: 7F 2E 72 | received: 7F 2E 72
17:20:10.099 [INFO  ] --- [P-F109] Write security constant (SKIP_F109_WRITE) ---
17:20:10.099 ------------------------------------------------------------------------
17:20:10.100 [STEP  ] P-F109 | 0x2E F1 09 + 16B - Write security constant (positive)
17:20:10.101 [TX 2E F1 09 + security constant] 2E F1 09 AA AA AA ... (16B)
17:20:10.103 [TX FF ] 67 10 13 2E F1 09 AA AA
17:20:10.124 [TX CF1] 67 21 AA AA AA AA AA AA
17:20:10.145 [TX CF2] 67 22 AA AA AA AA AA AA
17:20:10.167 [TX CF3] 67 23 AA AA FF FF FF FF
17:20:10.198 [RX SF ] 67 03 6E F1 09 FF FF FF
17:20:10.199 [RX    ] 6E F1 09
17:20:10.199 [PASS  ] P-F109 positive 6E F1 09 | expected: 6E ... | received: 6E F1 09
17:20:10.200 [INFO  ] --- [N22-F109-WR] NRC 0x22 F109 already written ---
17:20:10.200 ------------------------------------------------------------------------
17:20:10.201 [STEP  ] N22-F109-WR | 0x2E F1 09 (already written) - NRC 0x22 conditionNotCorrect
17:20:10.202 [TX 2E F1 09 (F109 already written, write-once)] 2E F1 09 AA AA AA ... (16B)
17:20:10.203 [TX FF ] 67 10 13 2E F1 09 AA AA
17:20:10.224 [TX CF1] 67 21 AA AA AA AA AA AA
17:20:10.246 [TX CF2] 67 22 AA AA AA AA AA AA
17:20:10.266 [TX CF3] 67 23 AA AA FF FF FF FF
17:20:10.299 [RX SF ] 67 03 7F 2E 22 FF FF FF
17:20:10.301 [RX    ] 7F 2E 22
17:20:10.302 [PASS  ] N22-F109-WR NRC 0x22 | expected: 7F 2E 22 | received: 7F 2E 22
17:20:10.303 [INFO  ] --- [P-D01C] Write RSA public key (SKIP_D01C_WRITE) ---
17:20:10.303 ------------------------------------------------------------------------
17:20:10.304 [STEP  ] P-D01C | 0x2E D0 1C + 292B - Write RSA public key (positive)
17:20:10.305 [TX 2E D0 1C + RSA-2048 public key] 2E D0 1C B9 04 58 97 E1 2D ... (292B)
17:20:10.306 [TX FF ] 67 11 27 2E D0 1C B9 04
17:20:10.328 [TX CF1] 67 21 58 97 E1 2D AB C8
17:20:10.349 [TX CF2] 67 22 87 F7 B0 B9 33 46
17:20:10.371 [TX CF3] 67 23 82 F1 41 E0 F8 D0
17:20:10.392 [TX CF4] 67 24 56 4E 26 97 2B 87
17:20:10.413 [TX CF5] 67 25 13 60 97 74 6A 57
17:20:10.434 [TX CF6] 67 26 5C BE 9D 59 48 9B
17:20:10.456 [TX CF7] 67 27 A7 5E E9 59 A4 70
17:20:10.478 [TX CF8] 67 28 0A B0 26 0C 19 3D
17:20:10.499 [TX CF9] 67 29 F3 2A 47 57 00 3D
17:20:10.520 [TX CF10] 67 2A 10 7F 26 07 5F EE
17:20:10.543 [TX CF11] 67 2B 3F 48 2B 76 E3 C9
17:20:10.565 [TX CF12] 67 2C 81 84 E0 83 B3 E0
17:20:10.585 [TX CF13] 67 2D FE 7F 49 EB CE 98
17:20:10.608 [TX CF14] 67 2E B7 BB E1 FE 72 89
17:20:10.629 [TX CF15] 67 2F 3E AF DE A5 C3 99
17:20:10.650 [TX CF0] 67 20 B3 1F B7 A8 9F CB
17:20:10.672 [TX CF1] 67 21 F1 39 8B F6 A8 7B
17:20:10.696 [TX CF2] 67 22 C0 A8 0E 79 E0 DC
17:20:10.718 [TX CF3] 67 23 2E 22 EB F2 48 4E
17:20:10.740 [TX CF4] 67 24 76 DF AD EF 46 AC
17:20:10.762 [TX CF5] 67 25 05 F7 CA FB 1B EC
17:20:10.782 [TX CF6] 67 26 50 36 5A 3C 9F 2C
17:20:10.803 [TX CF7] 67 27 4F 7E B5 F9 02 32
17:20:10.826 [TX CF8] 67 28 96 70 18 A3 9E 23
17:20:10.847 [TX CF9] 67 29 41 2D 18 9B 60 A8
17:20:10.869 [TX CF10] 67 2A 79 9F 50 FF 3A 17
17:20:10.889 [TX CF11] 67 2B 1F 52 DE 53 68 48
17:20:10.911 [TX CF12] 67 2C 2F A2 D5 E2 C3 20
17:20:10.932 [TX CF13] 67 2D E0 8E A5 A2 76 A3
17:20:10.953 [TX CF14] 67 2E 34 8E C9 C6 7D 75
17:20:10.974 [TX CF15] 67 2F 2E 14 8D C8 DA 76
17:20:10.996 [TX CF0] 67 20 9E 1A 34 F2 96 BC
17:20:11.018 [TX CF1] 67 21 17 2D 57 25 E1 F5
17:20:11.040 [TX CF2] 67 22 27 D4 03 C9 E3 2B
17:20:11.062 [TX CF3] 67 23 78 FD 18 05 92 E0
17:20:11.084 [TX CF4] 67 24 C1 47 9A E1 5B 27
17:20:11.106 [TX CF5] 67 25 FD 1E E2 62 09 A3
17:20:11.128 [TX CF6] 67 26 01 7F 90 DA 45 65
17:20:11.151 [TX CF7] 67 27 9B 7E 7E AB 20 E6
17:20:11.174 [TX CF8] 67 28 10 41 D8 9B F3 34
17:20:11.196 [TX CF9] 67 29 ED 4B 2F 40 4B 3E
17:20:11.218 [TX CF10] 67 2A 54 C0 6E 8A D5 50
17:20:11.239 [TX CF11] 67 2B B7 A7 00 01 00 01
17:20:11.261 [TX CF12] 67 2C 49 80 2E 7E 19 11
17:20:11.282 [TX CF13] 67 2D 8B 19 F9 E6 76 2E
17:20:11.304 [TX CF14] 67 2E BC F3 3F B8 CB 14
17:20:11.325 [TX CF15] 67 2F 6F 9D 8D A2 43 5F
17:20:11.347 [TX CF0] 67 20 0B 08 08 6B C7 CC
17:20:11.368 [TX CF1] 67 21 D2 A5 FF FF FF FF
17:20:11.398 [RX SF ] 67 03 6E D0 1C FF FF FF
17:20:11.399 [RX    ] 6E D0 1C
17:20:11.399 [PASS  ] P-D01C positive 6E D0 1C | expected: 6E ... | received: 6E D0 1C
17:20:11.400 [INFO  ] --- [P22-D01C-READ] 22 D0 1C – read checksum after write (SKIP_D01C_WRITE) ---
17:20:11.401 ------------------------------------------------------------------------
17:20:11.401 [STEP  ] P22-D01C-READ | 0x22 D0 1C – 32B checksum after write (ReqID 664684, 850391)
17:20:11.402 [TX ReadDataByIdentifier D01C (key written, read checksum)] 22 D0 1C
17:20:11.403 [TX SF ] 67 03 22 D0 1C FF FF FF
17:20:11.434 [RX FF ] 67 10 23 62 D0 1C 49 80
17:20:11.446 [RX CF1] 67 21 2E 7E 19 11 8B 19
17:20:11.458 [RX CF2] 67 22 F9 E6 76 2E BC F3
17:20:11.468 [RX CF3] 67 23 3F B8 CB 14 6F 9D
17:20:11.480 [RX CF4] 67 24 8D A2 43 5F 0B 08
17:20:11.492 [RX CF5] 67 25 08 6B C7 CC D2 A5
17:20:11.493 [RX    ] 62 D0 1C 49 80 2E 7E 19 11 8B 19 F9 E6 76 2E BC F3 3F B8 CB 14 6F 9D 8D A2 43 5F 0B 08 08 6B C7 CC D2 A5
17:20:11.494 [PASS  ] P22-D01C-READ: checksum matches written key | expected: 62 D0 1C 49 80 2E 7E 19 11 8B 19 F9 E6 76 2E BC F3 3F B8 CB 14 6F 9D 8D A2 43 5F 0B 08 08 6B C7 CC D2 A5 | received: 62 D0 1C 49 80 2E 7E 19 11 8B 19 F9 E6 76 2E BC F3 3F B8 CB 14 6F 9D 8D A2 43 5F 0B 08 08 6B C7 CC D2 A5
17:20:11.495 [INFO  ] --- [N22-D01C-WR] NRC 0x22 D01C already written (SKIP_D01C_WRITE) ---
17:20:11.496 ------------------------------------------------------------------------
17:20:11.496 [STEP  ] N22-D01C-WR | 0x2E D0 1C (already written) - NRC 0x22 conditionNotCorrect
17:20:11.497 [TX 2E D0 1C (D01C already written, write-once)] 2E D0 1C B9 04 58 97 E1 2D ... (292B)
17:20:11.499 [TX FF ] 67 11 27 2E D0 1C B9 04
17:20:11.522 [TX CF1] 67 21 58 97 E1 2D AB C8
17:20:11.543 [TX CF2] 67 22 87 F7 B0 B9 33 46
17:20:11.563 [TX CF3] 67 23 82 F1 41 E0 F8 D0
17:20:11.584 [TX CF4] 67 24 56 4E 26 97 2B 87
17:20:11.606 [TX CF5] 67 25 13 60 97 74 6A 57
17:20:11.628 [TX CF6] 67 26 5C BE 9D 59 48 9B
17:20:11.651 [TX CF7] 67 27 A7 5E E9 59 A4 70
17:20:11.671 [TX CF8] 67 28 0A B0 26 0C 19 3D
17:20:11.693 [TX CF9] 67 29 F3 2A 47 57 00 3D
17:20:11.715 [TX CF10] 67 2A 10 7F 26 07 5F EE
17:20:11.736 [TX CF11] 67 2B 3F 48 2B 76 E3 C9
17:20:11.759 [TX CF12] 67 2C 81 84 E0 83 B3 E0
17:20:11.780 [TX CF13] 67 2D FE 7F 49 EB CE 98
17:20:11.801 [TX CF14] 67 2E B7 BB E1 FE 72 89
17:20:11.824 [TX CF15] 67 2F 3E AF DE A5 C3 99
17:20:11.845 [TX CF0] 67 20 B3 1F B7 A8 9F CB
17:20:11.865 [TX CF1] 67 21 F1 39 8B F6 A8 7B
17:20:11.887 [TX CF2] 67 22 C0 A8 0E 79 E0 DC
17:20:11.909 [TX CF3] 67 23 2E 22 EB F2 48 4E
17:20:11.930 [TX CF4] 67 24 76 DF AD EF 46 AC
17:20:11.952 [TX CF5] 67 25 05 F7 CA FB 1B EC
17:20:11.974 [TX CF6] 67 26 50 36 5A 3C 9F 2C
17:20:11.994 [TX CF7] 67 27 4F 7E B5 F9 02 32
17:20:12.017 [TX CF8] 67 28 96 70 18 A3 9E 23
17:20:12.038 [TX CF9] 67 29 41 2D 18 9B 60 A8
17:20:12.060 [TX CF10] 67 2A 79 9F 50 FF 3A 17
17:20:12.081 [TX CF11] 67 2B 1F 52 DE 53 68 48
17:20:12.102 [TX CF12] 67 2C 2F A2 D5 E2 C3 20
17:20:12.124 [TX CF13] 67 2D E0 8E A5 A2 76 A3
17:20:12.145 [TX CF14] 67 2E 34 8E C9 C6 7D 75
17:20:12.165 [TX CF15] 67 2F 2E 14 8D C8 DA 76
17:20:12.187 [TX CF0] 67 20 9E 1A 34 F2 96 BC
17:20:12.209 [TX CF1] 67 21 17 2D 57 25 E1 F5
17:20:12.230 [TX CF2] 67 22 27 D4 03 C9 E3 2B
17:20:12.252 [TX CF3] 67 23 78 FD 18 05 92 E0
17:20:12.273 [TX CF4] 67 24 C1 47 9A E1 5B 27
17:20:12.294 [TX CF5] 67 25 FD 1E E2 62 09 A3
17:20:12.316 [TX CF6] 67 26 01 7F 90 DA 45 65
17:20:12.337 [TX CF7] 67 27 9B 7E 7E AB 20 E6
17:20:12.360 [TX CF8] 67 28 10 41 D8 9B F3 34
17:20:12.381 [TX CF9] 67 29 ED 4B 2F 40 4B 3E
17:20:12.402 [TX CF10] 67 2A 54 C0 6E 8A D5 50
17:20:12.424 [TX CF11] 67 2B B7 A7 00 01 00 01
17:20:12.446 [TX CF12] 67 2C 49 80 2E 7E 19 11
17:20:12.466 [TX CF13] 67 2D 8B 19 F9 E6 76 2E
17:20:12.489 [TX CF14] 67 2E BC F3 3F B8 CB 14
17:20:12.511 [TX CF15] 67 2F 6F 9D 8D A2 43 5F
17:20:12.556 [TX CF0] 67 20 0B 08 08 6B C7 CC
17:20:12.577 [TX CF1] 67 21 D2 A5 FF FF FF FF
17:20:12.606 [RX SF ] 67 03 7F 2E 22 FF FF FF
17:20:12.607 [RX    ] 7F 2E 22
17:20:12.608 [PASS  ] N22-D01C-WR NRC 0x22 | expected: 7F 2E 22 | received: 7F 2E 22
17:20:12.610 [INFO  ] LIN TP transport closed
17:20:12.611 ========================================================================
17:20:12.611 [SUMRY ] PASS=16  FAIL=0  TOTAL=16  ALL PASS
17:20:12.612 ========================================================================
