20:01:46.689 ========================================================================
20:01:46.689 [START ] Script : Service_31_PWM_IO_CAN
20:01:46.690 [START ] Log    : U:\sandbox_2\TI\01_code\PCAN_LIN\PCAN_LIN\Result\SVVR_Service_31_PWM_IO_CAN_200146.log
20:01:46.692 ========================================================================
20:01:46.692 [INFO  ] Blower channels detected (P25.x): using IO pre-enable mapping P25.0->P25.11, P25.1->P25.10, P25.2->both enables.
20:01:46.693 [INFO  ] IO pre-enable step before PWM:
20:01:46.693 [INFO  ]   DOH_HSD_EN(P15.13)       -> 1 | 31 01 A0 44 04 0F 0D 01
20:01:46.695 [INFO  ]   DOH_F_BLW_EN(P25.11)     -> 1 | 31 01 A0 44 04 19 0B 01
20:01:46.695 [INFO  ]   DOH_R_BLW_EN(P25.10)     -> 1 | 31 01 A0 44 04 19 0A 01
20:01:47.050 [INFO  ] Opening PCAN bus [CAN-FD] channel=PCAN_USBBUS1 bitrate=500000 data_bitrate=5000000 tx_id=0x772 rx_id=0x77A
20:01:47.526 [INFO  ] ISO-TP tx_data_length=DLC16 tx_data_min_length=DLC8 (max SF payload=14 bytes)
20:01:47.527 [INFO  ] PCAN active mode: CAN-FD
20:01:47.530 ------------------------------------------------------------------------
20:01:47.530 [STEP  ] 0x31 0x01 0xA044 SetPinLevel DOH_HSD_EN(P15.13)=1
20:01:47.530 [INFO  ] CAN route: request TX ID=0x772, response RX ID=0x77A
20:01:47.531 [INFO  ] Expected ECU response: should receive a reply on CAN ID 0x77A within 2.000s
20:01:47.531 [TX CAN 0x772 RoutineControl IO] 31 01 A0 44 04 0F 0D 01
20:01:47.550 [RX CAN 0x77A] 71 01 A0 44 02 00 00 01 00
20:01:47.551 [PASS  ] IO pre-enable DOH_HSD_EN(P15.13)
20:01:47.551 ------------------------------------------------------------------------
20:01:47.551 [STEP  ] 0x31 0x01 0xA044 SetPinLevel DOH_F_BLW_EN(P25.11)=1
20:01:47.552 [INFO  ] CAN route: request TX ID=0x772, response RX ID=0x77A
20:01:47.552 [INFO  ] Expected ECU response: should receive a reply on CAN ID 0x77A within 2.000s
20:01:47.552 [TX CAN 0x772 RoutineControl IO] 31 01 A0 44 04 19 0B 01
20:01:47.567 [RX CAN 0x77A] 71 01 A0 44 02 00 00 01 00
20:01:47.568 [PASS  ] IO pre-enable DOH_F_BLW_EN(P25.11)
20:01:47.568 ------------------------------------------------------------------------
20:01:47.568 [STEP  ] 0x31 0x01 0xA044 SetPinLevel DOH_R_BLW_EN(P25.10)=1
20:01:47.568 [INFO  ] CAN route: request TX ID=0x772, response RX ID=0x77A
20:01:47.568 [INFO  ] Expected ECU response: should receive a reply on CAN ID 0x77A within 2.000s
20:01:47.569 [TX CAN 0x772 RoutineControl IO] 31 01 A0 44 04 19 0A 01
20:01:47.580 [RX CAN 0x77A] 71 01 A0 44 02 00 00 01 00
20:01:47.581 [PASS  ] IO pre-enable DOH_R_BLW_EN(P25.10)
20:01:47.768 [INFO  ] PWM send mode: one-by-one (13 channel(s))
20:01:47.769 [INFO  ] PWM channel 1/13: P1.13 freq=20Hz duty=50%
20:01:47.769 [INFO  ] PWM request: 1 channel(s), test_cmd=0x01
20:01:47.770 [INFO  ]   P1.13         freq=20 Hz  duty=50%
20:01:47.770 [INFO  ] [TX CAN 0x772 RoutineControl PWM] 31 01 A0 45 01 01 01 0D 00 14 32
20:01:47.771 [INFO  ] Opening PCAN bus [CAN-FD] channel=PCAN_USBBUS1 bitrate=500000 data_bitrate=5000000 tx_id=0x772 rx_id=0x77A
20:01:48.201 [INFO  ] ISO-TP tx_data_length=DLC16 tx_data_min_length=DLC8 (max SF payload=14 bytes)
20:01:48.201 [INFO  ] PCAN active mode: CAN-FD
20:01:48.205 ------------------------------------------------------------------------
20:01:48.205 [STEP  ] 0x31 0x01 0xA045 PWM StartRoutine (test_cmd=0x01)
20:01:48.205 [INFO  ] CAN route: request TX ID=0x772, response RX ID=0x77A
20:01:48.205 [INFO  ] Expected ECU response: should receive a reply on CAN ID 0x77A within 2.000s
20:01:48.220 [INFO  ] [RX CAN 0x77A PWM Response] 71 01 A0 45 02 00 00
20:01:48.221 [INFO  ]   RINF=0x02  RSTS=0x00 (Execution OK)
20:01:48.221 [INFO  ]   P1.13             20 Hz   50%  ->  PASS  (Config Success)
20:01:48.222 [PASS  ] PWM routine overall
20:01:48.410 [INFO  ] PWM channel 2/13: P13.11 freq=200Hz duty=50%
20:01:48.412 [INFO  ] PWM request: 1 channel(s), test_cmd=0x01
20:01:48.412 [INFO  ]   P13.11        freq=200 Hz  duty=50%
20:01:48.413 [INFO  ] [TX CAN 0x772 RoutineControl PWM] 31 01 A0 45 01 01 0D 0B 00 C8 32
20:01:48.414 [INFO  ] Opening PCAN bus [CAN-FD] channel=PCAN_USBBUS1 bitrate=500000 data_bitrate=5000000 tx_id=0x772 rx_id=0x77A
20:01:48.836 [INFO  ] ISO-TP tx_data_length=DLC16 tx_data_min_length=DLC8 (max SF payload=14 bytes)
20:01:48.837 [INFO  ] PCAN active mode: CAN-FD
20:01:48.841 ------------------------------------------------------------------------
20:01:48.842 [STEP  ] 0x31 0x01 0xA045 PWM StartRoutine (test_cmd=0x01)
20:01:48.842 [INFO  ] CAN route: request TX ID=0x772, response RX ID=0x77A
20:01:48.842 [INFO  ] Expected ECU response: should receive a reply on CAN ID 0x77A within 2.000s
20:01:48.854 [INFO  ] [RX CAN 0x77A PWM Response] 71 01 A0 45 02 00 00
20:01:48.854 [INFO  ]   RINF=0x02  RSTS=0x00 (Execution OK)
20:01:48.855 [INFO  ]   P13.11           200 Hz   50%  ->  PASS  (Config Success)
20:01:48.855 [PASS  ] PWM routine overall
20:01:49.044 [INFO  ] PWM channel 3/13: P13.13 freq=200Hz duty=50%
20:01:49.044 [INFO  ] PWM request: 1 channel(s), test_cmd=0x01
20:01:49.045 [INFO  ]   P13.13        freq=200 Hz  duty=50%
20:01:49.045 [INFO  ] [TX CAN 0x772 RoutineControl PWM] 31 01 A0 45 01 01 0D 0D 00 C8 32
20:01:49.046 [INFO  ] Opening PCAN bus [CAN-FD] channel=PCAN_USBBUS1 bitrate=500000 data_bitrate=5000000 tx_id=0x772 rx_id=0x77A
20:01:49.668 [INFO  ] ISO-TP tx_data_length=DLC16 tx_data_min_length=DLC8 (max SF payload=14 bytes)
20:01:49.669 [INFO  ] PCAN active mode: CAN-FD
20:01:49.671 ------------------------------------------------------------------------
20:01:49.671 [STEP  ] 0x31 0x01 0xA045 PWM StartRoutine (test_cmd=0x01)
20:01:49.671 [INFO  ] CAN route: request TX ID=0x772, response RX ID=0x77A
20:01:49.671 [INFO  ] Expected ECU response: should receive a reply on CAN ID 0x77A within 2.000s
20:01:49.684 [INFO  ] [RX CAN 0x77A PWM Response] 71 01 A0 45 02 00 00
20:01:49.684 [INFO  ]   RINF=0x02  RSTS=0x00 (Execution OK)
20:01:49.685 [INFO  ]   P13.13           200 Hz   50%  ->  PASS  (Config Success)
20:01:49.685 [PASS  ] PWM routine overall
20:01:49.877 [INFO  ] PWM channel 4/13: P13.14 freq=200Hz duty=50%
20:01:49.878 [INFO  ] PWM request: 1 channel(s), test_cmd=0x01
20:01:49.878 [INFO  ]   P13.14        freq=200 Hz  duty=50%
20:01:49.878 [INFO  ] [TX CAN 0x772 RoutineControl PWM] 31 01 A0 45 01 01 0D 0E 00 C8 32
20:01:49.879 [INFO  ] Opening PCAN bus [CAN-FD] channel=PCAN_USBBUS1 bitrate=500000 data_bitrate=5000000 tx_id=0x772 rx_id=0x77A
20:01:50.502 [INFO  ] ISO-TP tx_data_length=DLC16 tx_data_min_length=DLC8 (max SF payload=14 bytes)
20:01:50.502 [INFO  ] PCAN active mode: CAN-FD
20:01:50.506 ------------------------------------------------------------------------
20:01:50.506 [STEP  ] 0x31 0x01 0xA045 PWM StartRoutine (test_cmd=0x01)
20:01:50.506 [INFO  ] CAN route: request TX ID=0x772, response RX ID=0x77A
20:01:50.507 [INFO  ] Expected ECU response: should receive a reply on CAN ID 0x77A within 2.000s
20:01:50.521 [INFO  ] [RX CAN 0x77A PWM Response] 71 01 A0 45 02 00 00
20:01:50.522 [INFO  ]   RINF=0x02  RSTS=0x00 (Execution OK)
20:01:50.522 [INFO  ]   P13.14           200 Hz   50%  ->  PASS  (Config Success)
20:01:50.522 [PASS  ] PWM routine overall
20:01:50.772 [INFO  ] PWM channel 5/13: P13.15 freq=100Hz duty=50%
20:01:50.772 [INFO  ] PWM request: 1 channel(s), test_cmd=0x01
20:01:50.774 [INFO  ]   P13.15        freq=100 Hz  duty=50%
20:01:50.774 [INFO  ] [TX CAN 0x772 RoutineControl PWM] 31 01 A0 45 01 01 0D 0F 00 64 32
20:01:50.775 [INFO  ] Opening PCAN bus [CAN-FD] channel=PCAN_USBBUS1 bitrate=500000 data_bitrate=5000000 tx_id=0x772 rx_id=0x77A
20:01:51.270 [INFO  ] ISO-TP tx_data_length=DLC16 tx_data_min_length=DLC8 (max SF payload=14 bytes)
20:01:51.270 [INFO  ] PCAN active mode: CAN-FD
20:01:51.274 ------------------------------------------------------------------------
20:01:51.274 [STEP  ] 0x31 0x01 0xA045 PWM StartRoutine (test_cmd=0x01)
20:01:51.275 [INFO  ] CAN route: request TX ID=0x772, response RX ID=0x77A
20:01:51.275 [INFO  ] Expected ECU response: should receive a reply on CAN ID 0x77A within 2.000s
20:01:51.290 [INFO  ] [RX CAN 0x77A PWM Response] 71 01 A0 45 02 00 00
20:01:51.290 [INFO  ]   RINF=0x02  RSTS=0x00 (Execution OK)
20:01:51.291 [INFO  ]   P13.15           100 Hz   50%  ->  PASS  (Config Success)
20:01:51.291 [PASS  ] PWM routine overall
20:01:51.471 [INFO  ] PWM channel 6/13: P14.12 freq=200Hz duty=50%
20:01:51.472 [INFO  ] PWM request: 1 channel(s), test_cmd=0x01
20:01:51.472 [INFO  ]   P14.12        freq=200 Hz  duty=50%
20:01:51.473 [INFO  ] [TX CAN 0x772 RoutineControl PWM] 31 01 A0 45 01 01 0E 0C 00 C8 32
20:01:51.473 [INFO  ] Opening PCAN bus [CAN-FD] channel=PCAN_USBBUS1 bitrate=500000 data_bitrate=5000000 tx_id=0x772 rx_id=0x77A
20:01:51.983 [INFO  ] ISO-TP tx_data_length=DLC16 tx_data_min_length=DLC8 (max SF payload=14 bytes)
20:01:51.989 [INFO  ] PCAN active mode: CAN-FD
20:01:52.013 ------------------------------------------------------------------------
20:01:52.025 [STEP  ] 0x31 0x01 0xA045 PWM StartRoutine (test_cmd=0x01)
20:01:52.035 [INFO  ] CAN route: request TX ID=0x772, response RX ID=0x77A
20:01:52.041 [INFO  ] Expected ECU response: should receive a reply on CAN ID 0x77A within 2.000s
20:01:52.060 [INFO  ] [RX CAN 0x77A PWM Response] 71 01 A0 45 02 00 00
20:01:52.063 [INFO  ]   RINF=0x02  RSTS=0x00 (Execution OK)
20:01:52.066 [INFO  ]   P14.12           200 Hz   50%  ->  PASS  (Config Success)
20:01:52.067 [PASS  ] PWM routine overall
20:01:52.308 [INFO  ] PWM channel 7/13: P14.13 freq=200Hz duty=50%
20:01:52.309 [INFO  ] PWM request: 1 channel(s), test_cmd=0x01
20:01:52.310 [INFO  ]   P14.13        freq=200 Hz  duty=50%
20:01:52.310 [INFO  ] [TX CAN 0x772 RoutineControl PWM] 31 01 A0 45 01 01 0E 0D 00 C8 32
20:01:52.311 [INFO  ] Opening PCAN bus [CAN-FD] channel=PCAN_USBBUS1 bitrate=500000 data_bitrate=5000000 tx_id=0x772 rx_id=0x77A
20:01:52.959 [INFO  ] ISO-TP tx_data_length=DLC16 tx_data_min_length=DLC8 (max SF payload=14 bytes)
20:01:52.961 [INFO  ] PCAN active mode: CAN-FD
20:01:52.967 ------------------------------------------------------------------------
20:01:52.973 [STEP  ] 0x31 0x01 0xA045 PWM StartRoutine (test_cmd=0x01)
20:01:52.981 [INFO  ] CAN route: request TX ID=0x772, response RX ID=0x77A
20:01:52.986 [INFO  ] Expected ECU response: should receive a reply on CAN ID 0x77A within 2.000s
20:01:53.013 [INFO  ] [RX CAN 0x77A PWM Response] 71 01 A0 45 02 00 00
20:01:53.020 [INFO  ]   RINF=0x02  RSTS=0x00 (Execution OK)
20:01:53.024 [INFO  ]   P14.13           200 Hz   50%  ->  PASS  (Config Success)
20:01:53.026 [PASS  ] PWM routine overall
20:01:53.301 [INFO  ] PWM channel 8/13: P14.14 freq=200Hz duty=50%
20:01:53.302 [INFO  ] PWM request: 1 channel(s), test_cmd=0x01
20:01:53.302 [INFO  ]   P14.14        freq=200 Hz  duty=50%
20:01:53.302 [INFO  ] [TX CAN 0x772 RoutineControl PWM] 31 01 A0 45 01 01 0E 0E 00 C8 32
20:01:53.303 [INFO  ] Opening PCAN bus [CAN-FD] channel=PCAN_USBBUS1 bitrate=500000 data_bitrate=5000000 tx_id=0x772 rx_id=0x77A
20:01:54.005 [INFO  ] ISO-TP tx_data_length=DLC16 tx_data_min_length=DLC8 (max SF payload=14 bytes)
20:01:54.005 [INFO  ] PCAN active mode: CAN-FD
20:01:54.008 ------------------------------------------------------------------------
20:01:54.008 [STEP  ] 0x31 0x01 0xA045 PWM StartRoutine (test_cmd=0x01)
20:01:54.008 [INFO  ] CAN route: request TX ID=0x772, response RX ID=0x77A
20:01:54.009 [INFO  ] Expected ECU response: should receive a reply on CAN ID 0x77A within 2.000s
20:01:54.018 [INFO  ] [RX CAN 0x77A PWM Response] 71 01 A0 45 02 00 00
20:01:54.020 [INFO  ]   RINF=0x02  RSTS=0x00 (Execution OK)
20:01:54.020 [INFO  ]   P14.14           200 Hz   50%  ->  PASS  (Config Success)
20:01:54.021 [PASS  ] PWM routine overall
20:01:54.271 [INFO  ] PWM channel 9/13: P14.15 freq=200Hz duty=50%
20:01:54.272 [INFO  ] PWM request: 1 channel(s), test_cmd=0x01
20:01:54.272 [INFO  ]   P14.15        freq=200 Hz  duty=50%
20:01:54.273 [INFO  ] [TX CAN 0x772 RoutineControl PWM] 31 01 A0 45 01 01 0E 0F 00 C8 32
20:01:54.274 [INFO  ] Opening PCAN bus [CAN-FD] channel=PCAN_USBBUS1 bitrate=500000 data_bitrate=5000000 tx_id=0x772 rx_id=0x77A
20:01:55.061 [INFO  ] ISO-TP tx_data_length=DLC16 tx_data_min_length=DLC8 (max SF payload=14 bytes)
20:01:55.062 [INFO  ] PCAN active mode: CAN-FD
20:01:55.065 ------------------------------------------------------------------------
20:01:55.066 [STEP  ] 0x31 0x01 0xA045 PWM StartRoutine (test_cmd=0x01)
20:01:55.066 [INFO  ] CAN route: request TX ID=0x772, response RX ID=0x77A
20:01:55.066 [INFO  ] Expected ECU response: should receive a reply on CAN ID 0x77A within 2.000s
20:01:55.080 [INFO  ] [RX CAN 0x77A PWM Response] 71 01 A0 45 02 00 00
20:01:55.080 [INFO  ]   RINF=0x02  RSTS=0x00 (Execution OK)
20:01:55.081 [INFO  ]   P14.15           200 Hz   50%  ->  PASS  (Config Success)
20:01:55.081 [PASS  ] PWM routine overall
20:01:55.334 [INFO  ] PWM channel 10/13: P31.6 freq=200Hz duty=50%
20:01:55.335 [INFO  ] PWM request: 1 channel(s), test_cmd=0x01
20:01:55.336 [INFO  ]   P31.6         freq=200 Hz  duty=50%
20:01:55.336 [INFO  ] [TX CAN 0x772 RoutineControl PWM] 31 01 A0 45 01 01 1F 06 00 C8 32
20:01:55.336 [INFO  ] Opening PCAN bus [CAN-FD] channel=PCAN_USBBUS1 bitrate=500000 data_bitrate=5000000 tx_id=0x772 rx_id=0x77A
20:01:55.968 [INFO  ] ISO-TP tx_data_length=DLC16 tx_data_min_length=DLC8 (max SF payload=14 bytes)
20:01:55.968 [INFO  ] PCAN active mode: CAN-FD
20:01:55.971 ------------------------------------------------------------------------
20:01:55.971 [STEP  ] 0x31 0x01 0xA045 PWM StartRoutine (test_cmd=0x01)
20:01:55.972 [INFO  ] CAN route: request TX ID=0x772, response RX ID=0x77A
20:01:55.972 [INFO  ] Expected ECU response: should receive a reply on CAN ID 0x77A within 2.000s
20:01:55.983 [INFO  ] [RX CAN 0x77A PWM Response] 71 01 A0 45 02 00 00
20:01:55.984 [INFO  ]   RINF=0x02  RSTS=0x00 (Execution OK)
20:01:55.984 [INFO  ]   P31.6            200 Hz   50%  ->  PASS  (Config Success)
20:01:55.985 [PASS  ] PWM routine overall
20:01:56.248 [INFO  ] PWM channel 11/13: P25.0 freq=1000Hz duty=50%
20:01:56.249 [INFO  ] PWM request: 1 channel(s), test_cmd=0x01
20:01:56.249 [INFO  ]   P25.0         freq=1000 Hz  duty=50%
20:01:56.250 [INFO  ] [TX CAN 0x772 RoutineControl PWM] 31 01 A0 45 01 01 19 00 03 E8 32
20:01:56.250 [INFO  ] Opening PCAN bus [CAN-FD] channel=PCAN_USBBUS1 bitrate=500000 data_bitrate=5000000 tx_id=0x772 rx_id=0x77A
20:01:56.910 [INFO  ] ISO-TP tx_data_length=DLC16 tx_data_min_length=DLC8 (max SF payload=14 bytes)
20:01:56.911 [INFO  ] PCAN active mode: CAN-FD
20:01:56.915 ------------------------------------------------------------------------
20:01:56.915 [STEP  ] 0x31 0x01 0xA045 PWM StartRoutine (test_cmd=0x01)
20:01:56.916 [INFO  ] CAN route: request TX ID=0x772, response RX ID=0x77A
20:01:56.916 [INFO  ] Expected ECU response: should receive a reply on CAN ID 0x77A within 2.000s
20:01:56.929 [INFO  ] [RX CAN 0x77A PWM Response] 71 01 A0 45 02 00 00
20:01:56.930 [INFO  ]   RINF=0x02  RSTS=0x00 (Execution OK)
20:01:56.930 [INFO  ]   P25.0           1000 Hz   50%  ->  PASS  (Config Success)
20:01:56.930 [PASS  ] PWM routine overall
20:01:57.178 [INFO  ] PWM channel 12/13: P25.1 freq=1000Hz duty=50%
20:01:57.179 [INFO  ] PWM request: 1 channel(s), test_cmd=0x01
20:01:57.179 [INFO  ]   P25.1         freq=1000 Hz  duty=50%
20:01:57.179 [INFO  ] [TX CAN 0x772 RoutineControl PWM] 31 01 A0 45 01 01 19 01 03 E8 32
20:01:57.179 [INFO  ] Opening PCAN bus [CAN-FD] channel=PCAN_USBBUS1 bitrate=500000 data_bitrate=5000000 tx_id=0x772 rx_id=0x77A
20:01:57.784 [INFO  ] ISO-TP tx_data_length=DLC16 tx_data_min_length=DLC8 (max SF payload=14 bytes)
20:01:57.785 [INFO  ] PCAN active mode: CAN-FD
20:01:57.790 ------------------------------------------------------------------------
20:01:57.790 [STEP  ] 0x31 0x01 0xA045 PWM StartRoutine (test_cmd=0x01)
20:01:57.791 [INFO  ] CAN route: request TX ID=0x772, response RX ID=0x77A
20:01:57.791 [INFO  ] Expected ECU response: should receive a reply on CAN ID 0x77A within 2.000s
20:01:57.804 [INFO  ] [RX CAN 0x77A PWM Response] 71 01 A0 45 02 00 00
20:01:57.804 [INFO  ]   RINF=0x02  RSTS=0x00 (Execution OK)
20:01:57.805 [INFO  ]   P25.1           1000 Hz   50%  ->  PASS  (Config Success)
20:01:57.806 [PASS  ] PWM routine overall
20:01:58.036 [INFO  ] PWM channel 13/13: P25.2 freq=1000Hz duty=50%
20:01:58.037 [INFO  ] PWM request: 1 channel(s), test_cmd=0x01
20:01:58.037 [INFO  ]   P25.2         freq=1000 Hz  duty=50%
20:01:58.037 [INFO  ] [TX CAN 0x772 RoutineControl PWM] 31 01 A0 45 01 01 19 02 03 E8 32
20:01:58.038 [INFO  ] Opening PCAN bus [CAN-FD] channel=PCAN_USBBUS1 bitrate=500000 data_bitrate=5000000 tx_id=0x772 rx_id=0x77A
20:01:58.653 [INFO  ] ISO-TP tx_data_length=DLC16 tx_data_min_length=DLC8 (max SF payload=14 bytes)
20:01:58.654 [INFO  ] PCAN active mode: CAN-FD
20:01:58.658 ------------------------------------------------------------------------
20:01:58.658 [STEP  ] 0x31 0x01 0xA045 PWM StartRoutine (test_cmd=0x01)
20:01:58.659 [INFO  ] CAN route: request TX ID=0x772, response RX ID=0x77A
20:01:58.659 [INFO  ] Expected ECU response: should receive a reply on CAN ID 0x77A within 2.000s
20:01:58.670 [INFO  ] [RX CAN 0x77A PWM Response] 71 01 A0 45 02 00 00
20:01:58.671 [INFO  ]   RINF=0x02  RSTS=0x00 (Execution OK)
20:01:58.671 [INFO  ]   P25.2           1000 Hz   50%  ->  PASS  (Config Success)
20:01:58.672 [PASS  ] PWM routine overall
20:01:58.884 [INFO  ] PWM summary: 13/13 PASS
20:01:58.885 ========================================================================
20:01:58.885 [SUMRY ] PASS=16 FAIL=0 TOTAL=16 ALL PASS
20:01:58.886 ========================================================================
