13:25:17.112 ========================================================================
13:25:17.113 [START ] Script : Service_31_ADC_CAN_Extracted
13:25:17.114 [START ] Log    : U:\sandbox_2\TI\01_code\PCAN_LIN\PCAN_LIN\Result\SVVR_Service_31_ADC_CAN_Extracted_132517.log
13:25:17.114 ========================================================================
13:25:17.114 [INFO  ] Preset: all
13:25:17.114 [INFO  ] Total extracted channels: 34
13:25:17.114 [INFO  ] [01] P0.8
13:25:17.115 [INFO  ] [02] P0.9
13:25:17.115 [INFO  ] [03] P0.10
13:25:17.116 [INFO  ] [04] P33.4
13:25:17.116 [INFO  ] [05] P33.5
13:25:17.116 [INFO  ] [06] P34.2
13:25:17.116 [INFO  ] [07] P34.3
13:25:17.116 [INFO  ] [08] P34.4
13:25:17.117 [INFO  ] [09] P40.6
13:25:17.117 [INFO  ] [10] P40.9
13:25:17.117 [INFO  ] [11] P40.10
13:25:17.117 [INFO  ] [12] P40.11
13:25:17.117 [INFO  ] [13] P40.12
13:25:17.118 [INFO  ] [14] P40.15
13:25:17.118 [INFO  ] [15] P41.0
13:25:17.118 [INFO  ] [16] P41.1
13:25:17.118 [INFO  ] [17] P41.2
13:25:17.119 [INFO  ] [18] P41.3
13:25:17.119 [INFO  ] [19] AN8
13:25:17.119 [INFO  ] [20] AN9
13:25:17.120 [INFO  ] [21] AN10
13:25:17.121 [INFO  ] [22] AN11
13:25:17.121 [INFO  ] [23] AN13
13:25:17.121 [INFO  ] [24] AN14
13:25:17.122 [INFO  ] [25] AN15
13:25:17.122 [INFO  ] [26] AN20
13:25:17.123 [INFO  ] [27] AN21
13:25:17.123 [INFO  ] [28] AN22
13:25:17.123 [INFO  ] [29] AN35
13:25:17.123 [INFO  ] [30] AN38
13:25:17.124 [INFO  ] [31] AN44
13:25:17.124 [INFO  ] [32] AN56
13:25:17.124 [INFO  ] [33] AN57
13:25:17.124 [INFO  ] [34] AN66
13:25:17.432 [INFO  ] Opening PCAN bus [CAN-FD] channel=PCAN_USBBUS1 bitrate=500000 data_bitrate=5000000 tx_id=0x772 rx_id=0x77A
13:25:17.900 [INFO  ] ISO-TP tx_data_length=DLC12 tx_data_min_length=DLC8 (max SF payload=10 bytes)
13:25:17.900 [INFO  ] PCAN active mode: CAN-FD
13:25:17.904 [INFO  ] --- Channel 1/34: P0.8 ---
13:25:17.904 ------------------------------------------------------------------------
13:25:17.905 [STEP  ] 0x31 0x01 0xA043 ADC StartRoutine attempt 1
13:25:17.905 [INFO  ] CAN route: request TX ID=0x772, response RX ID=0x77A
13:25:17.905 [INFO  ] Expected ECU response: should receive a reply on CAN ID 0x77A within 2.000s
13:25:17.906 [TX CAN 0x772 RoutineControl ADC Test] 31 01 A0 43 03 01 00 08
13:25:17.929 [RX CAN 0x77A] 71 01 A0 43 02 00 00 08 00 00
13:25:17.929 [INFO  ] Positive response: routineInfo=0x02 (RoutineResults), routineStatus=0x00 (RoutineExecutionSuccessful)
13:25:17.930 [INFO  ] Extra response bytes: 00 08 00 00
13:25:17.930 [PASS  ] ADC StartRoutine positive response | expected: 71 01 A0 43 (01|02) ... | received: 71 01 A0 43 02 00 00 08 00 00
13:25:17.931 [INFO  ] ADC result[0] Port=0x00 Pin=0x08 Value=0x0000 (0)
13:25:17.931 [INFO  ] --- Channel 2/34: P0.9 ---
13:25:17.931 ------------------------------------------------------------------------
13:25:17.931 [STEP  ] 0x31 0x01 0xA043 ADC StartRoutine attempt 1
13:25:17.932 [INFO  ] CAN route: request TX ID=0x772, response RX ID=0x77A
13:25:17.932 [INFO  ] Expected ECU response: should receive a reply on CAN ID 0x77A within 2.000s
13:25:17.932 [TX CAN 0x772 RoutineControl ADC Test] 31 01 A0 43 03 01 00 09
13:25:17.955 [RX CAN 0x77A] 71 01 A0 43 02 00 00 09 0F F8
13:25:17.956 [INFO  ] Positive response: routineInfo=0x02 (RoutineResults), routineStatus=0x00 (RoutineExecutionSuccessful)
13:25:17.956 [INFO  ] Extra response bytes: 00 09 0F F8
13:25:17.957 [PASS  ] ADC StartRoutine positive response | expected: 71 01 A0 43 (01|02) ... | received: 71 01 A0 43 02 00 00 09 0F F8
13:25:17.957 [INFO  ] ADC result[0] Port=0x00 Pin=0x09 Value=0x0FF8 (4088)
13:25:17.958 [INFO  ] --- Channel 3/34: P0.10 ---
13:25:17.958 ------------------------------------------------------------------------
13:25:17.959 [STEP  ] 0x31 0x01 0xA043 ADC StartRoutine attempt 1
13:25:17.959 [INFO  ] CAN route: request TX ID=0x772, response RX ID=0x77A
13:25:17.960 [INFO  ] Expected ECU response: should receive a reply on CAN ID 0x77A within 2.000s
13:25:17.960 [TX CAN 0x772 RoutineControl ADC Test] 31 01 A0 43 03 01 00 0A
13:25:17.997 [RX CAN 0x77A] 71 01 A0 43 02 00 00 0A 05 3E
13:25:17.998 [INFO  ] Positive response: routineInfo=0x02 (RoutineResults), routineStatus=0x00 (RoutineExecutionSuccessful)
13:25:17.998 [INFO  ] Extra response bytes: 00 0A 05 3E
13:25:17.999 [PASS  ] ADC StartRoutine positive response | expected: 71 01 A0 43 (01|02) ... | received: 71 01 A0 43 02 00 00 0A 05 3E
13:25:17.999 [INFO  ] ADC result[0] Port=0x00 Pin=0x0A Value=0x053E (1342)
13:25:17.999 [INFO  ] --- Channel 4/34: P33.4 ---
13:25:18.000 ------------------------------------------------------------------------
13:25:18.000 [STEP  ] 0x31 0x01 0xA043 ADC StartRoutine attempt 1
13:25:18.000 [INFO  ] CAN route: request TX ID=0x772, response RX ID=0x77A
13:25:18.000 [INFO  ] Expected ECU response: should receive a reply on CAN ID 0x77A within 2.000s
13:25:18.001 [TX CAN 0x772 RoutineControl ADC Test] 31 01 A0 43 03 01 21 04
13:25:18.027 [RX CAN 0x77A] 71 01 A0 43 02 00 21 04 0B F9
13:25:18.028 [INFO  ] Positive response: routineInfo=0x02 (RoutineResults), routineStatus=0x00 (RoutineExecutionSuccessful)
13:25:18.028 [INFO  ] Extra response bytes: 21 04 0B F9
13:25:18.029 [PASS  ] ADC StartRoutine positive response | expected: 71 01 A0 43 (01|02) ... | received: 71 01 A0 43 02 00 21 04 0B F9
13:25:18.029 [INFO  ] ADC result[0] Port=0x21 Pin=0x04 Value=0x0BF9 (3065)
13:25:18.029 [INFO  ] --- Channel 5/34: P33.5 ---
13:25:18.030 ------------------------------------------------------------------------
13:25:18.030 [STEP  ] 0x31 0x01 0xA043 ADC StartRoutine attempt 1
13:25:18.031 [INFO  ] CAN route: request TX ID=0x772, response RX ID=0x77A
13:25:18.031 [INFO  ] Expected ECU response: should receive a reply on CAN ID 0x77A within 2.000s
13:25:18.031 [TX CAN 0x772 RoutineControl ADC Test] 31 01 A0 43 03 01 21 05
13:25:18.066 [RX CAN 0x77A] 71 01 A0 43 02 00 21 05 0B F9
13:25:18.067 [INFO  ] Positive response: routineInfo=0x02 (RoutineResults), routineStatus=0x00 (RoutineExecutionSuccessful)
13:25:18.067 [INFO  ] Extra response bytes: 21 05 0B F9
13:25:18.068 [PASS  ] ADC StartRoutine positive response | expected: 71 01 A0 43 (01|02) ... | received: 71 01 A0 43 02 00 21 05 0B F9
13:25:18.068 [INFO  ] ADC result[0] Port=0x21 Pin=0x05 Value=0x0BF9 (3065)
13:25:18.069 [INFO  ] --- Channel 6/34: P34.2 ---
13:25:18.069 ------------------------------------------------------------------------
13:25:18.069 [STEP  ] 0x31 0x01 0xA043 ADC StartRoutine attempt 1
13:25:18.070 [INFO  ] CAN route: request TX ID=0x772, response RX ID=0x77A
13:25:18.070 [INFO  ] Expected ECU response: should receive a reply on CAN ID 0x77A within 2.000s
13:25:18.071 [TX CAN 0x772 RoutineControl ADC Test] 31 01 A0 43 03 01 22 02
13:25:18.105 [RX CAN 0x77A] 71 01 A0 43 02 00 22 02 01 86
13:25:18.105 [INFO  ] Positive response: routineInfo=0x02 (RoutineResults), routineStatus=0x00 (RoutineExecutionSuccessful)
13:25:18.106 [INFO  ] Extra response bytes: 22 02 01 86
13:25:18.106 [PASS  ] ADC StartRoutine positive response | expected: 71 01 A0 43 (01|02) ... | received: 71 01 A0 43 02 00 22 02 01 86
13:25:18.107 [INFO  ] ADC result[0] Port=0x22 Pin=0x02 Value=0x0186 (390)
13:25:18.108 [INFO  ] --- Channel 7/34: P34.3 ---
13:25:18.108 ------------------------------------------------------------------------
13:25:18.109 [STEP  ] 0x31 0x01 0xA043 ADC StartRoutine attempt 1
13:25:18.110 [INFO  ] CAN route: request TX ID=0x772, response RX ID=0x77A
13:25:18.110 [INFO  ] Expected ECU response: should receive a reply on CAN ID 0x77A within 2.000s
13:25:18.110 [TX CAN 0x772 RoutineControl ADC Test] 31 01 A0 43 03 01 22 03
13:25:18.137 [RX CAN 0x77A] 71 01 A0 43 02 00 22 03 0B 68
13:25:18.138 [INFO  ] Positive response: routineInfo=0x02 (RoutineResults), routineStatus=0x00 (RoutineExecutionSuccessful)
13:25:18.138 [INFO  ] Extra response bytes: 22 03 0B 68
13:25:18.139 [PASS  ] ADC StartRoutine positive response | expected: 71 01 A0 43 (01|02) ... | received: 71 01 A0 43 02 00 22 03 0B 68
13:25:18.139 [INFO  ] ADC result[0] Port=0x22 Pin=0x03 Value=0x0B68 (2920)
13:25:18.139 [INFO  ] --- Channel 8/34: P34.4 ---
13:25:18.140 ------------------------------------------------------------------------
13:25:18.140 [STEP  ] 0x31 0x01 0xA043 ADC StartRoutine attempt 1
13:25:18.141 [INFO  ] CAN route: request TX ID=0x772, response RX ID=0x77A
13:25:18.141 [INFO  ] Expected ECU response: should receive a reply on CAN ID 0x77A within 2.000s
13:25:18.141 [TX CAN 0x772 RoutineControl ADC Test] 31 01 A0 43 03 01 22 04
13:25:18.179 [RX CAN 0x77A] 71 01 A0 43 02 00 22 04 0F F7
13:25:18.180 [INFO  ] Positive response: routineInfo=0x02 (RoutineResults), routineStatus=0x00 (RoutineExecutionSuccessful)
13:25:18.180 [INFO  ] Extra response bytes: 22 04 0F F7
13:25:18.181 [PASS  ] ADC StartRoutine positive response | expected: 71 01 A0 43 (01|02) ... | received: 71 01 A0 43 02 00 22 04 0F F7
13:25:18.181 [INFO  ] ADC result[0] Port=0x22 Pin=0x04 Value=0x0FF7 (4087)
13:25:18.182 [INFO  ] --- Channel 9/34: P40.6 ---
13:25:18.182 ------------------------------------------------------------------------
13:25:18.182 [STEP  ] 0x31 0x01 0xA043 ADC StartRoutine attempt 1
13:25:18.183 [INFO  ] CAN route: request TX ID=0x772, response RX ID=0x77A
13:25:18.183 [INFO  ] Expected ECU response: should receive a reply on CAN ID 0x77A within 2.000s
13:25:18.183 [TX CAN 0x772 RoutineControl ADC Test] 31 01 A0 43 03 01 28 06
13:25:18.216 [RX CAN 0x77A] 71 01 A0 43 02 00 28 06 00 01
13:25:18.216 [INFO  ] Positive response: routineInfo=0x02 (RoutineResults), routineStatus=0x00 (RoutineExecutionSuccessful)
13:25:18.217 [INFO  ] Extra response bytes: 28 06 00 01
13:25:18.217 [PASS  ] ADC StartRoutine positive response | expected: 71 01 A0 43 (01|02) ... | received: 71 01 A0 43 02 00 28 06 00 01
13:25:18.218 [INFO  ] ADC result[0] Port=0x28 Pin=0x06 Value=0x0001 (1)
13:25:18.218 [INFO  ] --- Channel 10/34: P40.9 ---
13:25:18.219 ------------------------------------------------------------------------
13:25:18.219 [STEP  ] 0x31 0x01 0xA043 ADC StartRoutine attempt 1
13:25:18.219 [INFO  ] CAN route: request TX ID=0x772, response RX ID=0x77A
13:25:18.219 [INFO  ] Expected ECU response: should receive a reply on CAN ID 0x77A within 2.000s
13:25:18.220 [TX CAN 0x772 RoutineControl ADC Test] 31 01 A0 43 03 01 28 09
13:25:18.242 [RX CAN 0x77A] 71 01 A0 43 02 00 28 09 00 00
13:25:18.242 [INFO  ] Positive response: routineInfo=0x02 (RoutineResults), routineStatus=0x00 (RoutineExecutionSuccessful)
13:25:18.243 [INFO  ] Extra response bytes: 28 09 00 00
13:25:18.243 [PASS  ] ADC StartRoutine positive response | expected: 71 01 A0 43 (01|02) ... | received: 71 01 A0 43 02 00 28 09 00 00
13:25:18.243 [INFO  ] ADC result[0] Port=0x28 Pin=0x09 Value=0x0000 (0)
13:25:18.244 [INFO  ] --- Channel 11/34: P40.10 ---
13:25:18.244 ------------------------------------------------------------------------
13:25:18.244 [STEP  ] 0x31 0x01 0xA043 ADC StartRoutine attempt 1
13:25:18.244 [INFO  ] CAN route: request TX ID=0x772, response RX ID=0x77A
13:25:18.244 [INFO  ] Expected ECU response: should receive a reply on CAN ID 0x77A within 2.000s
13:25:18.244 [TX CAN 0x772 RoutineControl ADC Test] 31 01 A0 43 03 01 28 0A
13:25:18.267 [RX CAN 0x77A] 71 01 A0 43 02 00 28 0A 0F F8
13:25:18.267 [INFO  ] Positive response: routineInfo=0x02 (RoutineResults), routineStatus=0x00 (RoutineExecutionSuccessful)
13:25:18.268 [INFO  ] Extra response bytes: 28 0A 0F F8
13:25:18.268 [PASS  ] ADC StartRoutine positive response | expected: 71 01 A0 43 (01|02) ... | received: 71 01 A0 43 02 00 28 0A 0F F8
13:25:18.269 [INFO  ] ADC result[0] Port=0x28 Pin=0x0A Value=0x0FF8 (4088)
13:25:18.269 [INFO  ] --- Channel 12/34: P40.11 ---
13:25:18.269 ------------------------------------------------------------------------
13:25:18.269 [STEP  ] 0x31 0x01 0xA043 ADC StartRoutine attempt 1
13:25:18.270 [INFO  ] CAN route: request TX ID=0x772, response RX ID=0x77A
13:25:18.270 [INFO  ] Expected ECU response: should receive a reply on CAN ID 0x77A within 2.000s
13:25:18.271 [TX CAN 0x772 RoutineControl ADC Test] 31 01 A0 43 03 01 28 0B
13:25:18.308 [RX CAN 0x77A] 71 01 A0 43 02 00 28 0B 0F FB
13:25:18.309 [INFO  ] Positive response: routineInfo=0x02 (RoutineResults), routineStatus=0x00 (RoutineExecutionSuccessful)
13:25:18.309 [INFO  ] Extra response bytes: 28 0B 0F FB
13:25:18.310 [PASS  ] ADC StartRoutine positive response | expected: 71 01 A0 43 (01|02) ... | received: 71 01 A0 43 02 00 28 0B 0F FB
13:25:18.310 [INFO  ] ADC result[0] Port=0x28 Pin=0x0B Value=0x0FFB (4091)
13:25:18.311 [INFO  ] --- Channel 13/34: P40.12 ---
13:25:18.311 ------------------------------------------------------------------------
13:25:18.312 [STEP  ] 0x31 0x01 0xA043 ADC StartRoutine attempt 1
13:25:18.312 [INFO  ] CAN route: request TX ID=0x772, response RX ID=0x77A
13:25:18.313 [INFO  ] Expected ECU response: should receive a reply on CAN ID 0x77A within 2.000s
13:25:18.313 [TX CAN 0x772 RoutineControl ADC Test] 31 01 A0 43 03 01 28 0C
13:25:18.347 [RX CAN 0x77A] 71 01 A0 43 02 00 28 0C 0F FA
13:25:18.348 [INFO  ] Positive response: routineInfo=0x02 (RoutineResults), routineStatus=0x00 (RoutineExecutionSuccessful)
13:25:18.348 [INFO  ] Extra response bytes: 28 0C 0F FA
13:25:18.349 [PASS  ] ADC StartRoutine positive response | expected: 71 01 A0 43 (01|02) ... | received: 71 01 A0 43 02 00 28 0C 0F FA
13:25:18.350 [INFO  ] ADC result[0] Port=0x28 Pin=0x0C Value=0x0FFA (4090)
13:25:18.350 [INFO  ] --- Channel 14/34: P40.15 ---
13:25:18.350 ------------------------------------------------------------------------
13:25:18.351 [STEP  ] 0x31 0x01 0xA043 ADC StartRoutine attempt 1
13:25:18.351 [INFO  ] CAN route: request TX ID=0x772, response RX ID=0x77A
13:25:18.352 [INFO  ] Expected ECU response: should receive a reply on CAN ID 0x77A within 2.000s
13:25:18.352 [TX CAN 0x772 RoutineControl ADC Test] 31 01 A0 43 03 01 28 0F
13:25:18.388 [RX CAN 0x77A] 71 01 A0 43 02 00 28 0F 0F F8
13:25:18.389 [INFO  ] Positive response: routineInfo=0x02 (RoutineResults), routineStatus=0x00 (RoutineExecutionSuccessful)
13:25:18.389 [INFO  ] Extra response bytes: 28 0F 0F F8
13:25:18.390 [PASS  ] ADC StartRoutine positive response | expected: 71 01 A0 43 (01|02) ... | received: 71 01 A0 43 02 00 28 0F 0F F8
13:25:18.390 [INFO  ] ADC result[0] Port=0x28 Pin=0x0F Value=0x0FF8 (4088)
13:25:18.391 [INFO  ] --- Channel 15/34: P41.0 ---
13:25:18.392 ------------------------------------------------------------------------
13:25:18.392 [STEP  ] 0x31 0x01 0xA043 ADC StartRoutine attempt 1
13:25:18.393 [INFO  ] CAN route: request TX ID=0x772, response RX ID=0x77A
13:25:18.393 [INFO  ] Expected ECU response: should receive a reply on CAN ID 0x77A within 2.000s
13:25:18.394 [TX CAN 0x772 RoutineControl ADC Test] 31 01 A0 43 03 01 29 00
13:25:18.417 [RX CAN 0x77A] 71 01 A0 43 02 00 29 00 0F FB
13:25:18.418 [INFO  ] Positive response: routineInfo=0x02 (RoutineResults), routineStatus=0x00 (RoutineExecutionSuccessful)
13:25:18.418 [INFO  ] Extra response bytes: 29 00 0F FB
13:25:18.419 [PASS  ] ADC StartRoutine positive response | expected: 71 01 A0 43 (01|02) ... | received: 71 01 A0 43 02 00 29 00 0F FB
13:25:18.419 [INFO  ] ADC result[0] Port=0x29 Pin=0x00 Value=0x0FFB (4091)
13:25:18.419 [INFO  ] --- Channel 16/34: P41.1 ---
13:25:18.419 ------------------------------------------------------------------------
13:25:18.420 [STEP  ] 0x31 0x01 0xA043 ADC StartRoutine attempt 1
13:25:18.420 [INFO  ] CAN route: request TX ID=0x772, response RX ID=0x77A
13:25:18.420 [INFO  ] Expected ECU response: should receive a reply on CAN ID 0x77A within 2.000s
13:25:18.420 [TX CAN 0x772 RoutineControl ADC Test] 31 01 A0 43 03 01 29 01
13:25:18.457 [RX CAN 0x77A] 71 01 A0 43 02 00 29 01 0F FB
13:25:18.457 [INFO  ] Positive response: routineInfo=0x02 (RoutineResults), routineStatus=0x00 (RoutineExecutionSuccessful)
13:25:18.458 [INFO  ] Extra response bytes: 29 01 0F FB
13:25:18.459 [PASS  ] ADC StartRoutine positive response | expected: 71 01 A0 43 (01|02) ... | received: 71 01 A0 43 02 00 29 01 0F FB
13:25:18.459 [INFO  ] ADC result[0] Port=0x29 Pin=0x01 Value=0x0FFB (4091)
13:25:18.459 [INFO  ] --- Channel 17/34: P41.2 ---
13:25:18.460 ------------------------------------------------------------------------
13:25:18.460 [STEP  ] 0x31 0x01 0xA043 ADC StartRoutine attempt 1
13:25:18.461 [INFO  ] CAN route: request TX ID=0x772, response RX ID=0x77A
13:25:18.461 [INFO  ] Expected ECU response: should receive a reply on CAN ID 0x77A within 2.000s
13:25:18.462 [TX CAN 0x772 RoutineControl ADC Test] 31 01 A0 43 03 01 29 02
13:25:18.496 [RX CAN 0x77A] 71 01 A0 43 02 00 29 02 0F FA
13:25:18.497 [INFO  ] Positive response: routineInfo=0x02 (RoutineResults), routineStatus=0x00 (RoutineExecutionSuccessful)
13:25:18.497 [INFO  ] Extra response bytes: 29 02 0F FA
13:25:18.498 [PASS  ] ADC StartRoutine positive response | expected: 71 01 A0 43 (01|02) ... | received: 71 01 A0 43 02 00 29 02 0F FA
13:25:18.498 [INFO  ] ADC result[0] Port=0x29 Pin=0x02 Value=0x0FFA (4090)
13:25:18.498 [INFO  ] --- Channel 18/34: P41.3 ---
13:25:18.498 ------------------------------------------------------------------------
13:25:18.498 [STEP  ] 0x31 0x01 0xA043 ADC StartRoutine attempt 1
13:25:18.498 [INFO  ] CAN route: request TX ID=0x772, response RX ID=0x77A
13:25:18.500 [INFO  ] Expected ECU response: should receive a reply on CAN ID 0x77A within 2.000s
13:25:18.500 [TX CAN 0x772 RoutineControl ADC Test] 31 01 A0 43 03 01 29 03
13:25:18.528 [RX CAN 0x77A] 71 01 A0 43 02 00 29 03 0F FA
13:25:18.529 [INFO  ] Positive response: routineInfo=0x02 (RoutineResults), routineStatus=0x00 (RoutineExecutionSuccessful)
13:25:18.529 [INFO  ] Extra response bytes: 29 03 0F FA
13:25:18.529 [PASS  ] ADC StartRoutine positive response | expected: 71 01 A0 43 (01|02) ... | received: 71 01 A0 43 02 00 29 03 0F FA
13:25:18.530 [INFO  ] ADC result[0] Port=0x29 Pin=0x03 Value=0x0FFA (4090)
13:25:18.530 [INFO  ] --- Channel 19/34: AN8 ---
13:25:18.531 ------------------------------------------------------------------------
13:25:18.531 [STEP  ] 0x31 0x01 0xA043 ADC StartRoutine attempt 1
13:25:18.532 [INFO  ] CAN route: request TX ID=0x772, response RX ID=0x77A
13:25:18.532 [INFO  ] Expected ECU response: should receive a reply on CAN ID 0x77A within 2.000s
13:25:18.532 [TX CAN 0x772 RoutineControl ADC Test] 31 01 A0 43 03 01 FF 08
13:25:18.566 [RX CAN 0x77A] 71 01 A0 43 02 00 FF 08 00 EB
13:25:18.567 [INFO  ] Positive response: routineInfo=0x02 (RoutineResults), routineStatus=0x00 (RoutineExecutionSuccessful)
13:25:18.567 [INFO  ] Extra response bytes: FF 08 00 EB
13:25:18.568 [PASS  ] ADC StartRoutine positive response | expected: 71 01 A0 43 (01|02) ... | received: 71 01 A0 43 02 00 FF 08 00 EB
13:25:18.569 [INFO  ] ADC result[0] Port=0xFF Pin=0x08 Value=0x00EB (235)
13:25:18.569 [INFO  ] --- Channel 20/34: AN9 ---
13:25:18.570 ------------------------------------------------------------------------
13:25:18.570 [STEP  ] 0x31 0x01 0xA043 ADC StartRoutine attempt 1
13:25:18.570 [INFO  ] CAN route: request TX ID=0x772, response RX ID=0x77A
13:25:18.571 [INFO  ] Expected ECU response: should receive a reply on CAN ID 0x77A within 2.000s
13:25:18.571 [TX CAN 0x772 RoutineControl ADC Test] 31 01 A0 43 03 01 FF 09
13:25:18.607 [RX CAN 0x77A] 71 01 A0 43 02 00 FF 09 00 FA
13:25:18.607 [INFO  ] Positive response: routineInfo=0x02 (RoutineResults), routineStatus=0x00 (RoutineExecutionSuccessful)
13:25:18.608 [INFO  ] Extra response bytes: FF 09 00 FA
13:25:18.608 [PASS  ] ADC StartRoutine positive response | expected: 71 01 A0 43 (01|02) ... | received: 71 01 A0 43 02 00 FF 09 00 FA
13:25:18.609 [INFO  ] ADC result[0] Port=0xFF Pin=0x09 Value=0x00FA (250)
13:25:18.609 [INFO  ] --- Channel 21/34: AN10 ---
13:25:18.609 ------------------------------------------------------------------------
13:25:18.610 [STEP  ] 0x31 0x01 0xA043 ADC StartRoutine attempt 1
13:25:18.610 [INFO  ] CAN route: request TX ID=0x772, response RX ID=0x77A
13:25:18.610 [INFO  ] Expected ECU response: should receive a reply on CAN ID 0x77A within 2.000s
13:25:18.610 [TX CAN 0x772 RoutineControl ADC Test] 31 01 A0 43 03 01 FF 0A
13:25:18.647 [RX CAN 0x77A] 71 01 A0 43 02 00 FF 0A 00 F9
13:25:18.647 [INFO  ] Positive response: routineInfo=0x02 (RoutineResults), routineStatus=0x00 (RoutineExecutionSuccessful)
13:25:18.648 [INFO  ] Extra response bytes: FF 0A 00 F9
13:25:18.648 [PASS  ] ADC StartRoutine positive response | expected: 71 01 A0 43 (01|02) ... | received: 71 01 A0 43 02 00 FF 0A 00 F9
13:25:18.648 [INFO  ] ADC result[0] Port=0xFF Pin=0x0A Value=0x00F9 (249)
13:25:18.648 [INFO  ] --- Channel 22/34: AN11 ---
13:25:18.649 ------------------------------------------------------------------------
13:25:18.649 [STEP  ] 0x31 0x01 0xA043 ADC StartRoutine attempt 1
13:25:18.649 [INFO  ] CAN route: request TX ID=0x772, response RX ID=0x77A
13:25:18.649 [INFO  ] Expected ECU response: should receive a reply on CAN ID 0x77A within 2.000s
13:25:18.649 [TX CAN 0x772 RoutineControl ADC Test] 31 01 A0 43 03 01 FF 0B
13:25:18.672 [RX CAN 0x77A] 71 01 A0 43 02 00 FF 0B 01 0A
13:25:18.673 [INFO  ] Positive response: routineInfo=0x02 (RoutineResults), routineStatus=0x00 (RoutineExecutionSuccessful)
13:25:18.673 [INFO  ] Extra response bytes: FF 0B 01 0A
13:25:18.673 [PASS  ] ADC StartRoutine positive response | expected: 71 01 A0 43 (01|02) ... | received: 71 01 A0 43 02 00 FF 0B 01 0A
13:25:18.674 [INFO  ] ADC result[0] Port=0xFF Pin=0x0B Value=0x010A (266)
13:25:18.674 [INFO  ] --- Channel 23/34: AN13 ---
13:25:18.674 ------------------------------------------------------------------------
13:25:18.675 [STEP  ] 0x31 0x01 0xA043 ADC StartRoutine attempt 1
13:25:18.675 [INFO  ] CAN route: request TX ID=0x772, response RX ID=0x77A
13:25:18.675 [INFO  ] Expected ECU response: should receive a reply on CAN ID 0x77A within 2.000s
13:25:18.676 [TX CAN 0x772 RoutineControl ADC Test] 31 01 A0 43 03 01 FF 0D
13:25:18.696 [RX CAN 0x77A] 71 01 A0 43 02 00 FF 0D 00 00
13:25:18.697 [INFO  ] Positive response: routineInfo=0x02 (RoutineResults), routineStatus=0x00 (RoutineExecutionSuccessful)
13:25:18.697 [INFO  ] Extra response bytes: FF 0D 00 00
13:25:18.698 [PASS  ] ADC StartRoutine positive response | expected: 71 01 A0 43 (01|02) ... | received: 71 01 A0 43 02 00 FF 0D 00 00
13:25:18.698 [INFO  ] ADC result[0] Port=0xFF Pin=0x0D Value=0x0000 (0)
13:25:18.698 [INFO  ] --- Channel 24/34: AN14 ---
13:25:18.698 ------------------------------------------------------------------------
13:25:18.699 [STEP  ] 0x31 0x01 0xA043 ADC StartRoutine attempt 1
13:25:18.699 [INFO  ] CAN route: request TX ID=0x772, response RX ID=0x77A
13:25:18.699 [INFO  ] Expected ECU response: should receive a reply on CAN ID 0x77A within 2.000s
13:25:18.700 [TX CAN 0x772 RoutineControl ADC Test] 31 01 A0 43 03 01 FF 0E
13:25:18.721 [RX CAN 0x77A] 71 01 A0 43 02 00 FF 0E 00 00
13:25:18.722 [INFO  ] Positive response: routineInfo=0x02 (RoutineResults), routineStatus=0x00 (RoutineExecutionSuccessful)
13:25:18.722 [INFO  ] Extra response bytes: FF 0E 00 00
13:25:18.722 [PASS  ] ADC StartRoutine positive response | expected: 71 01 A0 43 (01|02) ... | received: 71 01 A0 43 02 00 FF 0E 00 00
13:25:18.722 [INFO  ] ADC result[0] Port=0xFF Pin=0x0E Value=0x0000 (0)
13:25:18.723 [INFO  ] --- Channel 25/34: AN15 ---
13:25:18.723 ------------------------------------------------------------------------
13:25:18.723 [STEP  ] 0x31 0x01 0xA043 ADC StartRoutine attempt 1
13:25:18.723 [INFO  ] CAN route: request TX ID=0x772, response RX ID=0x77A
13:25:18.724 [INFO  ] Expected ECU response: should receive a reply on CAN ID 0x77A within 2.000s
13:25:18.724 [TX CAN 0x772 RoutineControl ADC Test] 31 01 A0 43 03 01 FF 0F
13:25:18.756 [RX CAN 0x77A] 71 01 A0 43 02 00 FF 0F 00 F3
13:25:18.757 [INFO  ] Positive response: routineInfo=0x02 (RoutineResults), routineStatus=0x00 (RoutineExecutionSuccessful)
13:25:18.757 [INFO  ] Extra response bytes: FF 0F 00 F3
13:25:18.758 [PASS  ] ADC StartRoutine positive response | expected: 71 01 A0 43 (01|02) ... | received: 71 01 A0 43 02 00 FF 0F 00 F3
13:25:18.759 [INFO  ] ADC result[0] Port=0xFF Pin=0x0F Value=0x00F3 (243)
13:25:18.759 [INFO  ] --- Channel 26/34: AN20 ---
13:25:18.760 ------------------------------------------------------------------------
13:25:18.760 [STEP  ] 0x31 0x01 0xA043 ADC StartRoutine attempt 1
13:25:18.761 [INFO  ] CAN route: request TX ID=0x772, response RX ID=0x77A
13:25:18.761 [INFO  ] Expected ECU response: should receive a reply on CAN ID 0x77A within 2.000s
13:25:18.761 [TX CAN 0x772 RoutineControl ADC Test] 31 01 A0 43 03 01 FF 14
13:25:18.788 [RX CAN 0x77A] 71 01 A0 43 02 00 FF 14 0F FA
13:25:18.789 [INFO  ] Positive response: routineInfo=0x02 (RoutineResults), routineStatus=0x00 (RoutineExecutionSuccessful)
13:25:18.789 [INFO  ] Extra response bytes: FF 14 0F FA
13:25:18.790 [PASS  ] ADC StartRoutine positive response | expected: 71 01 A0 43 (01|02) ... | received: 71 01 A0 43 02 00 FF 14 0F FA
13:25:18.790 [INFO  ] ADC result[0] Port=0xFF Pin=0x14 Value=0x0FFA (4090)
13:25:18.791 [INFO  ] --- Channel 27/34: AN21 ---
13:25:18.791 ------------------------------------------------------------------------
13:25:18.791 [STEP  ] 0x31 0x01 0xA043 ADC StartRoutine attempt 1
13:25:18.791 [INFO  ] CAN route: request TX ID=0x772, response RX ID=0x77A
13:25:18.792 [INFO  ] Expected ECU response: should receive a reply on CAN ID 0x77A within 2.000s
13:25:18.792 [TX CAN 0x772 RoutineControl ADC Test] 31 01 A0 43 03 01 FF 15
13:25:18.826 [RX CAN 0x77A] 71 01 A0 43 02 00 FF 15 0F FB
13:25:18.827 [INFO  ] Positive response: routineInfo=0x02 (RoutineResults), routineStatus=0x00 (RoutineExecutionSuccessful)
13:25:18.827 [INFO  ] Extra response bytes: FF 15 0F FB
13:25:18.828 [PASS  ] ADC StartRoutine positive response | expected: 71 01 A0 43 (01|02) ... | received: 71 01 A0 43 02 00 FF 15 0F FB
13:25:18.828 [INFO  ] ADC result[0] Port=0xFF Pin=0x15 Value=0x0FFB (4091)
13:25:18.829 [INFO  ] --- Channel 28/34: AN22 ---
13:25:18.829 ------------------------------------------------------------------------
13:25:18.829 [STEP  ] 0x31 0x01 0xA043 ADC StartRoutine attempt 1
13:25:18.830 [INFO  ] CAN route: request TX ID=0x772, response RX ID=0x77A
13:25:18.830 [INFO  ] Expected ECU response: should receive a reply on CAN ID 0x77A within 2.000s
13:25:18.831 [TX CAN 0x772 RoutineControl ADC Test] 31 01 A0 43 03 01 FF 16
13:25:18.867 [RX CAN 0x77A] 71 01 A0 43 02 00 FF 16 00 00
13:25:18.868 [INFO  ] Positive response: routineInfo=0x02 (RoutineResults), routineStatus=0x00 (RoutineExecutionSuccessful)
13:25:18.868 [INFO  ] Extra response bytes: FF 16 00 00
13:25:18.868 [PASS  ] ADC StartRoutine positive response | expected: 71 01 A0 43 (01|02) ... | received: 71 01 A0 43 02 00 FF 16 00 00
13:25:18.869 [INFO  ] ADC result[0] Port=0xFF Pin=0x16 Value=0x0000 (0)
13:25:18.869 [INFO  ] --- Channel 29/34: AN35 ---
13:25:18.870 ------------------------------------------------------------------------
13:25:18.870 [STEP  ] 0x31 0x01 0xA043 ADC StartRoutine attempt 1
13:25:18.870 [INFO  ] CAN route: request TX ID=0x772, response RX ID=0x77A
13:25:18.871 [INFO  ] Expected ECU response: should receive a reply on CAN ID 0x77A within 2.000s
13:25:18.871 [TX CAN 0x772 RoutineControl ADC Test] 31 01 A0 43 03 01 FF 23
13:25:18.905 [RX CAN 0x77A] 71 01 A0 43 02 00 FF 23 00 02
13:25:18.906 [INFO  ] Positive response: routineInfo=0x02 (RoutineResults), routineStatus=0x00 (RoutineExecutionSuccessful)
13:25:18.906 [INFO  ] Extra response bytes: FF 23 00 02
13:25:18.906 [PASS  ] ADC StartRoutine positive response | expected: 71 01 A0 43 (01|02) ... | received: 71 01 A0 43 02 00 FF 23 00 02
13:25:18.907 [INFO  ] ADC result[0] Port=0xFF Pin=0x23 Value=0x0002 (2)
13:25:18.907 [INFO  ] --- Channel 30/34: AN38 ---
13:25:18.908 ------------------------------------------------------------------------
13:25:18.908 [STEP  ] 0x31 0x01 0xA043 ADC StartRoutine attempt 1
13:25:18.908 [INFO  ] CAN route: request TX ID=0x772, response RX ID=0x77A
13:25:18.909 [INFO  ] Expected ECU response: should receive a reply on CAN ID 0x77A within 2.000s
13:25:18.909 [TX CAN 0x772 RoutineControl ADC Test] 31 01 A0 43 03 01 FF 26
13:25:18.932 [RX CAN 0x77A] 71 01 A0 43 02 00 FF 26 00 00
13:25:18.933 [INFO  ] Positive response: routineInfo=0x02 (RoutineResults), routineStatus=0x00 (RoutineExecutionSuccessful)
13:25:18.933 [INFO  ] Extra response bytes: FF 26 00 00
13:25:18.934 [PASS  ] ADC StartRoutine positive response | expected: 71 01 A0 43 (01|02) ... | received: 71 01 A0 43 02 00 FF 26 00 00
13:25:18.934 [INFO  ] ADC result[0] Port=0xFF Pin=0x26 Value=0x0000 (0)
13:25:18.934 [INFO  ] --- Channel 31/34: AN44 ---
13:25:18.934 ------------------------------------------------------------------------
13:25:18.934 [STEP  ] 0x31 0x01 0xA043 ADC StartRoutine attempt 1
13:25:18.935 [INFO  ] CAN route: request TX ID=0x772, response RX ID=0x77A
13:25:18.935 [INFO  ] Expected ECU response: should receive a reply on CAN ID 0x77A within 2.000s
13:25:18.935 [TX CAN 0x772 RoutineControl ADC Test] 31 01 A0 43 03 01 FF 2C
13:25:18.957 [RX CAN 0x77A] 71 01 A0 43 02 00 FF 2C 00 00
13:25:18.958 [INFO  ] Positive response: routineInfo=0x02 (RoutineResults), routineStatus=0x00 (RoutineExecutionSuccessful)
13:25:18.958 [INFO  ] Extra response bytes: FF 2C 00 00
13:25:18.959 [PASS  ] ADC StartRoutine positive response | expected: 71 01 A0 43 (01|02) ... | received: 71 01 A0 43 02 00 FF 2C 00 00
13:25:18.960 [INFO  ] ADC result[0] Port=0xFF Pin=0x2C Value=0x0000 (0)
13:25:18.960 [INFO  ] --- Channel 32/34: AN56 ---
13:25:18.961 ------------------------------------------------------------------------
13:25:18.961 [STEP  ] 0x31 0x01 0xA043 ADC StartRoutine attempt 1
13:25:18.961 [INFO  ] CAN route: request TX ID=0x772, response RX ID=0x77A
13:25:18.962 [INFO  ] Expected ECU response: should receive a reply on CAN ID 0x77A within 2.000s
13:25:18.962 [TX CAN 0x772 RoutineControl ADC Test] 31 01 A0 43 03 01 FF 38
13:25:18.998 [RX CAN 0x77A] 71 01 A0 43 02 00 FF 38 0F F9
13:25:18.999 [INFO  ] Positive response: routineInfo=0x02 (RoutineResults), routineStatus=0x00 (RoutineExecutionSuccessful)
13:25:18.999 [INFO  ] Extra response bytes: FF 38 0F F9
13:25:18.999 [PASS  ] ADC StartRoutine positive response | expected: 71 01 A0 43 (01|02) ... | received: 71 01 A0 43 02 00 FF 38 0F F9
13:25:18.999 [INFO  ] ADC result[0] Port=0xFF Pin=0x38 Value=0x0FF9 (4089)
13:25:18.999 [INFO  ] --- Channel 33/34: AN57 ---
13:25:19.000 ------------------------------------------------------------------------
13:25:19.000 [STEP  ] 0x31 0x01 0xA043 ADC StartRoutine attempt 1
13:25:19.000 [INFO  ] CAN route: request TX ID=0x772, response RX ID=0x77A
13:25:19.001 [INFO  ] Expected ECU response: should receive a reply on CAN ID 0x77A within 2.000s
13:25:19.001 [TX CAN 0x772 RoutineControl ADC Test] 31 01 A0 43 03 01 FF 39
13:25:19.038 [RX CAN 0x77A] 71 01 A0 43 02 00 FF 39 0F FB
13:25:19.038 [INFO  ] Positive response: routineInfo=0x02 (RoutineResults), routineStatus=0x00 (RoutineExecutionSuccessful)
13:25:19.039 [INFO  ] Extra response bytes: FF 39 0F FB
13:25:19.039 [PASS  ] ADC StartRoutine positive response | expected: 71 01 A0 43 (01|02) ... | received: 71 01 A0 43 02 00 FF 39 0F FB
13:25:19.039 [INFO  ] ADC result[0] Port=0xFF Pin=0x39 Value=0x0FFB (4091)
13:25:19.039 [INFO  ] --- Channel 34/34: AN66 ---
13:25:19.040 ------------------------------------------------------------------------
13:25:19.040 [STEP  ] 0x31 0x01 0xA043 ADC StartRoutine attempt 1
13:25:19.040 [INFO  ] CAN route: request TX ID=0x772, response RX ID=0x77A
13:25:19.041 [INFO  ] Expected ECU response: should receive a reply on CAN ID 0x77A within 2.000s
13:25:19.041 [TX CAN 0x772 RoutineControl ADC Test] 31 01 A0 43 03 01 FF 42
13:25:19.065 [RX CAN 0x77A] 71 01 A0 43 02 00 FF 42 00 00
13:25:19.066 [INFO  ] Positive response: routineInfo=0x02 (RoutineResults), routineStatus=0x00 (RoutineExecutionSuccessful)
13:25:19.066 [INFO  ] Extra response bytes: FF 42 00 00
13:25:19.067 [PASS  ] ADC StartRoutine positive response | expected: 71 01 A0 43 (01|02) ... | received: 71 01 A0 43 02 00 FF 42 00 00
13:25:19.067 [INFO  ] ADC result[0] Port=0xFF Pin=0x42 Value=0x0000 (0)
13:25:19.067 [INFO  ] ==================================================
13:25:19.068 [INFO  ] Channel read summary:
13:25:19.068 [INFO  ] Channel    Status   ADC Value
13:25:19.068 [INFO  ] P0.8       PASS     0x0000 (0)
13:25:19.069 [INFO  ] P0.9       PASS     0x0FF8 (4088)
13:25:19.069 [INFO  ] P0.10      PASS     0x053E (1342)
13:25:19.069 [INFO  ] P33.4      PASS     0x0BF9 (3065)
13:25:19.070 [INFO  ] P33.5      PASS     0x0BF9 (3065)
13:25:19.070 [INFO  ] P34.2      PASS     0x0186 (390)
13:25:19.070 [INFO  ] P34.3      PASS     0x0B68 (2920)
13:25:19.071 [INFO  ] P34.4      PASS     0x0FF7 (4087)
13:25:19.071 [INFO  ] P40.6      PASS     0x0001 (1)
13:25:19.071 [INFO  ] P40.9      PASS     0x0000 (0)
13:25:19.072 [INFO  ] P40.10     PASS     0x0FF8 (4088)
13:25:19.072 [INFO  ] P40.11     PASS     0x0FFB (4091)
13:25:19.072 [INFO  ] P40.12     PASS     0x0FFA (4090)
13:25:19.073 [INFO  ] P40.15     PASS     0x0FF8 (4088)
13:25:19.073 [INFO  ] P41.0      PASS     0x0FFB (4091)
13:25:19.073 [INFO  ] P41.1      PASS     0x0FFB (4091)
13:25:19.073 [INFO  ] P41.2      PASS     0x0FFA (4090)
13:25:19.074 [INFO  ] P41.3      PASS     0x0FFA (4090)
13:25:19.074 [INFO  ] AN8        PASS     0x00EB (235)
13:25:19.074 [INFO  ] AN9        PASS     0x00FA (250)
13:25:19.074 [INFO  ] AN10       PASS     0x00F9 (249)
13:25:19.074 [INFO  ] AN11       PASS     0x010A (266)
13:25:19.075 [INFO  ] AN13       PASS     0x0000 (0)
13:25:19.075 [INFO  ] AN14       PASS     0x0000 (0)
13:25:19.075 [INFO  ] AN15       PASS     0x00F3 (243)
13:25:19.075 [INFO  ] AN20       PASS     0x0FFA (4090)
13:25:19.076 [INFO  ] AN21       PASS     0x0FFB (4091)
13:25:19.076 [INFO  ] AN22       PASS     0x0000 (0)
13:25:19.076 [INFO  ] AN35       PASS     0x0002 (2)
13:25:19.076 [INFO  ] AN38       PASS     0x0000 (0)
13:25:19.077 [INFO  ] AN44       PASS     0x0000 (0)
13:25:19.077 [INFO  ] AN56       PASS     0x0FF9 (4089)
13:25:19.077 [INFO  ] AN57       PASS     0x0FFB (4091)
13:25:19.078 [INFO  ] AN66       PASS     0x0000 (0)
13:25:19.078 [INFO  ] Total: 34/34 PASS
13:25:19.253 [INFO  ] ========================================================================
13:25:19.254 [INFO  ] Extracted summary with diagnostic command:
13:25:19.254 [INFO  ] Channel    Status   Value          Diagnostic Command
13:25:19.254 [INFO  ] P0.8       PASS     0x0000 (0)     31 01 A0 43 03 01 00 08
13:25:19.254 [INFO  ] P0.9       PASS     0x0FF8 (4088)  31 01 A0 43 03 01 00 09
13:25:19.255 [INFO  ] P0.10      PASS     0x053E (1342)  31 01 A0 43 03 01 00 0A
13:25:19.255 [INFO  ] P33.4      PASS     0x0BF9 (3065)  31 01 A0 43 03 01 21 04
13:25:19.255 [INFO  ] P33.5      PASS     0x0BF9 (3065)  31 01 A0 43 03 01 21 05
13:25:19.255 [INFO  ] P34.2      PASS     0x0186 (390)   31 01 A0 43 03 01 22 02
13:25:19.256 [INFO  ] P34.3      PASS     0x0B68 (2920)  31 01 A0 43 03 01 22 03
13:25:19.256 [INFO  ] P34.4      PASS     0x0FF7 (4087)  31 01 A0 43 03 01 22 04
13:25:19.257 [INFO  ] P40.6      PASS     0x0001 (1)     31 01 A0 43 03 01 28 06
13:25:19.257 [INFO  ] P40.9      PASS     0x0000 (0)     31 01 A0 43 03 01 28 09
13:25:19.257 [INFO  ] P40.10     PASS     0x0FF8 (4088)  31 01 A0 43 03 01 28 0A
13:25:19.258 [INFO  ] P40.11     PASS     0x0FFB (4091)  31 01 A0 43 03 01 28 0B
13:25:19.258 [INFO  ] P40.12     PASS     0x0FFA (4090)  31 01 A0 43 03 01 28 0C
13:25:19.258 [INFO  ] P40.15     PASS     0x0FF8 (4088)  31 01 A0 43 03 01 28 0F
13:25:19.258 [INFO  ] P41.0      PASS     0x0FFB (4091)  31 01 A0 43 03 01 29 00
13:25:19.258 [INFO  ] P41.1      PASS     0x0FFB (4091)  31 01 A0 43 03 01 29 01
13:25:19.258 [INFO  ] P41.2      PASS     0x0FFA (4090)  31 01 A0 43 03 01 29 02
13:25:19.259 [INFO  ] P41.3      PASS     0x0FFA (4090)  31 01 A0 43 03 01 29 03
13:25:19.259 [INFO  ] AN8        PASS     0x00EB (235)   31 01 A0 43 03 01 FF 08
13:25:19.260 [INFO  ] AN9        PASS     0x00FA (250)   31 01 A0 43 03 01 FF 09
13:25:19.260 [INFO  ] AN10       PASS     0x00F9 (249)   31 01 A0 43 03 01 FF 0A
13:25:19.261 [INFO  ] AN11       PASS     0x010A (266)   31 01 A0 43 03 01 FF 0B
13:25:19.261 [INFO  ] AN13       PASS     0x0000 (0)     31 01 A0 43 03 01 FF 0D
13:25:19.261 [INFO  ] AN14       PASS     0x0000 (0)     31 01 A0 43 03 01 FF 0E
13:25:19.262 [INFO  ] AN15       PASS     0x00F3 (243)   31 01 A0 43 03 01 FF 0F
13:25:19.262 [INFO  ] AN20       PASS     0x0FFA (4090)  31 01 A0 43 03 01 FF 14
13:25:19.262 [INFO  ] AN21       PASS     0x0FFB (4091)  31 01 A0 43 03 01 FF 15
13:25:19.262 [INFO  ] AN22       PASS     0x0000 (0)     31 01 A0 43 03 01 FF 16
13:25:19.263 [INFO  ] AN35       PASS     0x0002 (2)     31 01 A0 43 03 01 FF 23
13:25:19.263 [INFO  ] AN38       PASS     0x0000 (0)     31 01 A0 43 03 01 FF 26
13:25:19.263 [INFO  ] AN44       PASS     0x0000 (0)     31 01 A0 43 03 01 FF 2C
13:25:19.263 [INFO  ] AN56       PASS     0x0FF9 (4089)  31 01 A0 43 03 01 FF 38
13:25:19.263 [INFO  ] AN57       PASS     0x0FFB (4091)  31 01 A0 43 03 01 FF 39
13:25:19.263 [INFO  ] AN66       PASS     0x0000 (0)     31 01 A0 43 03 01 FF 42
13:25:19.264 ========================================================================
13:25:19.264 [SUMRY ] PASS=34 FAIL=0 TOTAL=34 ALL PASS
13:25:19.264 ========================================================================
