09:47:31.897 ========================================================================
09:47:31.898 [START ] Script : Service_31_ADC_ALL_CH
09:47:31.898 [START ] Log    : U:\sandbox_2\GAC_ZCU\02_tool\PCAN_CAN\PCAN_LIN\Result\SVVR_Service_31_ADC_ALL_CH_094731.log
09:47:31.898 ========================================================================
09:47:32.184 [INFO  ] Opening PCAN bus [CAN-FD] channel=PCAN_USBBUS1 bitrate=500000 data_bitrate=5000000 tx_id=0x772 rx_id=0x77A
09:47:32.746 [INFO  ] --- Channel 1/93: P0.1 ---
09:47:32.746 ------------------------------------------------------------------------
09:47:32.747 [STEP  ] 0x31 0x01 0xA043 ADC StartRoutine attempt 1
09:47:32.748 [INFO  ] CAN route: request TX ID=0x772, response RX ID=0x77A
09:47:32.748 [INFO  ] Expected ECU response: should receive a reply on CAN ID 0x77A within 2.000s
09:47:32.748 [TX CAN 0x772 RoutineControl ADC Test] 31 01 A0 43 03 01 00 01
09:47:32.780 [RX CAN 0x77A] 71 01 A0 43 02 00 00 01 00 08
09:47:32.780 [INFO  ] Positive response: routineInfo=0x02 (RoutineResults), routineStatus=0x00 (RoutineExecutionSuccessful)
09:47:32.781 [INFO  ] Extra response bytes: 00 01 00 08
09:47:32.781 [PASS  ] ADC StartRoutine positive response | expected: 71 01 A0 43 (01|02) ... | received: 71 01 A0 43 02 00 00 01 00 08
09:47:32.781 [INFO  ] ADC result[0] Port=0x00 Pin=0x01 Value=0x0008 (8)
09:47:32.782 [INFO  ] --- Channel 2/93: P0.2 ---
09:47:32.782 ------------------------------------------------------------------------
09:47:32.783 [STEP  ] 0x31 0x01 0xA043 ADC StartRoutine attempt 1
09:47:32.784 [INFO  ] CAN route: request TX ID=0x772, response RX ID=0x77A
09:47:32.784 [INFO  ] Expected ECU response: should receive a reply on CAN ID 0x77A within 2.000s
09:47:32.784 [TX CAN 0x772 RoutineControl ADC Test] 31 01 A0 43 03 01 00 02
09:47:32.819 [RX CAN 0x77A] 71 01 A0 43 02 00 00 02 00 04
09:47:32.819 [INFO  ] Positive response: routineInfo=0x02 (RoutineResults), routineStatus=0x00 (RoutineExecutionSuccessful)
09:47:32.820 [INFO  ] Extra response bytes: 00 02 00 04
09:47:32.821 [PASS  ] ADC StartRoutine positive response | expected: 71 01 A0 43 (01|02) ... | received: 71 01 A0 43 02 00 00 02 00 04
09:47:32.821 [INFO  ] ADC result[0] Port=0x00 Pin=0x02 Value=0x0004 (4)
09:47:32.822 [INFO  ] --- Channel 3/93: P0.3 ---
09:47:32.822 ------------------------------------------------------------------------
09:47:32.823 [STEP  ] 0x31 0x01 0xA043 ADC StartRoutine attempt 1
09:47:32.823 [INFO  ] CAN route: request TX ID=0x772, response RX ID=0x77A
09:47:32.823 [INFO  ] Expected ECU response: should receive a reply on CAN ID 0x77A within 2.000s
09:47:32.823 [TX CAN 0x772 RoutineControl ADC Test] 31 01 A0 43 03 01 00 03
09:47:32.845 [RX CAN 0x77A] 71 01 A0 43 02 00 00 03 00 04
09:47:32.846 [INFO  ] Positive response: routineInfo=0x02 (RoutineResults), routineStatus=0x00 (RoutineExecutionSuccessful)
09:47:32.846 [INFO  ] Extra response bytes: 00 03 00 04
09:47:32.847 [PASS  ] ADC StartRoutine positive response | expected: 71 01 A0 43 (01|02) ... | received: 71 01 A0 43 02 00 00 03 00 04
09:47:32.847 [INFO  ] ADC result[0] Port=0x00 Pin=0x03 Value=0x0004 (4)
09:47:32.848 [INFO  ] --- Channel 4/93: P0.4 ---
09:47:32.848 ------------------------------------------------------------------------
09:47:32.848 [STEP  ] 0x31 0x01 0xA043 ADC StartRoutine attempt 1
09:47:32.848 [INFO  ] CAN route: request TX ID=0x772, response RX ID=0x77A
09:47:32.849 [INFO  ] Expected ECU response: should receive a reply on CAN ID 0x77A within 2.000s
09:47:32.849 [TX CAN 0x772 RoutineControl ADC Test] 31 01 A0 43 03 01 00 04
09:47:32.873 [RX CAN 0x77A] 71 01 A0 43 02 00 00 04 00 04
09:47:32.874 [INFO  ] Positive response: routineInfo=0x02 (RoutineResults), routineStatus=0x00 (RoutineExecutionSuccessful)
09:47:32.874 [INFO  ] Extra response bytes: 00 04 00 04
09:47:32.875 [PASS  ] ADC StartRoutine positive response | expected: 71 01 A0 43 (01|02) ... | received: 71 01 A0 43 02 00 00 04 00 04
09:47:32.875 [INFO  ] ADC result[0] Port=0x00 Pin=0x04 Value=0x0004 (4)
09:47:32.875 [INFO  ] --- Channel 5/93: P0.5 ---
09:47:32.876 ------------------------------------------------------------------------
09:47:32.876 [STEP  ] 0x31 0x01 0xA043 ADC StartRoutine attempt 1
09:47:32.876 [INFO  ] CAN route: request TX ID=0x772, response RX ID=0x77A
09:47:32.876 [INFO  ] Expected ECU response: should receive a reply on CAN ID 0x77A within 2.000s
09:47:32.877 [TX CAN 0x772 RoutineControl ADC Test] 31 01 A0 43 03 01 00 05
09:47:32.908 [RX CAN 0x77A] 71 01 A0 43 02 00 00 05 00 04
09:47:32.908 [INFO  ] Positive response: routineInfo=0x02 (RoutineResults), routineStatus=0x00 (RoutineExecutionSuccessful)
09:47:32.909 [INFO  ] Extra response bytes: 00 05 00 04
09:47:32.909 [PASS  ] ADC StartRoutine positive response | expected: 71 01 A0 43 (01|02) ... | received: 71 01 A0 43 02 00 00 05 00 04
09:47:32.910 [INFO  ] ADC result[0] Port=0x00 Pin=0x05 Value=0x0004 (4)
09:47:32.910 [INFO  ] --- Channel 6/93: P0.6 ---
09:47:32.910 ------------------------------------------------------------------------
09:47:32.910 [STEP  ] 0x31 0x01 0xA043 ADC StartRoutine attempt 1
09:47:32.911 [INFO  ] CAN route: request TX ID=0x772, response RX ID=0x77A
09:47:32.911 [INFO  ] Expected ECU response: should receive a reply on CAN ID 0x77A within 2.000s
09:47:32.911 [TX CAN 0x772 RoutineControl ADC Test] 31 01 A0 43 03 01 00 06
09:47:32.935 [RX CAN 0x77A] 71 01 A0 43 02 00 00 06 0F FF
09:47:32.935 [INFO  ] Positive response: routineInfo=0x02 (RoutineResults), routineStatus=0x00 (RoutineExecutionSuccessful)
09:47:32.935 [INFO  ] Extra response bytes: 00 06 0F FF
09:47:32.935 [PASS  ] ADC StartRoutine positive response | expected: 71 01 A0 43 (01|02) ... | received: 71 01 A0 43 02 00 00 06 0F FF
09:47:32.937 [INFO  ] ADC result[0] Port=0x00 Pin=0x06 Value=0x0FFF (4095)
09:47:32.937 [INFO  ] --- Channel 7/93: P0.7 ---
09:47:32.937 ------------------------------------------------------------------------
09:47:32.937 [STEP  ] 0x31 0x01 0xA043 ADC StartRoutine attempt 1
09:47:32.938 [INFO  ] CAN route: request TX ID=0x772, response RX ID=0x77A
09:47:32.938 [INFO  ] Expected ECU response: should receive a reply on CAN ID 0x77A within 2.000s
09:47:32.938 [TX CAN 0x772 RoutineControl ADC Test] 31 01 A0 43 03 01 00 07
09:47:32.959 [RX CAN 0x77A] 71 01 A0 43 02 00 00 07 0D 89
09:47:32.959 [INFO  ] Positive response: routineInfo=0x02 (RoutineResults), routineStatus=0x00 (RoutineExecutionSuccessful)
09:47:32.959 [INFO  ] Extra response bytes: 00 07 0D 89
09:47:32.960 [PASS  ] ADC StartRoutine positive response | expected: 71 01 A0 43 (01|02) ... | received: 71 01 A0 43 02 00 00 07 0D 89
09:47:32.960 [INFO  ] ADC result[0] Port=0x00 Pin=0x07 Value=0x0D89 (3465)
09:47:32.960 [INFO  ] --- Channel 8/93: P0.8 ---
09:47:32.961 ------------------------------------------------------------------------
09:47:32.961 [STEP  ] 0x31 0x01 0xA043 ADC StartRoutine attempt 1
09:47:32.961 [INFO  ] CAN route: request TX ID=0x772, response RX ID=0x77A
09:47:32.962 [INFO  ] Expected ECU response: should receive a reply on CAN ID 0x77A within 2.000s
09:47:32.962 [TX CAN 0x772 RoutineControl ADC Test] 31 01 A0 43 03 01 00 08
09:47:32.986 [RX CAN 0x77A] 71 01 A0 43 02 00 00 08 0F FF
09:47:32.987 [INFO  ] Positive response: routineInfo=0x02 (RoutineResults), routineStatus=0x00 (RoutineExecutionSuccessful)
09:47:32.987 [INFO  ] Extra response bytes: 00 08 0F FF
09:47:32.987 [PASS  ] ADC StartRoutine positive response | expected: 71 01 A0 43 (01|02) ... | received: 71 01 A0 43 02 00 00 08 0F FF
09:47:32.988 [INFO  ] ADC result[0] Port=0x00 Pin=0x08 Value=0x0FFF (4095)
09:47:32.988 [INFO  ] --- Channel 9/93: P0.9 ---
09:47:32.988 ------------------------------------------------------------------------
09:47:32.988 [STEP  ] 0x31 0x01 0xA043 ADC StartRoutine attempt 1
09:47:32.988 [INFO  ] CAN route: request TX ID=0x772, response RX ID=0x77A
09:47:32.989 [INFO  ] Expected ECU response: should receive a reply on CAN ID 0x77A within 2.000s
09:47:32.989 [TX CAN 0x772 RoutineControl ADC Test] 31 01 A0 43 03 01 00 09
09:47:33.019 [RX CAN 0x77A] 71 01 A0 43 02 00 00 09 0F FA
09:47:33.019 [INFO  ] Positive response: routineInfo=0x02 (RoutineResults), routineStatus=0x00 (RoutineExecutionSuccessful)
09:47:33.020 [INFO  ] Extra response bytes: 00 09 0F FA
09:47:33.020 [PASS  ] ADC StartRoutine positive response | expected: 71 01 A0 43 (01|02) ... | received: 71 01 A0 43 02 00 00 09 0F FA
09:47:33.021 [INFO  ] ADC result[0] Port=0x00 Pin=0x09 Value=0x0FFA (4090)
09:47:33.021 [INFO  ] --- Channel 10/93: P0.10 ---
09:47:33.021 ------------------------------------------------------------------------
09:47:33.022 [STEP  ] 0x31 0x01 0xA043 ADC StartRoutine attempt 1
09:47:33.022 [INFO  ] CAN route: request TX ID=0x772, response RX ID=0x77A
09:47:33.022 [INFO  ] Expected ECU response: should receive a reply on CAN ID 0x77A within 2.000s
09:47:33.022 [TX CAN 0x772 RoutineControl ADC Test] 31 01 A0 43 03 01 00 0A
09:47:33.045 [RX CAN 0x77A] 71 01 A0 43 02 00 00 0A 05 3E
09:47:33.045 [INFO  ] Positive response: routineInfo=0x02 (RoutineResults), routineStatus=0x00 (RoutineExecutionSuccessful)
09:47:33.045 [INFO  ] Extra response bytes: 00 0A 05 3E
09:47:33.046 [PASS  ] ADC StartRoutine positive response | expected: 71 01 A0 43 (01|02) ... | received: 71 01 A0 43 02 00 00 0A 05 3E
09:47:33.046 [INFO  ] ADC result[0] Port=0x00 Pin=0x0A Value=0x053E (1342)
09:47:33.046 [INFO  ] --- Channel 11/93: P0.11 ---
09:47:33.047 ------------------------------------------------------------------------
09:47:33.047 [STEP  ] 0x31 0x01 0xA043 ADC StartRoutine attempt 1
09:47:33.047 [INFO  ] CAN route: request TX ID=0x772, response RX ID=0x77A
09:47:33.048 [INFO  ] Expected ECU response: should receive a reply on CAN ID 0x77A within 2.000s
09:47:33.048 [TX CAN 0x772 RoutineControl ADC Test] 31 01 A0 43 03 01 00 0B
09:47:33.079 [RX CAN 0x77A] 71 01 A0 43 02 00 00 0B 07 FE
09:47:33.080 [INFO  ] Positive response: routineInfo=0x02 (RoutineResults), routineStatus=0x00 (RoutineExecutionSuccessful)
09:47:33.080 [INFO  ] Extra response bytes: 00 0B 07 FE
09:47:33.081 [PASS  ] ADC StartRoutine positive response | expected: 71 01 A0 43 (01|02) ... | received: 71 01 A0 43 02 00 00 0B 07 FE
09:47:33.081 [INFO  ] ADC result[0] Port=0x00 Pin=0x0B Value=0x07FE (2046)
09:47:33.081 [INFO  ] --- Channel 12/93: P0.12 ---
09:47:33.081 ------------------------------------------------------------------------
09:47:33.082 [STEP  ] 0x31 0x01 0xA043 ADC StartRoutine attempt 1
09:47:33.083 [INFO  ] CAN route: request TX ID=0x772, response RX ID=0x77A
09:47:33.083 [INFO  ] Expected ECU response: should receive a reply on CAN ID 0x77A within 2.000s
09:47:33.084 [TX CAN 0x772 RoutineControl ADC Test] 31 01 A0 43 03 01 00 0C
09:47:33.108 [RX CAN 0x77A] 71 01 A0 43 02 00 00 0C 06 23
09:47:33.108 [INFO  ] Positive response: routineInfo=0x02 (RoutineResults), routineStatus=0x00 (RoutineExecutionSuccessful)
09:47:33.109 [INFO  ] Extra response bytes: 00 0C 06 23
09:47:33.109 [PASS  ] ADC StartRoutine positive response | expected: 71 01 A0 43 (01|02) ... | received: 71 01 A0 43 02 00 00 0C 06 23
09:47:33.109 [INFO  ] ADC result[0] Port=0x00 Pin=0x0C Value=0x0623 (1571)
09:47:33.109 [INFO  ] --- Channel 13/93: P1.3 ---
09:47:33.110 ------------------------------------------------------------------------
09:47:33.110 [STEP  ] 0x31 0x01 0xA043 ADC StartRoutine attempt 1
09:47:33.110 [INFO  ] CAN route: request TX ID=0x772, response RX ID=0x77A
09:47:33.110 [INFO  ] Expected ECU response: should receive a reply on CAN ID 0x77A within 2.000s
09:47:33.111 [TX CAN 0x772 RoutineControl ADC Test] 31 01 A0 43 03 01 01 03
09:47:33.135 [RX CAN 0x77A] 71 01 A0 43 02 00 01 03 00 1A
09:47:33.136 [INFO  ] Positive response: routineInfo=0x02 (RoutineResults), routineStatus=0x00 (RoutineExecutionSuccessful)
09:47:33.136 [INFO  ] Extra response bytes: 01 03 00 1A
09:47:33.137 [PASS  ] ADC StartRoutine positive response | expected: 71 01 A0 43 (01|02) ... | received: 71 01 A0 43 02 00 01 03 00 1A
09:47:33.137 [INFO  ] ADC result[0] Port=0x01 Pin=0x03 Value=0x001A (26)
09:47:33.137 [INFO  ] --- Channel 14/93: P1.4 ---
09:47:33.138 ------------------------------------------------------------------------
09:47:33.139 [STEP  ] 0x31 0x01 0xA043 ADC StartRoutine attempt 1
09:47:33.139 [INFO  ] CAN route: request TX ID=0x772, response RX ID=0x77A
09:47:33.139 [INFO  ] Expected ECU response: should receive a reply on CAN ID 0x77A within 2.000s
09:47:33.139 [TX CAN 0x772 RoutineControl ADC Test] 31 01 A0 43 03 01 01 04
09:47:33.168 [RX CAN 0x77A] 71 01 A0 43 02 00 01 04 00 19
09:47:33.169 [INFO  ] Positive response: routineInfo=0x02 (RoutineResults), routineStatus=0x00 (RoutineExecutionSuccessful)
09:47:33.169 [INFO  ] Extra response bytes: 01 04 00 19
09:47:33.169 [PASS  ] ADC StartRoutine positive response | expected: 71 01 A0 43 (01|02) ... | received: 71 01 A0 43 02 00 01 04 00 19
09:47:33.170 [INFO  ] ADC result[0] Port=0x01 Pin=0x04 Value=0x0019 (25)
09:47:33.170 [INFO  ] --- Channel 15/93: P1.5 ---
09:47:33.170 ------------------------------------------------------------------------
09:47:33.171 [STEP  ] 0x31 0x01 0xA043 ADC StartRoutine attempt 1
09:47:33.171 [INFO  ] CAN route: request TX ID=0x772, response RX ID=0x77A
09:47:33.171 [INFO  ] Expected ECU response: should receive a reply on CAN ID 0x77A within 2.000s
09:47:33.171 [TX CAN 0x772 RoutineControl ADC Test] 31 01 A0 43 03 01 01 05
09:47:33.194 [RX CAN 0x77A] 71 01 A0 43 02 00 01 05 00 01
09:47:33.195 [INFO  ] Positive response: routineInfo=0x02 (RoutineResults), routineStatus=0x00 (RoutineExecutionSuccessful)
09:47:33.195 [INFO  ] Extra response bytes: 01 05 00 01
09:47:33.195 [PASS  ] ADC StartRoutine positive response | expected: 71 01 A0 43 (01|02) ... | received: 71 01 A0 43 02 00 01 05 00 01
09:47:33.195 [INFO  ] ADC result[0] Port=0x01 Pin=0x05 Value=0x0001 (1)
09:47:33.196 [INFO  ] --- Channel 16/93: P2.11 ---
09:47:33.196 ------------------------------------------------------------------------
09:47:33.196 [STEP  ] 0x31 0x01 0xA043 ADC StartRoutine attempt 1
09:47:33.197 [INFO  ] CAN route: request TX ID=0x772, response RX ID=0x77A
09:47:33.197 [INFO  ] Expected ECU response: should receive a reply on CAN ID 0x77A within 2.000s
09:47:33.198 [TX CAN 0x772 RoutineControl ADC Test] 31 01 A0 43 03 01 02 0B
09:47:33.220 [RX CAN 0x77A] 71 01 A0 43 02 00 02 0B 00 04
09:47:33.220 [INFO  ] Positive response: routineInfo=0x02 (RoutineResults), routineStatus=0x00 (RoutineExecutionSuccessful)
09:47:33.220 [INFO  ] Extra response bytes: 02 0B 00 04
09:47:33.221 [PASS  ] ADC StartRoutine positive response | expected: 71 01 A0 43 (01|02) ... | received: 71 01 A0 43 02 00 02 0B 00 04
09:47:33.221 [INFO  ] ADC result[0] Port=0x02 Pin=0x0B Value=0x0004 (4)
09:47:33.221 [INFO  ] --- Channel 17/93: P33.4 ---
09:47:33.222 ------------------------------------------------------------------------
09:47:33.222 [STEP  ] 0x31 0x01 0xA043 ADC StartRoutine attempt 1
09:47:33.222 [INFO  ] CAN route: request TX ID=0x772, response RX ID=0x77A
09:47:33.222 [INFO  ] Expected ECU response: should receive a reply on CAN ID 0x77A within 2.000s
09:47:33.222 [TX CAN 0x772 RoutineControl ADC Test] 31 01 A0 43 03 01 21 04
09:47:33.244 [RX CAN 0x77A] 71 01 A0 43 02 00 21 04 00 03
09:47:33.244 [INFO  ] Positive response: routineInfo=0x02 (RoutineResults), routineStatus=0x00 (RoutineExecutionSuccessful)
09:47:33.244 [INFO  ] Extra response bytes: 21 04 00 03
09:47:33.245 [PASS  ] ADC StartRoutine positive response | expected: 71 01 A0 43 (01|02) ... | received: 71 01 A0 43 02 00 21 04 00 03
09:47:33.245 [INFO  ] ADC result[0] Port=0x21 Pin=0x04 Value=0x0003 (3)
09:47:33.245 [INFO  ] --- Channel 18/93: P33.5 ---
09:47:33.245 ------------------------------------------------------------------------
09:47:33.246 [STEP  ] 0x31 0x01 0xA043 ADC StartRoutine attempt 1
09:47:33.246 [INFO  ] CAN route: request TX ID=0x772, response RX ID=0x77A
09:47:33.246 [INFO  ] Expected ECU response: should receive a reply on CAN ID 0x77A within 2.000s
09:47:33.247 [TX CAN 0x772 RoutineControl ADC Test] 31 01 A0 43 03 01 21 05
09:47:33.278 [RX CAN 0x77A] 71 01 A0 43 02 00 21 05 00 01
09:47:33.279 [INFO  ] Positive response: routineInfo=0x02 (RoutineResults), routineStatus=0x00 (RoutineExecutionSuccessful)
09:47:33.279 [INFO  ] Extra response bytes: 21 05 00 01
09:47:33.279 [PASS  ] ADC StartRoutine positive response | expected: 71 01 A0 43 (01|02) ... | received: 71 01 A0 43 02 00 21 05 00 01
09:47:33.280 [INFO  ] ADC result[0] Port=0x21 Pin=0x05 Value=0x0001 (1)
09:47:33.280 [INFO  ] --- Channel 19/93: P34.2 ---
09:47:33.281 ------------------------------------------------------------------------
09:47:33.281 [STEP  ] 0x31 0x01 0xA043 ADC StartRoutine attempt 1
09:47:33.281 [INFO  ] CAN route: request TX ID=0x772, response RX ID=0x77A
09:47:33.281 [INFO  ] Expected ECU response: should receive a reply on CAN ID 0x77A within 2.000s
09:47:33.282 [TX CAN 0x772 RoutineControl ADC Test] 31 01 A0 43 03 01 22 02
09:47:33.305 [RX CAN 0x77A] 71 01 A0 43 02 00 22 02 00 34
09:47:33.306 [INFO  ] Positive response: routineInfo=0x02 (RoutineResults), routineStatus=0x00 (RoutineExecutionSuccessful)
09:47:33.306 [INFO  ] Extra response bytes: 22 02 00 34
09:47:33.307 [PASS  ] ADC StartRoutine positive response | expected: 71 01 A0 43 (01|02) ... | received: 71 01 A0 43 02 00 22 02 00 34
09:47:33.307 [INFO  ] ADC result[0] Port=0x22 Pin=0x02 Value=0x0034 (52)
09:47:33.307 [INFO  ] --- Channel 20/93: P34.3 ---
09:47:33.307 ------------------------------------------------------------------------
09:47:33.308 [STEP  ] 0x31 0x01 0xA043 ADC StartRoutine attempt 1
09:47:33.308 [INFO  ] CAN route: request TX ID=0x772, response RX ID=0x77A
09:47:33.308 [INFO  ] Expected ECU response: should receive a reply on CAN ID 0x77A within 2.000s
09:47:33.308 [TX CAN 0x772 RoutineControl ADC Test] 31 01 A0 43 03 01 22 03
09:47:33.340 [RX CAN 0x77A] 71 01 A0 43 02 00 22 03 0F FF
09:47:33.340 [INFO  ] Positive response: routineInfo=0x02 (RoutineResults), routineStatus=0x00 (RoutineExecutionSuccessful)
09:47:33.341 [INFO  ] Extra response bytes: 22 03 0F FF
09:47:33.341 [PASS  ] ADC StartRoutine positive response | expected: 71 01 A0 43 (01|02) ... | received: 71 01 A0 43 02 00 22 03 0F FF
09:47:33.342 [INFO  ] ADC result[0] Port=0x22 Pin=0x03 Value=0x0FFF (4095)
09:47:33.342 [INFO  ] --- Channel 21/93: P34.4 ---
09:47:33.342 ------------------------------------------------------------------------
09:47:33.343 [STEP  ] 0x31 0x01 0xA043 ADC StartRoutine attempt 1
09:47:33.343 [INFO  ] CAN route: request TX ID=0x772, response RX ID=0x77A
09:47:33.343 [INFO  ] Expected ECU response: should receive a reply on CAN ID 0x77A within 2.000s
09:47:33.344 [TX CAN 0x772 RoutineControl ADC Test] 31 01 A0 43 03 01 22 04
09:47:33.363 [RX CAN 0x77A] 71 01 A0 43 02 00 22 04 00 02
09:47:33.363 [INFO  ] Positive response: routineInfo=0x02 (RoutineResults), routineStatus=0x00 (RoutineExecutionSuccessful)
09:47:33.364 [INFO  ] Extra response bytes: 22 04 00 02
09:47:33.364 [PASS  ] ADC StartRoutine positive response | expected: 71 01 A0 43 (01|02) ... | received: 71 01 A0 43 02 00 22 04 00 02
09:47:33.365 [INFO  ] ADC result[0] Port=0x22 Pin=0x04 Value=0x0002 (2)
09:47:33.365 [INFO  ] --- Channel 22/93: P40.0 ---
09:47:33.365 ------------------------------------------------------------------------
09:47:33.365 [STEP  ] 0x31 0x01 0xA043 ADC StartRoutine attempt 1
09:47:33.365 [INFO  ] CAN route: request TX ID=0x772, response RX ID=0x77A
09:47:33.366 [INFO  ] Expected ECU response: should receive a reply on CAN ID 0x77A within 2.000s
09:47:33.366 [TX CAN 0x772 RoutineControl ADC Test] 31 01 A0 43 03 01 28 00
09:47:33.388 [RX CAN 0x77A] 71 01 A0 43 02 00 28 00 04 3B
09:47:33.389 [INFO  ] Positive response: routineInfo=0x02 (RoutineResults), routineStatus=0x00 (RoutineExecutionSuccessful)
09:47:33.389 [INFO  ] Extra response bytes: 28 00 04 3B
09:47:33.389 [PASS  ] ADC StartRoutine positive response | expected: 71 01 A0 43 (01|02) ... | received: 71 01 A0 43 02 00 28 00 04 3B
09:47:33.390 [INFO  ] ADC result[0] Port=0x28 Pin=0x00 Value=0x043B (1083)
09:47:33.390 [INFO  ] --- Channel 23/93: P40.1 ---
09:47:33.391 ------------------------------------------------------------------------
09:47:33.391 [STEP  ] 0x31 0x01 0xA043 ADC StartRoutine attempt 1
09:47:33.392 [INFO  ] CAN route: request TX ID=0x772, response RX ID=0x77A
09:47:33.392 [INFO  ] Expected ECU response: should receive a reply on CAN ID 0x77A within 2.000s
09:47:33.392 [TX CAN 0x772 RoutineControl ADC Test] 31 01 A0 43 03 01 28 01
09:47:33.414 [RX CAN 0x77A] 71 01 A0 43 02 00 28 01 02 59
09:47:33.415 [INFO  ] Positive response: routineInfo=0x02 (RoutineResults), routineStatus=0x00 (RoutineExecutionSuccessful)
09:47:33.416 [INFO  ] Extra response bytes: 28 01 02 59
09:47:33.416 [PASS  ] ADC StartRoutine positive response | expected: 71 01 A0 43 (01|02) ... | received: 71 01 A0 43 02 00 28 01 02 59
09:47:33.416 [INFO  ] ADC result[0] Port=0x28 Pin=0x01 Value=0x0259 (601)
09:47:33.417 [INFO  ] --- Channel 24/93: P40.2 ---
09:47:33.417 ------------------------------------------------------------------------
09:47:33.417 [STEP  ] 0x31 0x01 0xA043 ADC StartRoutine attempt 1
09:47:33.417 [INFO  ] CAN route: request TX ID=0x772, response RX ID=0x77A
09:47:33.418 [INFO  ] Expected ECU response: should receive a reply on CAN ID 0x77A within 2.000s
09:47:33.419 [TX CAN 0x772 RoutineControl ADC Test] 31 01 A0 43 03 01 28 02
09:47:33.449 [RX CAN 0x77A] 71 01 A0 43 02 00 28 02 00 00
09:47:33.450 [INFO  ] Positive response: routineInfo=0x02 (RoutineResults), routineStatus=0x00 (RoutineExecutionSuccessful)
09:47:33.450 [INFO  ] Extra response bytes: 28 02 00 00
09:47:33.450 [PASS  ] ADC StartRoutine positive response | expected: 71 01 A0 43 (01|02) ... | received: 71 01 A0 43 02 00 28 02 00 00
09:47:33.451 [INFO  ] ADC result[0] Port=0x28 Pin=0x02 Value=0x0000 (0)
09:47:33.451 [INFO  ] --- Channel 25/93: P40.3 ---
09:47:33.451 ------------------------------------------------------------------------
09:47:33.452 [STEP  ] 0x31 0x01 0xA043 ADC StartRoutine attempt 1
09:47:33.452 [INFO  ] CAN route: request TX ID=0x772, response RX ID=0x77A
09:47:33.452 [INFO  ] Expected ECU response: should receive a reply on CAN ID 0x77A within 2.000s
09:47:33.452 [TX CAN 0x772 RoutineControl ADC Test] 31 01 A0 43 03 01 28 03
09:47:33.473 [RX CAN 0x77A] 71 01 A0 43 02 00 28 03 00 00
09:47:33.473 [INFO  ] Positive response: routineInfo=0x02 (RoutineResults), routineStatus=0x00 (RoutineExecutionSuccessful)
09:47:33.474 [INFO  ] Extra response bytes: 28 03 00 00
09:47:33.474 [PASS  ] ADC StartRoutine positive response | expected: 71 01 A0 43 (01|02) ... | received: 71 01 A0 43 02 00 28 03 00 00
09:47:33.474 [INFO  ] ADC result[0] Port=0x28 Pin=0x03 Value=0x0000 (0)
09:47:33.475 [INFO  ] --- Channel 26/93: P40.4 ---
09:47:33.475 ------------------------------------------------------------------------
09:47:33.475 [STEP  ] 0x31 0x01 0xA043 ADC StartRoutine attempt 1
09:47:33.475 [INFO  ] CAN route: request TX ID=0x772, response RX ID=0x77A
09:47:33.475 [INFO  ] Expected ECU response: should receive a reply on CAN ID 0x77A within 2.000s
09:47:33.476 [TX CAN 0x772 RoutineControl ADC Test] 31 01 A0 43 03 01 28 04
09:47:33.499 [RX CAN 0x77A] 71 01 A0 43 02 00 28 04 00 00
09:47:33.500 [INFO  ] Positive response: routineInfo=0x02 (RoutineResults), routineStatus=0x00 (RoutineExecutionSuccessful)
09:47:33.500 [INFO  ] Extra response bytes: 28 04 00 00
09:47:33.500 [PASS  ] ADC StartRoutine positive response | expected: 71 01 A0 43 (01|02) ... | received: 71 01 A0 43 02 00 28 04 00 00
09:47:33.500 [INFO  ] ADC result[0] Port=0x28 Pin=0x04 Value=0x0000 (0)
09:47:33.501 [INFO  ] --- Channel 27/93: P40.5 ---
09:47:33.501 ------------------------------------------------------------------------
09:47:33.501 [STEP  ] 0x31 0x01 0xA043 ADC StartRoutine attempt 1
09:47:33.501 [INFO  ] CAN route: request TX ID=0x772, response RX ID=0x77A
09:47:33.502 [INFO  ] Expected ECU response: should receive a reply on CAN ID 0x77A within 2.000s
09:47:33.502 [TX CAN 0x772 RoutineControl ADC Test] 31 01 A0 43 03 01 28 05
09:47:33.525 [RX CAN 0x77A] 71 01 A0 43 02 00 28 05 00 00
09:47:33.526 [INFO  ] Positive response: routineInfo=0x02 (RoutineResults), routineStatus=0x00 (RoutineExecutionSuccessful)
09:47:33.526 [INFO  ] Extra response bytes: 28 05 00 00
09:47:33.527 [PASS  ] ADC StartRoutine positive response | expected: 71 01 A0 43 (01|02) ... | received: 71 01 A0 43 02 00 28 05 00 00
09:47:33.527 [INFO  ] ADC result[0] Port=0x28 Pin=0x05 Value=0x0000 (0)
09:47:33.527 [INFO  ] --- Channel 28/93: P40.6 ---
09:47:33.528 ------------------------------------------------------------------------
09:47:33.528 [STEP  ] 0x31 0x01 0xA043 ADC StartRoutine attempt 1
09:47:33.528 [INFO  ] CAN route: request TX ID=0x772, response RX ID=0x77A
09:47:33.528 [INFO  ] Expected ECU response: should receive a reply on CAN ID 0x77A within 2.000s
09:47:33.529 [TX CAN 0x772 RoutineControl ADC Test] 31 01 A0 43 03 01 28 06
09:47:33.559 [RX CAN 0x77A] 71 01 A0 43 02 00 28 06 00 02
09:47:33.560 [INFO  ] Positive response: routineInfo=0x02 (RoutineResults), routineStatus=0x00 (RoutineExecutionSuccessful)
09:47:33.560 [INFO  ] Extra response bytes: 28 06 00 02
09:47:33.560 [PASS  ] ADC StartRoutine positive response | expected: 71 01 A0 43 (01|02) ... | received: 71 01 A0 43 02 00 28 06 00 02
09:47:33.560 [INFO  ] ADC result[0] Port=0x28 Pin=0x06 Value=0x0002 (2)
09:47:33.561 [INFO  ] --- Channel 29/93: P40.7 ---
09:47:33.561 ------------------------------------------------------------------------
09:47:33.561 [STEP  ] 0x31 0x01 0xA043 ADC StartRoutine attempt 1
09:47:33.562 [INFO  ] CAN route: request TX ID=0x772, response RX ID=0x77A
09:47:33.562 [INFO  ] Expected ECU response: should receive a reply on CAN ID 0x77A within 2.000s
09:47:33.562 [TX CAN 0x772 RoutineControl ADC Test] 31 01 A0 43 03 01 28 07
09:47:33.586 [RX CAN 0x77A] 71 01 A0 43 02 00 28 07 00 00
09:47:33.586 [INFO  ] Positive response: routineInfo=0x02 (RoutineResults), routineStatus=0x00 (RoutineExecutionSuccessful)
09:47:33.587 [INFO  ] Extra response bytes: 28 07 00 00
09:47:33.587 [PASS  ] ADC StartRoutine positive response | expected: 71 01 A0 43 (01|02) ... | received: 71 01 A0 43 02 00 28 07 00 00
09:47:33.587 [INFO  ] ADC result[0] Port=0x28 Pin=0x07 Value=0x0000 (0)
09:47:33.588 [INFO  ] --- Channel 30/93: P40.8 ---
09:47:33.588 ------------------------------------------------------------------------
09:47:33.588 [STEP  ] 0x31 0x01 0xA043 ADC StartRoutine attempt 1
09:47:33.588 [INFO  ] CAN route: request TX ID=0x772, response RX ID=0x77A
09:47:33.589 [INFO  ] Expected ECU response: should receive a reply on CAN ID 0x77A within 2.000s
09:47:33.589 [TX CAN 0x772 RoutineControl ADC Test] 31 01 A0 43 03 01 28 08
09:47:33.609 [RX CAN 0x77A] 71 01 A0 43 02 00 28 08 00 00
09:47:33.610 [INFO  ] Positive response: routineInfo=0x02 (RoutineResults), routineStatus=0x00 (RoutineExecutionSuccessful)
09:47:33.610 [INFO  ] Extra response bytes: 28 08 00 00
09:47:33.610 [PASS  ] ADC StartRoutine positive response | expected: 71 01 A0 43 (01|02) ... | received: 71 01 A0 43 02 00 28 08 00 00
09:47:33.611 [INFO  ] ADC result[0] Port=0x28 Pin=0x08 Value=0x0000 (0)
09:47:33.611 [INFO  ] --- Channel 31/93: P40.9 ---
09:47:33.611 ------------------------------------------------------------------------
09:47:33.611 [STEP  ] 0x31 0x01 0xA043 ADC StartRoutine attempt 1
09:47:33.611 [INFO  ] CAN route: request TX ID=0x772, response RX ID=0x77A
09:47:33.612 [INFO  ] Expected ECU response: should receive a reply on CAN ID 0x77A within 2.000s
09:47:33.612 [TX CAN 0x772 RoutineControl ADC Test] 31 01 A0 43 03 01 28 09
09:47:33.633 [RX CAN 0x77A] 71 01 A0 43 02 00 28 09 00 00
09:47:33.633 [INFO  ] Positive response: routineInfo=0x02 (RoutineResults), routineStatus=0x00 (RoutineExecutionSuccessful)
09:47:33.634 [INFO  ] Extra response bytes: 28 09 00 00
09:47:33.634 [PASS  ] ADC StartRoutine positive response | expected: 71 01 A0 43 (01|02) ... | received: 71 01 A0 43 02 00 28 09 00 00
09:47:33.634 [INFO  ] ADC result[0] Port=0x28 Pin=0x09 Value=0x0000 (0)
09:47:33.635 [INFO  ] --- Channel 32/93: P40.10 ---
09:47:33.635 ------------------------------------------------------------------------
09:47:33.635 [STEP  ] 0x31 0x01 0xA043 ADC StartRoutine attempt 1
09:47:33.635 [INFO  ] CAN route: request TX ID=0x772, response RX ID=0x77A
09:47:33.636 [INFO  ] Expected ECU response: should receive a reply on CAN ID 0x77A within 2.000s
09:47:33.636 [TX CAN 0x772 RoutineControl ADC Test] 31 01 A0 43 03 01 28 0A
09:47:33.668 [RX CAN 0x77A] 71 01 A0 43 02 00 28 0A 0F F9
09:47:33.668 [INFO  ] Positive response: routineInfo=0x02 (RoutineResults), routineStatus=0x00 (RoutineExecutionSuccessful)
09:47:33.669 [INFO  ] Extra response bytes: 28 0A 0F F9
09:47:33.669 [PASS  ] ADC StartRoutine positive response | expected: 71 01 A0 43 (01|02) ... | received: 71 01 A0 43 02 00 28 0A 0F F9
09:47:33.669 [INFO  ] ADC result[0] Port=0x28 Pin=0x0A Value=0x0FF9 (4089)
09:47:33.670 [INFO  ] --- Channel 33/93: P40.11 ---
09:47:33.670 ------------------------------------------------------------------------
09:47:33.670 [STEP  ] 0x31 0x01 0xA043 ADC StartRoutine attempt 1
09:47:33.671 [INFO  ] CAN route: request TX ID=0x772, response RX ID=0x77A
09:47:33.671 [INFO  ] Expected ECU response: should receive a reply on CAN ID 0x77A within 2.000s
09:47:33.671 [TX CAN 0x772 RoutineControl ADC Test] 31 01 A0 43 03 01 28 0B
09:47:33.693 [RX CAN 0x77A] 71 01 A0 43 02 00 28 0B 0F F8
09:47:33.693 [INFO  ] Positive response: routineInfo=0x02 (RoutineResults), routineStatus=0x00 (RoutineExecutionSuccessful)
09:47:33.693 [INFO  ] Extra response bytes: 28 0B 0F F8
09:47:33.693 [PASS  ] ADC StartRoutine positive response | expected: 71 01 A0 43 (01|02) ... | received: 71 01 A0 43 02 00 28 0B 0F F8
09:47:33.694 [INFO  ] ADC result[0] Port=0x28 Pin=0x0B Value=0x0FF8 (4088)
09:47:33.694 [INFO  ] --- Channel 34/93: P40.12 ---
09:47:33.695 ------------------------------------------------------------------------
09:47:33.695 [STEP  ] 0x31 0x01 0xA043 ADC StartRoutine attempt 1
09:47:33.695 [INFO  ] CAN route: request TX ID=0x772, response RX ID=0x77A
09:47:33.695 [INFO  ] Expected ECU response: should receive a reply on CAN ID 0x77A within 2.000s
09:47:33.695 [TX CAN 0x772 RoutineControl ADC Test] 31 01 A0 43 03 01 28 0C
09:47:33.729 [RX CAN 0x77A] 71 01 A0 43 02 00 28 0C 0F F8
09:47:33.729 [INFO  ] Positive response: routineInfo=0x02 (RoutineResults), routineStatus=0x00 (RoutineExecutionSuccessful)
09:47:33.730 [INFO  ] Extra response bytes: 28 0C 0F F8
09:47:33.730 [PASS  ] ADC StartRoutine positive response | expected: 71 01 A0 43 (01|02) ... | received: 71 01 A0 43 02 00 28 0C 0F F8
09:47:33.730 [INFO  ] ADC result[0] Port=0x28 Pin=0x0C Value=0x0FF8 (4088)
09:47:33.730 [INFO  ] --- Channel 35/93: P40.13 ---
09:47:33.730 ------------------------------------------------------------------------
09:47:33.730 [STEP  ] 0x31 0x01 0xA043 ADC StartRoutine attempt 1
09:47:33.731 [INFO  ] CAN route: request TX ID=0x772, response RX ID=0x77A
09:47:33.731 [INFO  ] Expected ECU response: should receive a reply on CAN ID 0x77A within 2.000s
09:47:33.731 [TX CAN 0x772 RoutineControl ADC Test] 31 01 A0 43 03 01 28 0D
09:47:33.753 [RX CAN 0x77A] 71 01 A0 43 02 00 28 0D 01 81
09:47:33.753 [INFO  ] Positive response: routineInfo=0x02 (RoutineResults), routineStatus=0x00 (RoutineExecutionSuccessful)
09:47:33.754 [INFO  ] Extra response bytes: 28 0D 01 81
09:47:33.754 [PASS  ] ADC StartRoutine positive response | expected: 71 01 A0 43 (01|02) ... | received: 71 01 A0 43 02 00 28 0D 01 81
09:47:33.754 [INFO  ] ADC result[0] Port=0x28 Pin=0x0D Value=0x0181 (385)
09:47:33.756 [INFO  ] --- Channel 36/93: P40.14 ---
09:47:33.757 ------------------------------------------------------------------------
09:47:33.757 [STEP  ] 0x31 0x01 0xA043 ADC StartRoutine attempt 1
09:47:33.757 [INFO  ] CAN route: request TX ID=0x772, response RX ID=0x77A
09:47:33.758 [INFO  ] Expected ECU response: should receive a reply on CAN ID 0x77A within 2.000s
09:47:33.758 [TX CAN 0x772 RoutineControl ADC Test] 31 01 A0 43 03 01 28 0E
09:47:33.779 [RX CAN 0x77A] 71 01 A0 43 02 00 28 0E 01 B2
09:47:33.779 [INFO  ] Positive response: routineInfo=0x02 (RoutineResults), routineStatus=0x00 (RoutineExecutionSuccessful)
09:47:33.780 [INFO  ] Extra response bytes: 28 0E 01 B2
09:47:33.780 [PASS  ] ADC StartRoutine positive response | expected: 71 01 A0 43 (01|02) ... | received: 71 01 A0 43 02 00 28 0E 01 B2
09:47:33.780 [INFO  ] ADC result[0] Port=0x28 Pin=0x0E Value=0x01B2 (434)
09:47:33.781 [INFO  ] --- Channel 37/93: P40.15 ---
09:47:33.781 ------------------------------------------------------------------------
09:47:33.781 [STEP  ] 0x31 0x01 0xA043 ADC StartRoutine attempt 1
09:47:33.782 [INFO  ] CAN route: request TX ID=0x772, response RX ID=0x77A
09:47:33.783 [INFO  ] Expected ECU response: should receive a reply on CAN ID 0x77A within 2.000s
09:47:33.783 [TX CAN 0x772 RoutineControl ADC Test] 31 01 A0 43 03 01 28 0F
09:47:33.804 [RX CAN 0x77A] 71 01 A0 43 02 00 28 0F 0F F8
09:47:33.805 [INFO  ] Positive response: routineInfo=0x02 (RoutineResults), routineStatus=0x00 (RoutineExecutionSuccessful)
09:47:33.805 [INFO  ] Extra response bytes: 28 0F 0F F8
09:47:33.805 [PASS  ] ADC StartRoutine positive response | expected: 71 01 A0 43 (01|02) ... | received: 71 01 A0 43 02 00 28 0F 0F F8
09:47:33.806 [INFO  ] ADC result[0] Port=0x28 Pin=0x0F Value=0x0FF8 (4088)
09:47:33.806 [INFO  ] --- Channel 38/93: P41.0 ---
09:47:33.807 ------------------------------------------------------------------------
09:47:33.807 [STEP  ] 0x31 0x01 0xA043 ADC StartRoutine attempt 1
09:47:33.807 [INFO  ] CAN route: request TX ID=0x772, response RX ID=0x77A
09:47:33.808 [INFO  ] Expected ECU response: should receive a reply on CAN ID 0x77A within 2.000s
09:47:33.808 [TX CAN 0x772 RoutineControl ADC Test] 31 01 A0 43 03 01 29 00
09:47:33.839 [RX CAN 0x77A] 71 01 A0 43 02 00 29 00 0F F8
09:47:33.840 [INFO  ] Positive response: routineInfo=0x02 (RoutineResults), routineStatus=0x00 (RoutineExecutionSuccessful)
09:47:33.840 [INFO  ] Extra response bytes: 29 00 0F F8
09:47:33.840 [PASS  ] ADC StartRoutine positive response | expected: 71 01 A0 43 (01|02) ... | received: 71 01 A0 43 02 00 29 00 0F F8
09:47:33.841 [INFO  ] ADC result[0] Port=0x29 Pin=0x00 Value=0x0FF8 (4088)
09:47:33.841 [INFO  ] --- Channel 39/93: P41.1 ---
09:47:33.841 ------------------------------------------------------------------------
09:47:33.841 [STEP  ] 0x31 0x01 0xA043 ADC StartRoutine attempt 1
09:47:33.841 [INFO  ] CAN route: request TX ID=0x772, response RX ID=0x77A
09:47:33.843 [INFO  ] Expected ECU response: should receive a reply on CAN ID 0x77A within 2.000s
09:47:33.843 [TX CAN 0x772 RoutineControl ADC Test] 31 01 A0 43 03 01 29 01
09:47:33.864 [RX CAN 0x77A] 71 01 A0 43 02 00 29 01 0F F8
09:47:33.864 [INFO  ] Positive response: routineInfo=0x02 (RoutineResults), routineStatus=0x00 (RoutineExecutionSuccessful)
09:47:33.864 [INFO  ] Extra response bytes: 29 01 0F F8
09:47:33.866 [PASS  ] ADC StartRoutine positive response | expected: 71 01 A0 43 (01|02) ... | received: 71 01 A0 43 02 00 29 01 0F F8
09:47:33.866 [INFO  ] ADC result[0] Port=0x29 Pin=0x01 Value=0x0FF8 (4088)
09:47:33.867 [INFO  ] --- Channel 40/93: P41.2 ---
09:47:33.867 ------------------------------------------------------------------------
09:47:33.867 [STEP  ] 0x31 0x01 0xA043 ADC StartRoutine attempt 1
09:47:33.867 [INFO  ] CAN route: request TX ID=0x772, response RX ID=0x77A
09:47:33.868 [INFO  ] Expected ECU response: should receive a reply on CAN ID 0x77A within 2.000s
09:47:33.868 [TX CAN 0x772 RoutineControl ADC Test] 31 01 A0 43 03 01 29 02
09:47:33.889 [RX CAN 0x77A] 71 01 A0 43 02 00 29 02 0F FA
09:47:33.890 [INFO  ] Positive response: routineInfo=0x02 (RoutineResults), routineStatus=0x00 (RoutineExecutionSuccessful)
09:47:33.890 [INFO  ] Extra response bytes: 29 02 0F FA
09:47:33.890 [PASS  ] ADC StartRoutine positive response | expected: 71 01 A0 43 (01|02) ... | received: 71 01 A0 43 02 00 29 02 0F FA
09:47:33.891 [INFO  ] ADC result[0] Port=0x29 Pin=0x02 Value=0x0FFA (4090)
09:47:33.891 [INFO  ] --- Channel 41/93: P41.3 ---
09:47:33.891 ------------------------------------------------------------------------
09:47:33.891 [STEP  ] 0x31 0x01 0xA043 ADC StartRoutine attempt 1
09:47:33.892 [INFO  ] CAN route: request TX ID=0x772, response RX ID=0x77A
09:47:33.892 [INFO  ] Expected ECU response: should receive a reply on CAN ID 0x77A within 2.000s
09:47:33.892 [TX CAN 0x772 RoutineControl ADC Test] 31 01 A0 43 03 01 29 03
09:47:33.913 [RX CAN 0x77A] 71 01 A0 43 02 00 29 03 0F F9
09:47:33.914 [INFO  ] Positive response: routineInfo=0x02 (RoutineResults), routineStatus=0x00 (RoutineExecutionSuccessful)
09:47:33.914 [INFO  ] Extra response bytes: 29 03 0F F9
09:47:33.914 [PASS  ] ADC StartRoutine positive response | expected: 71 01 A0 43 (01|02) ... | received: 71 01 A0 43 02 00 29 03 0F F9
09:47:33.915 [INFO  ] ADC result[0] Port=0x29 Pin=0x03 Value=0x0FF9 (4089)
09:47:33.915 [INFO  ] --- Channel 42/93: P41.4 ---
09:47:33.915 ------------------------------------------------------------------------
09:47:33.915 [STEP  ] 0x31 0x01 0xA043 ADC StartRoutine attempt 1
09:47:33.916 [INFO  ] CAN route: request TX ID=0x772, response RX ID=0x77A
09:47:33.917 [INFO  ] Expected ECU response: should receive a reply on CAN ID 0x77A within 2.000s
09:47:33.917 [TX CAN 0x772 RoutineControl ADC Test] 31 01 A0 43 03 01 29 04
09:47:33.948 [RX CAN 0x77A] 71 01 A0 43 02 00 29 04 00 08
09:47:33.948 [INFO  ] Positive response: routineInfo=0x02 (RoutineResults), routineStatus=0x00 (RoutineExecutionSuccessful)
09:47:33.948 [INFO  ] Extra response bytes: 29 04 00 08
09:47:33.949 [PASS  ] ADC StartRoutine positive response | expected: 71 01 A0 43 (01|02) ... | received: 71 01 A0 43 02 00 29 04 00 08
09:47:33.949 [INFO  ] ADC result[0] Port=0x29 Pin=0x04 Value=0x0008 (8)
09:47:33.950 [INFO  ] --- Channel 43/93: P41.5 ---
09:47:33.950 ------------------------------------------------------------------------
09:47:33.950 [STEP  ] 0x31 0x01 0xA043 ADC StartRoutine attempt 1
09:47:33.951 [INFO  ] CAN route: request TX ID=0x772, response RX ID=0x77A
09:47:33.951 [INFO  ] Expected ECU response: should receive a reply on CAN ID 0x77A within 2.000s
09:47:33.951 [TX CAN 0x772 RoutineControl ADC Test] 31 01 A0 43 03 01 29 05
09:47:33.973 [RX CAN 0x77A] 71 01 A0 43 02 00 29 05 00 01
09:47:33.973 [INFO  ] Positive response: routineInfo=0x02 (RoutineResults), routineStatus=0x00 (RoutineExecutionSuccessful)
09:47:33.974 [INFO  ] Extra response bytes: 29 05 00 01
09:47:33.974 [PASS  ] ADC StartRoutine positive response | expected: 71 01 A0 43 (01|02) ... | received: 71 01 A0 43 02 00 29 05 00 01
09:47:33.974 [INFO  ] ADC result[0] Port=0x29 Pin=0x05 Value=0x0001 (1)
09:47:33.975 [INFO  ] --- Channel 44/93: P41.6 ---
09:47:33.975 ------------------------------------------------------------------------
09:47:33.975 [STEP  ] 0x31 0x01 0xA043 ADC StartRoutine attempt 1
09:47:33.975 [INFO  ] CAN route: request TX ID=0x772, response RX ID=0x77A
09:47:33.975 [INFO  ] Expected ECU response: should receive a reply on CAN ID 0x77A within 2.000s
09:47:33.976 [TX CAN 0x772 RoutineControl ADC Test] 31 01 A0 43 03 01 29 06
09:47:33.999 [RX CAN 0x77A] 71 01 A0 43 02 00 29 06 00 04
09:47:34.000 [INFO  ] Positive response: routineInfo=0x02 (RoutineResults), routineStatus=0x00 (RoutineExecutionSuccessful)
09:47:34.000 [INFO  ] Extra response bytes: 29 06 00 04
09:47:34.000 [PASS  ] ADC StartRoutine positive response | expected: 71 01 A0 43 (01|02) ... | received: 71 01 A0 43 02 00 29 06 00 04
09:47:34.000 [INFO  ] ADC result[0] Port=0x29 Pin=0x06 Value=0x0004 (4)
09:47:34.001 [INFO  ] --- Channel 45/93: P41.7 ---
09:47:34.001 ------------------------------------------------------------------------
09:47:34.001 [STEP  ] 0x31 0x01 0xA043 ADC StartRoutine attempt 1
09:47:34.001 [INFO  ] CAN route: request TX ID=0x772, response RX ID=0x77A
09:47:34.002 [INFO  ] Expected ECU response: should receive a reply on CAN ID 0x77A within 2.000s
09:47:34.002 [TX CAN 0x772 RoutineControl ADC Test] 31 01 A0 43 03 01 29 07
09:47:34.026 [RX CAN 0x77A] 71 01 A0 43 02 00 29 07 00 04
09:47:34.026 [INFO  ] Positive response: routineInfo=0x02 (RoutineResults), routineStatus=0x00 (RoutineExecutionSuccessful)
09:47:34.027 [INFO  ] Extra response bytes: 29 07 00 04
09:47:34.027 [PASS  ] ADC StartRoutine positive response | expected: 71 01 A0 43 (01|02) ... | received: 71 01 A0 43 02 00 29 07 00 04
09:47:34.027 [INFO  ] ADC result[0] Port=0x29 Pin=0x07 Value=0x0004 (4)
09:47:34.027 [INFO  ] --- Channel 46/93: P41.8 ---
09:47:34.027 ------------------------------------------------------------------------
09:47:34.027 [STEP  ] 0x31 0x01 0xA043 ADC StartRoutine attempt 1
09:47:34.028 [INFO  ] CAN route: request TX ID=0x772, response RX ID=0x77A
09:47:34.028 [INFO  ] Expected ECU response: should receive a reply on CAN ID 0x77A within 2.000s
09:47:34.028 [TX CAN 0x772 RoutineControl ADC Test] 31 01 A0 43 03 01 29 08
09:47:34.059 [RX CAN 0x77A] 71 01 A0 43 02 00 29 08 00 04
09:47:34.059 [INFO  ] Positive response: routineInfo=0x02 (RoutineResults), routineStatus=0x00 (RoutineExecutionSuccessful)
09:47:34.060 [INFO  ] Extra response bytes: 29 08 00 04
09:47:34.060 [PASS  ] ADC StartRoutine positive response | expected: 71 01 A0 43 (01|02) ... | received: 71 01 A0 43 02 00 29 08 00 04
09:47:34.060 [INFO  ] ADC result[0] Port=0x29 Pin=0x08 Value=0x0004 (4)
09:47:34.060 [INFO  ] --- Channel 47/93: AN0 ---
09:47:34.061 ------------------------------------------------------------------------
09:47:34.061 [STEP  ] 0x31 0x01 0xA043 ADC StartRoutine attempt 1
09:47:34.061 [INFO  ] CAN route: request TX ID=0x772, response RX ID=0x77A
09:47:34.061 [INFO  ] Expected ECU response: should receive a reply on CAN ID 0x77A within 2.000s
09:47:34.062 [TX CAN 0x772 RoutineControl ADC Test] 31 01 A0 43 03 01 FF 00
09:47:34.083 [RX CAN 0x77A] 71 01 A0 43 02 00 FF 00 00 01
09:47:34.084 [INFO  ] Positive response: routineInfo=0x02 (RoutineResults), routineStatus=0x00 (RoutineExecutionSuccessful)
09:47:34.084 [INFO  ] Extra response bytes: FF 00 00 01
09:47:34.084 [PASS  ] ADC StartRoutine positive response | expected: 71 01 A0 43 (01|02) ... | received: 71 01 A0 43 02 00 FF 00 00 01
09:47:34.085 [INFO  ] ADC result[0] Port=0xFF Pin=0x00 Value=0x0001 (1)
09:47:34.085 [INFO  ] --- Channel 48/93: AN1 ---
09:47:34.085 ------------------------------------------------------------------------
09:47:34.086 [STEP  ] 0x31 0x01 0xA043 ADC StartRoutine attempt 1
09:47:34.086 [INFO  ] CAN route: request TX ID=0x772, response RX ID=0x77A
09:47:34.086 [INFO  ] Expected ECU response: should receive a reply on CAN ID 0x77A within 2.000s
09:47:34.086 [TX CAN 0x772 RoutineControl ADC Test] 31 01 A0 43 03 01 FF 01
09:47:34.118 [RX CAN 0x77A] 71 01 A0 43 02 00 FF 01 00 01
09:47:34.119 [INFO  ] Positive response: routineInfo=0x02 (RoutineResults), routineStatus=0x00 (RoutineExecutionSuccessful)
09:47:34.119 [INFO  ] Extra response bytes: FF 01 00 01
09:47:34.119 [PASS  ] ADC StartRoutine positive response | expected: 71 01 A0 43 (01|02) ... | received: 71 01 A0 43 02 00 FF 01 00 01
09:47:34.120 [INFO  ] ADC result[0] Port=0xFF Pin=0x01 Value=0x0001 (1)
09:47:34.120 [INFO  ] --- Channel 49/93: AN2 ---
09:47:34.120 ------------------------------------------------------------------------
09:47:34.120 [STEP  ] 0x31 0x01 0xA043 ADC StartRoutine attempt 1
09:47:34.121 [INFO  ] CAN route: request TX ID=0x772, response RX ID=0x77A
09:47:34.121 [INFO  ] Expected ECU response: should receive a reply on CAN ID 0x77A within 2.000s
09:47:34.121 [TX CAN 0x772 RoutineControl ADC Test] 31 01 A0 43 03 01 FF 02
09:47:34.145 [RX CAN 0x77A] 71 01 A0 43 02 00 FF 02 00 00
09:47:34.145 [INFO  ] Positive response: routineInfo=0x02 (RoutineResults), routineStatus=0x00 (RoutineExecutionSuccessful)
09:47:34.146 [INFO  ] Extra response bytes: FF 02 00 00
09:47:34.146 [PASS  ] ADC StartRoutine positive response | expected: 71 01 A0 43 (01|02) ... | received: 71 01 A0 43 02 00 FF 02 00 00
09:47:34.146 [INFO  ] ADC result[0] Port=0xFF Pin=0x02 Value=0x0000 (0)
09:47:34.147 [INFO  ] --- Channel 50/93: AN3 ---
09:47:34.147 ------------------------------------------------------------------------
09:47:34.148 [STEP  ] 0x31 0x01 0xA043 ADC StartRoutine attempt 1
09:47:34.148 [INFO  ] CAN route: request TX ID=0x772, response RX ID=0x77A
09:47:34.149 [INFO  ] Expected ECU response: should receive a reply on CAN ID 0x77A within 2.000s
09:47:34.149 [TX CAN 0x772 RoutineControl ADC Test] 31 01 A0 43 03 01 FF 03
09:47:34.170 [RX CAN 0x77A] 71 01 A0 43 02 00 FF 03 00 02
09:47:34.170 [INFO  ] Positive response: routineInfo=0x02 (RoutineResults), routineStatus=0x00 (RoutineExecutionSuccessful)
09:47:34.171 [INFO  ] Extra response bytes: FF 03 00 02
09:47:34.171 [PASS  ] ADC StartRoutine positive response | expected: 71 01 A0 43 (01|02) ... | received: 71 01 A0 43 02 00 FF 03 00 02
09:47:34.171 [INFO  ] ADC result[0] Port=0xFF Pin=0x03 Value=0x0002 (2)
09:47:34.172 [INFO  ] --- Channel 51/93: AN4 ---
09:47:34.172 ------------------------------------------------------------------------
09:47:34.172 [STEP  ] 0x31 0x01 0xA043 ADC StartRoutine attempt 1
09:47:34.172 [INFO  ] CAN route: request TX ID=0x772, response RX ID=0x77A
09:47:34.173 [INFO  ] Expected ECU response: should receive a reply on CAN ID 0x77A within 2.000s
09:47:34.173 [TX CAN 0x772 RoutineControl ADC Test] 31 01 A0 43 03 01 FF 04
09:47:34.193 [RX CAN 0x77A] 71 01 A0 43 02 00 FF 04 00 01
09:47:34.194 [INFO  ] Positive response: routineInfo=0x02 (RoutineResults), routineStatus=0x00 (RoutineExecutionSuccessful)
09:47:34.194 [INFO  ] Extra response bytes: FF 04 00 01
09:47:34.194 [PASS  ] ADC StartRoutine positive response | expected: 71 01 A0 43 (01|02) ... | received: 71 01 A0 43 02 00 FF 04 00 01
09:47:34.194 [INFO  ] ADC result[0] Port=0xFF Pin=0x04 Value=0x0001 (1)
09:47:34.195 [INFO  ] --- Channel 52/93: AN5 ---
09:47:34.195 ------------------------------------------------------------------------
09:47:34.195 [STEP  ] 0x31 0x01 0xA043 ADC StartRoutine attempt 1
09:47:34.196 [INFO  ] CAN route: request TX ID=0x772, response RX ID=0x77A
09:47:34.196 [INFO  ] Expected ECU response: should receive a reply on CAN ID 0x77A within 2.000s
09:47:34.196 [TX CAN 0x772 RoutineControl ADC Test] 31 01 A0 43 03 01 FF 05
09:47:34.228 [RX CAN 0x77A] 71 01 A0 43 02 00 FF 05 00 01
09:47:34.228 [INFO  ] Positive response: routineInfo=0x02 (RoutineResults), routineStatus=0x00 (RoutineExecutionSuccessful)
09:47:34.229 [INFO  ] Extra response bytes: FF 05 00 01
09:47:34.229 [PASS  ] ADC StartRoutine positive response | expected: 71 01 A0 43 (01|02) ... | received: 71 01 A0 43 02 00 FF 05 00 01
09:47:34.229 [INFO  ] ADC result[0] Port=0xFF Pin=0x05 Value=0x0001 (1)
09:47:34.229 [INFO  ] --- Channel 53/93: AN6 ---
09:47:34.229 ------------------------------------------------------------------------
09:47:34.230 [STEP  ] 0x31 0x01 0xA043 ADC StartRoutine attempt 1
09:47:34.230 [INFO  ] CAN route: request TX ID=0x772, response RX ID=0x77A
09:47:34.230 [INFO  ] Expected ECU response: should receive a reply on CAN ID 0x77A within 2.000s
09:47:34.230 [TX CAN 0x772 RoutineControl ADC Test] 31 01 A0 43 03 01 FF 06
09:47:34.254 [RX CAN 0x77A] 71 01 A0 43 02 00 FF 06 02 61
09:47:34.255 [INFO  ] Positive response: routineInfo=0x02 (RoutineResults), routineStatus=0x00 (RoutineExecutionSuccessful)
09:47:34.255 [INFO  ] Extra response bytes: FF 06 02 61
09:47:34.255 [PASS  ] ADC StartRoutine positive response | expected: 71 01 A0 43 (01|02) ... | received: 71 01 A0 43 02 00 FF 06 02 61
09:47:34.255 [INFO  ] ADC result[0] Port=0xFF Pin=0x06 Value=0x0261 (609)
09:47:34.256 [INFO  ] --- Channel 54/93: AN7 ---
09:47:34.256 ------------------------------------------------------------------------
09:47:34.256 [STEP  ] 0x31 0x01 0xA043 ADC StartRoutine attempt 1
09:47:34.257 [INFO  ] CAN route: request TX ID=0x772, response RX ID=0x77A
09:47:34.257 [INFO  ] Expected ECU response: should receive a reply on CAN ID 0x77A within 2.000s
09:47:34.257 [TX CAN 0x772 RoutineControl ADC Test] 31 01 A0 43 03 01 FF 07
09:47:34.278 [RX CAN 0x77A] 71 01 A0 43 02 00 FF 07 09 D6
09:47:34.278 [INFO  ] Positive response: routineInfo=0x02 (RoutineResults), routineStatus=0x00 (RoutineExecutionSuccessful)
09:47:34.279 [INFO  ] Extra response bytes: FF 07 09 D6
09:47:34.279 [PASS  ] ADC StartRoutine positive response | expected: 71 01 A0 43 (01|02) ... | received: 71 01 A0 43 02 00 FF 07 09 D6
09:47:34.279 [INFO  ] ADC result[0] Port=0xFF Pin=0x07 Value=0x09D6 (2518)
09:47:34.279 [INFO  ] --- Channel 55/93: AN8 ---
09:47:34.280 ------------------------------------------------------------------------
09:47:34.280 [STEP  ] 0x31 0x01 0xA043 ADC StartRoutine attempt 1
09:47:34.280 [INFO  ] CAN route: request TX ID=0x772, response RX ID=0x77A
09:47:34.280 [INFO  ] Expected ECU response: should receive a reply on CAN ID 0x77A within 2.000s
09:47:34.280 [TX CAN 0x772 RoutineControl ADC Test] 31 01 A0 43 03 01 FF 08
09:47:34.305 [RX CAN 0x77A] 71 01 A0 43 02 00 FF 08 01 2B
09:47:34.305 [INFO  ] Positive response: routineInfo=0x02 (RoutineResults), routineStatus=0x00 (RoutineExecutionSuccessful)
09:47:34.305 [INFO  ] Extra response bytes: FF 08 01 2B
09:47:34.306 [PASS  ] ADC StartRoutine positive response | expected: 71 01 A0 43 (01|02) ... | received: 71 01 A0 43 02 00 FF 08 01 2B
09:47:34.306 [INFO  ] ADC result[0] Port=0xFF Pin=0x08 Value=0x012B (299)
09:47:34.306 [INFO  ] --- Channel 56/93: AN9 ---
09:47:34.306 ------------------------------------------------------------------------
09:47:34.306 [STEP  ] 0x31 0x01 0xA043 ADC StartRoutine attempt 1
09:47:34.307 [INFO  ] CAN route: request TX ID=0x772, response RX ID=0x77A
09:47:34.307 [INFO  ] Expected ECU response: should receive a reply on CAN ID 0x77A within 2.000s
09:47:34.307 [TX CAN 0x772 RoutineControl ADC Test] 31 01 A0 43 03 01 FF 09
09:47:34.345 [RX CAN 0x77A] 71 01 A0 43 02 00 FF 09 01 22
09:47:34.347 [INFO  ] Positive response: routineInfo=0x02 (RoutineResults), routineStatus=0x00 (RoutineExecutionSuccessful)
09:47:34.347 [INFO  ] Extra response bytes: FF 09 01 22
09:47:34.347 [PASS  ] ADC StartRoutine positive response | expected: 71 01 A0 43 (01|02) ... | received: 71 01 A0 43 02 00 FF 09 01 22
09:47:34.347 [INFO  ] ADC result[0] Port=0xFF Pin=0x09 Value=0x0122 (290)
09:47:34.348 [INFO  ] --- Channel 57/93: AN10 ---
09:47:34.348 ------------------------------------------------------------------------
09:47:34.348 [STEP  ] 0x31 0x01 0xA043 ADC StartRoutine attempt 1
09:47:34.349 [INFO  ] CAN route: request TX ID=0x772, response RX ID=0x77A
09:47:34.349 [INFO  ] Expected ECU response: should receive a reply on CAN ID 0x77A within 2.000s
09:47:34.349 [TX CAN 0x772 RoutineControl ADC Test] 31 01 A0 43 03 01 FF 0A
09:47:34.380 [RX CAN 0x77A] 71 01 A0 43 02 00 FF 0A 01 14
09:47:34.380 [INFO  ] Positive response: routineInfo=0x02 (RoutineResults), routineStatus=0x00 (RoutineExecutionSuccessful)
09:47:34.380 [INFO  ] Extra response bytes: FF 0A 01 14
09:47:34.380 [PASS  ] ADC StartRoutine positive response | expected: 71 01 A0 43 (01|02) ... | received: 71 01 A0 43 02 00 FF 0A 01 14
09:47:34.381 [INFO  ] ADC result[0] Port=0xFF Pin=0x0A Value=0x0114 (276)
09:47:34.381 [INFO  ] --- Channel 58/93: AN11 ---
09:47:34.382 ------------------------------------------------------------------------
09:47:34.382 [STEP  ] 0x31 0x01 0xA043 ADC StartRoutine attempt 1
09:47:34.382 [INFO  ] CAN route: request TX ID=0x772, response RX ID=0x77A
09:47:34.383 [INFO  ] Expected ECU response: should receive a reply on CAN ID 0x77A within 2.000s
09:47:34.383 [TX CAN 0x772 RoutineControl ADC Test] 31 01 A0 43 03 01 FF 0B
09:47:34.403 [RX CAN 0x77A] 71 01 A0 43 02 00 FF 0B 01 00
09:47:34.403 [INFO  ] Positive response: routineInfo=0x02 (RoutineResults), routineStatus=0x00 (RoutineExecutionSuccessful)
09:47:34.404 [INFO  ] Extra response bytes: FF 0B 01 00
09:47:34.404 [PASS  ] ADC StartRoutine positive response | expected: 71 01 A0 43 (01|02) ... | received: 71 01 A0 43 02 00 FF 0B 01 00
09:47:34.404 [INFO  ] ADC result[0] Port=0xFF Pin=0x0B Value=0x0100 (256)
09:47:34.405 [INFO  ] --- Channel 59/93: AN12 ---
09:47:34.405 ------------------------------------------------------------------------
09:47:34.405 [STEP  ] 0x31 0x01 0xA043 ADC StartRoutine attempt 1
09:47:34.406 [INFO  ] CAN route: request TX ID=0x772, response RX ID=0x77A
09:47:34.406 [INFO  ] Expected ECU response: should receive a reply on CAN ID 0x77A within 2.000s
09:47:34.406 [TX CAN 0x772 RoutineControl ADC Test] 31 01 A0 43 03 01 FF 0C
09:47:34.428 [RX CAN 0x77A] 71 01 A0 43 02 00 FF 0C 07 FE
09:47:34.428 [INFO  ] Positive response: routineInfo=0x02 (RoutineResults), routineStatus=0x00 (RoutineExecutionSuccessful)
09:47:34.429 [INFO  ] Extra response bytes: FF 0C 07 FE
09:47:34.429 [PASS  ] ADC StartRoutine positive response | expected: 71 01 A0 43 (01|02) ... | received: 71 01 A0 43 02 00 FF 0C 07 FE
09:47:34.429 [INFO  ] ADC result[0] Port=0xFF Pin=0x0C Value=0x07FE (2046)
09:47:34.430 [INFO  ] --- Channel 60/93: AN13 ---
09:47:34.430 ------------------------------------------------------------------------
09:47:34.430 [STEP  ] 0x31 0x01 0xA043 ADC StartRoutine attempt 1
09:47:34.430 [INFO  ] CAN route: request TX ID=0x772, response RX ID=0x77A
09:47:34.430 [INFO  ] Expected ECU response: should receive a reply on CAN ID 0x77A within 2.000s
09:47:34.431 [TX CAN 0x772 RoutineControl ADC Test] 31 01 A0 43 03 01 FF 0D
09:47:34.454 [RX CAN 0x77A] 71 01 A0 43 02 00 FF 0D 01 2C
09:47:34.454 [INFO  ] Positive response: routineInfo=0x02 (RoutineResults), routineStatus=0x00 (RoutineExecutionSuccessful)
09:47:34.455 [INFO  ] Extra response bytes: FF 0D 01 2C
09:47:34.455 [PASS  ] ADC StartRoutine positive response | expected: 71 01 A0 43 (01|02) ... | received: 71 01 A0 43 02 00 FF 0D 01 2C
09:47:34.456 [INFO  ] ADC result[0] Port=0xFF Pin=0x0D Value=0x012C (300)
09:47:34.456 [INFO  ] --- Channel 61/93: AN14 ---
09:47:34.456 ------------------------------------------------------------------------
09:47:34.457 [STEP  ] 0x31 0x01 0xA043 ADC StartRoutine attempt 1
09:47:34.457 [INFO  ] CAN route: request TX ID=0x772, response RX ID=0x77A
09:47:34.457 [INFO  ] Expected ECU response: should receive a reply on CAN ID 0x77A within 2.000s
09:47:34.458 [TX CAN 0x772 RoutineControl ADC Test] 31 01 A0 43 03 01 FF 0E
09:47:34.489 [RX CAN 0x77A] 71 01 A0 43 02 00 FF 0E 01 28
09:47:34.489 [INFO  ] Positive response: routineInfo=0x02 (RoutineResults), routineStatus=0x00 (RoutineExecutionSuccessful)
09:47:34.490 [INFO  ] Extra response bytes: FF 0E 01 28
09:47:34.490 [PASS  ] ADC StartRoutine positive response | expected: 71 01 A0 43 (01|02) ... | received: 71 01 A0 43 02 00 FF 0E 01 28
09:47:34.490 [INFO  ] ADC result[0] Port=0xFF Pin=0x0E Value=0x0128 (296)
09:47:34.490 [INFO  ] --- Channel 62/93: AN15 ---
09:47:34.491 ------------------------------------------------------------------------
09:47:34.491 [STEP  ] 0x31 0x01 0xA043 ADC StartRoutine attempt 1
09:47:34.491 [INFO  ] CAN route: request TX ID=0x772, response RX ID=0x77A
09:47:34.491 [INFO  ] Expected ECU response: should receive a reply on CAN ID 0x77A within 2.000s
09:47:34.492 [TX CAN 0x772 RoutineControl ADC Test] 31 01 A0 43 03 01 FF 0F
09:47:34.513 [RX CAN 0x77A] 71 01 A0 43 02 00 FF 0F 01 3A
09:47:34.513 [INFO  ] Positive response: routineInfo=0x02 (RoutineResults), routineStatus=0x00 (RoutineExecutionSuccessful)
09:47:34.514 [INFO  ] Extra response bytes: FF 0F 01 3A
09:47:34.514 [PASS  ] ADC StartRoutine positive response | expected: 71 01 A0 43 (01|02) ... | received: 71 01 A0 43 02 00 FF 0F 01 3A
09:47:34.514 [INFO  ] ADC result[0] Port=0xFF Pin=0x0F Value=0x013A (314)
09:47:34.515 [INFO  ] --- Channel 63/93: AN16 ---
09:47:34.515 ------------------------------------------------------------------------
09:47:34.515 [STEP  ] 0x31 0x01 0xA043 ADC StartRoutine attempt 1
09:47:34.516 [INFO  ] CAN route: request TX ID=0x772, response RX ID=0x77A
09:47:34.516 [INFO  ] Expected ECU response: should receive a reply on CAN ID 0x77A within 2.000s
09:47:34.516 [TX CAN 0x772 RoutineControl ADC Test] 31 01 A0 43 03 01 FF 10
09:47:34.538 [RX CAN 0x77A] 71 01 A0 43 02 00 FF 10 01 87
09:47:34.539 [INFO  ] Positive response: routineInfo=0x02 (RoutineResults), routineStatus=0x00 (RoutineExecutionSuccessful)
09:47:34.539 [INFO  ] Extra response bytes: FF 10 01 87
09:47:34.539 [PASS  ] ADC StartRoutine positive response | expected: 71 01 A0 43 (01|02) ... | received: 71 01 A0 43 02 00 FF 10 01 87
09:47:34.539 [INFO  ] ADC result[0] Port=0xFF Pin=0x10 Value=0x0187 (391)
09:47:34.539 [INFO  ] --- Channel 64/93: AN20 ---
09:47:34.540 ------------------------------------------------------------------------
09:47:34.540 [STEP  ] 0x31 0x01 0xA043 ADC StartRoutine attempt 1
09:47:34.540 [INFO  ] CAN route: request TX ID=0x772, response RX ID=0x77A
09:47:34.540 [INFO  ] Expected ECU response: should receive a reply on CAN ID 0x77A within 2.000s
09:47:34.540 [TX CAN 0x772 RoutineControl ADC Test] 31 01 A0 43 03 01 FF 14
09:47:34.565 [RX CAN 0x77A] 71 01 A0 43 02 00 FF 14 0F F8
09:47:34.565 [INFO  ] Positive response: routineInfo=0x02 (RoutineResults), routineStatus=0x00 (RoutineExecutionSuccessful)
09:47:34.565 [INFO  ] Extra response bytes: FF 14 0F F8
09:47:34.566 [PASS  ] ADC StartRoutine positive response | expected: 71 01 A0 43 (01|02) ... | received: 71 01 A0 43 02 00 FF 14 0F F8
09:47:34.566 [INFO  ] ADC result[0] Port=0xFF Pin=0x14 Value=0x0FF8 (4088)
09:47:34.566 [INFO  ] --- Channel 65/93: AN21 ---
09:47:34.567 ------------------------------------------------------------------------
09:47:34.567 [STEP  ] 0x31 0x01 0xA043 ADC StartRoutine attempt 1
09:47:34.567 [INFO  ] CAN route: request TX ID=0x772, response RX ID=0x77A
09:47:34.568 [INFO  ] Expected ECU response: should receive a reply on CAN ID 0x77A within 2.000s
09:47:34.568 [TX CAN 0x772 RoutineControl ADC Test] 31 01 A0 43 03 01 FF 15
09:47:34.598 [RX CAN 0x77A] 71 01 A0 43 02 00 FF 15 0F FA
09:47:34.599 [INFO  ] Positive response: routineInfo=0x02 (RoutineResults), routineStatus=0x00 (RoutineExecutionSuccessful)
09:47:34.599 [INFO  ] Extra response bytes: FF 15 0F FA
09:47:34.599 [PASS  ] ADC StartRoutine positive response | expected: 71 01 A0 43 (01|02) ... | received: 71 01 A0 43 02 00 FF 15 0F FA
09:47:34.600 [INFO  ] ADC result[0] Port=0xFF Pin=0x15 Value=0x0FFA (4090)
09:47:34.600 [INFO  ] --- Channel 66/93: AN22 ---
09:47:34.601 ------------------------------------------------------------------------
09:47:34.601 [STEP  ] 0x31 0x01 0xA043 ADC StartRoutine attempt 1
09:47:34.602 [INFO  ] CAN route: request TX ID=0x772, response RX ID=0x77A
09:47:34.602 [INFO  ] Expected ECU response: should receive a reply on CAN ID 0x77A within 2.000s
09:47:34.602 [TX CAN 0x772 RoutineControl ADC Test] 31 01 A0 43 03 01 FF 16
09:47:34.623 [RX CAN 0x77A] 71 01 A0 43 02 00 FF 16 0F F8
09:47:34.624 [INFO  ] Positive response: routineInfo=0x02 (RoutineResults), routineStatus=0x00 (RoutineExecutionSuccessful)
09:47:34.625 [INFO  ] Extra response bytes: FF 16 0F F8
09:47:34.626 [PASS  ] ADC StartRoutine positive response | expected: 71 01 A0 43 (01|02) ... | received: 71 01 A0 43 02 00 FF 16 0F F8
09:47:34.626 [INFO  ] ADC result[0] Port=0xFF Pin=0x16 Value=0x0FF8 (4088)
09:47:34.627 [INFO  ] --- Channel 67/93: AN23 ---
09:47:34.627 ------------------------------------------------------------------------
09:47:34.627 [STEP  ] 0x31 0x01 0xA043 ADC StartRoutine attempt 1
09:47:34.627 [INFO  ] CAN route: request TX ID=0x772, response RX ID=0x77A
09:47:34.628 [INFO  ] Expected ECU response: should receive a reply on CAN ID 0x77A within 2.000s
09:47:34.628 [TX CAN 0x772 RoutineControl ADC Test] 31 01 A0 43 03 01 FF 17
09:47:34.650 [RX CAN 0x77A] 71 01 A0 43 02 00 FF 17 0F F9
09:47:34.650 [INFO  ] Positive response: routineInfo=0x02 (RoutineResults), routineStatus=0x00 (RoutineExecutionSuccessful)
09:47:34.651 [INFO  ] Extra response bytes: FF 17 0F F9
09:47:34.651 [PASS  ] ADC StartRoutine positive response | expected: 71 01 A0 43 (01|02) ... | received: 71 01 A0 43 02 00 FF 17 0F F9
09:47:34.651 [INFO  ] ADC result[0] Port=0xFF Pin=0x17 Value=0x0FF9 (4089)
09:47:34.651 [INFO  ] --- Channel 68/93: AN30 ---
09:47:34.652 ------------------------------------------------------------------------
09:47:34.652 [STEP  ] 0x31 0x01 0xA043 ADC StartRoutine attempt 1
09:47:34.652 [INFO  ] CAN route: request TX ID=0x772, response RX ID=0x77A
09:47:34.653 [INFO  ] Expected ECU response: should receive a reply on CAN ID 0x77A within 2.000s
09:47:34.653 [TX CAN 0x772 RoutineControl ADC Test] 31 01 A0 43 03 01 FF 1E
09:47:34.674 [RX CAN 0x77A] 71 01 A0 43 02 00 FF 1E 00 00
09:47:34.678 [INFO  ] Positive response: routineInfo=0x02 (RoutineResults), routineStatus=0x00 (RoutineExecutionSuccessful)
09:47:34.680 [INFO  ] Extra response bytes: FF 1E 00 00
09:47:34.681 [PASS  ] ADC StartRoutine positive response | expected: 71 01 A0 43 (01|02) ... | received: 71 01 A0 43 02 00 FF 1E 00 00
09:47:34.686 [INFO  ] ADC result[0] Port=0xFF Pin=0x1E Value=0x0000 (0)
09:47:34.688 [INFO  ] --- Channel 69/93: AN31 ---
09:47:34.688 ------------------------------------------------------------------------
09:47:34.689 [STEP  ] 0x31 0x01 0xA043 ADC StartRoutine attempt 1
09:47:34.689 [INFO  ] CAN route: request TX ID=0x772, response RX ID=0x77A
09:47:34.689 [INFO  ] Expected ECU response: should receive a reply on CAN ID 0x77A within 2.000s
09:47:34.690 [TX CAN 0x772 RoutineControl ADC Test] 31 01 A0 43 03 01 FF 1F
09:47:34.713 [RX CAN 0x77A] 71 01 A0 43 02 00 FF 1F 01 B2
09:47:34.713 [INFO  ] Positive response: routineInfo=0x02 (RoutineResults), routineStatus=0x00 (RoutineExecutionSuccessful)
09:47:34.714 [INFO  ] Extra response bytes: FF 1F 01 B2
09:47:34.715 [PASS  ] ADC StartRoutine positive response | expected: 71 01 A0 43 (01|02) ... | received: 71 01 A0 43 02 00 FF 1F 01 B2
09:47:34.715 [INFO  ] ADC result[0] Port=0xFF Pin=0x1F Value=0x01B2 (434)
09:47:34.716 [INFO  ] --- Channel 70/93: AN34 ---
09:47:34.716 ------------------------------------------------------------------------
09:47:34.717 [STEP  ] 0x31 0x01 0xA043 ADC StartRoutine attempt 1
09:47:34.717 [INFO  ] CAN route: request TX ID=0x772, response RX ID=0x77A
09:47:34.717 [INFO  ] Expected ECU response: should receive a reply on CAN ID 0x77A within 2.000s
09:47:34.718 [TX CAN 0x772 RoutineControl ADC Test] 31 01 A0 43 03 01 FF 22
09:47:34.744 [RX CAN 0x77A] 71 01 A0 43 02 00 FF 22 09 DC
09:47:34.745 [INFO  ] Positive response: routineInfo=0x02 (RoutineResults), routineStatus=0x00 (RoutineExecutionSuccessful)
09:47:34.745 [INFO  ] Extra response bytes: FF 22 09 DC
09:47:34.746 [PASS  ] ADC StartRoutine positive response | expected: 71 01 A0 43 (01|02) ... | received: 71 01 A0 43 02 00 FF 22 09 DC
09:47:34.746 [INFO  ] ADC result[0] Port=0xFF Pin=0x22 Value=0x09DC (2524)
09:47:34.746 [INFO  ] --- Channel 71/93: AN35 ---
09:47:34.747 ------------------------------------------------------------------------
09:47:34.748 [STEP  ] 0x31 0x01 0xA043 ADC StartRoutine attempt 1
09:47:34.748 [INFO  ] CAN route: request TX ID=0x772, response RX ID=0x77A
09:47:34.749 [INFO  ] Expected ECU response: should receive a reply on CAN ID 0x77A within 2.000s
09:47:34.750 [TX CAN 0x772 RoutineControl ADC Test] 31 01 A0 43 03 01 FF 23
09:47:34.773 [RX CAN 0x77A] 71 01 A0 43 02 00 FF 23 00 02
09:47:34.773 [INFO  ] Positive response: routineInfo=0x02 (RoutineResults), routineStatus=0x00 (RoutineExecutionSuccessful)
09:47:34.774 [INFO  ] Extra response bytes: FF 23 00 02
09:47:34.774 [PASS  ] ADC StartRoutine positive response | expected: 71 01 A0 43 (01|02) ... | received: 71 01 A0 43 02 00 FF 23 00 02
09:47:34.774 [INFO  ] ADC result[0] Port=0xFF Pin=0x23 Value=0x0002 (2)
09:47:34.775 [INFO  ] --- Channel 72/93: AN40 ---
09:47:34.775 ------------------------------------------------------------------------
09:47:34.775 [STEP  ] 0x31 0x01 0xA043 ADC StartRoutine attempt 1
09:47:34.775 [INFO  ] CAN route: request TX ID=0x772, response RX ID=0x77A
09:47:34.776 [INFO  ] Expected ECU response: should receive a reply on CAN ID 0x77A within 2.000s
09:47:34.776 [TX CAN 0x772 RoutineControl ADC Test] 31 01 A0 43 03 01 FF 28
09:47:34.799 [RX CAN 0x77A] 71 01 A0 43 02 00 FF 28 00 22
09:47:34.800 [INFO  ] Positive response: routineInfo=0x02 (RoutineResults), routineStatus=0x00 (RoutineExecutionSuccessful)
09:47:34.800 [INFO  ] Extra response bytes: FF 28 00 22
09:47:34.800 [PASS  ] ADC StartRoutine positive response | expected: 71 01 A0 43 (01|02) ... | received: 71 01 A0 43 02 00 FF 28 00 22
09:47:34.801 [INFO  ] ADC result[0] Port=0xFF Pin=0x28 Value=0x0022 (34)
09:47:34.801 [INFO  ] --- Channel 73/93: AN41 ---
09:47:34.801 ------------------------------------------------------------------------
09:47:34.802 [STEP  ] 0x31 0x01 0xA043 ADC StartRoutine attempt 1
09:47:34.802 [INFO  ] CAN route: request TX ID=0x772, response RX ID=0x77A
09:47:34.802 [INFO  ] Expected ECU response: should receive a reply on CAN ID 0x77A within 2.000s
09:47:34.803 [TX CAN 0x772 RoutineControl ADC Test] 31 01 A0 43 03 01 FF 29
09:47:34.825 [RX CAN 0x77A] 71 01 A0 43 02 00 FF 29 00 01
09:47:34.825 [INFO  ] Positive response: routineInfo=0x02 (RoutineResults), routineStatus=0x00 (RoutineExecutionSuccessful)
09:47:34.826 [INFO  ] Extra response bytes: FF 29 00 01
09:47:34.826 [PASS  ] ADC StartRoutine positive response | expected: 71 01 A0 43 (01|02) ... | received: 71 01 A0 43 02 00 FF 29 00 01
09:47:34.826 [INFO  ] ADC result[0] Port=0xFF Pin=0x29 Value=0x0001 (1)
09:47:34.827 [INFO  ] --- Channel 74/93: AN42 ---
09:47:34.827 ------------------------------------------------------------------------
09:47:34.828 [STEP  ] 0x31 0x01 0xA043 ADC StartRoutine attempt 1
09:47:34.828 [INFO  ] CAN route: request TX ID=0x772, response RX ID=0x77A
09:47:34.828 [INFO  ] Expected ECU response: should receive a reply on CAN ID 0x77A within 2.000s
09:47:34.828 [TX CAN 0x772 RoutineControl ADC Test] 31 01 A0 43 03 01 FF 2A
09:47:34.857 [RX CAN 0x77A] 71 01 A0 43 02 00 FF 2A 00 01
09:47:34.858 [INFO  ] Positive response: routineInfo=0x02 (RoutineResults), routineStatus=0x00 (RoutineExecutionSuccessful)
09:47:34.858 [INFO  ] Extra response bytes: FF 2A 00 01
09:47:34.859 [PASS  ] ADC StartRoutine positive response | expected: 71 01 A0 43 (01|02) ... | received: 71 01 A0 43 02 00 FF 2A 00 01
09:47:34.859 [INFO  ] ADC result[0] Port=0xFF Pin=0x2A Value=0x0001 (1)
09:47:34.859 [INFO  ] --- Channel 75/93: AN43 ---
09:47:34.860 ------------------------------------------------------------------------
09:47:34.860 [STEP  ] 0x31 0x01 0xA043 ADC StartRoutine attempt 1
09:47:34.860 [INFO  ] CAN route: request TX ID=0x772, response RX ID=0x77A
09:47:34.861 [INFO  ] Expected ECU response: should receive a reply on CAN ID 0x77A within 2.000s
09:47:34.861 [TX CAN 0x772 RoutineControl ADC Test] 31 01 A0 43 03 01 FF 2B
09:47:34.886 [RX CAN 0x77A] 71 01 A0 43 02 00 FF 2B 00 01
09:47:34.886 [INFO  ] Positive response: routineInfo=0x02 (RoutineResults), routineStatus=0x00 (RoutineExecutionSuccessful)
09:47:34.887 [INFO  ] Extra response bytes: FF 2B 00 01
09:47:34.887 [PASS  ] ADC StartRoutine positive response | expected: 71 01 A0 43 (01|02) ... | received: 71 01 A0 43 02 00 FF 2B 00 01
09:47:34.888 [INFO  ] ADC result[0] Port=0xFF Pin=0x2B Value=0x0001 (1)
09:47:34.888 [INFO  ] --- Channel 76/93: AN44 ---
09:47:34.889 ------------------------------------------------------------------------
09:47:34.889 [STEP  ] 0x31 0x01 0xA043 ADC StartRoutine attempt 1
09:47:34.890 [INFO  ] CAN route: request TX ID=0x772, response RX ID=0x77A
09:47:34.890 [INFO  ] Expected ECU response: should receive a reply on CAN ID 0x77A within 2.000s
09:47:34.890 [TX CAN 0x772 RoutineControl ADC Test] 31 01 A0 43 03 01 FF 2C
09:47:34.913 [RX CAN 0x77A] 71 01 A0 43 02 00 FF 2C 00 1F
09:47:34.913 [INFO  ] Positive response: routineInfo=0x02 (RoutineResults), routineStatus=0x00 (RoutineExecutionSuccessful)
09:47:34.913 [INFO  ] Extra response bytes: FF 2C 00 1F
09:47:34.914 [PASS  ] ADC StartRoutine positive response | expected: 71 01 A0 43 (01|02) ... | received: 71 01 A0 43 02 00 FF 2C 00 1F
09:47:34.915 [INFO  ] ADC result[0] Port=0xFF Pin=0x2C Value=0x001F (31)
09:47:34.915 [INFO  ] --- Channel 77/93: AN45 ---
09:47:34.915 ------------------------------------------------------------------------
09:47:34.915 [STEP  ] 0x31 0x01 0xA043 ADC StartRoutine attempt 1
09:47:34.916 [INFO  ] CAN route: request TX ID=0x772, response RX ID=0x77A
09:47:34.916 [INFO  ] Expected ECU response: should receive a reply on CAN ID 0x77A within 2.000s
09:47:34.916 [TX CAN 0x772 RoutineControl ADC Test] 31 01 A0 43 03 01 FF 2D
09:47:34.948 [RX CAN 0x77A] 71 01 A0 43 02 00 FF 2D 00 00
09:47:34.949 [INFO  ] Positive response: routineInfo=0x02 (RoutineResults), routineStatus=0x00 (RoutineExecutionSuccessful)
09:47:34.949 [INFO  ] Extra response bytes: FF 2D 00 00
09:47:34.949 [PASS  ] ADC StartRoutine positive response | expected: 71 01 A0 43 (01|02) ... | received: 71 01 A0 43 02 00 FF 2D 00 00
09:47:34.950 [INFO  ] ADC result[0] Port=0xFF Pin=0x2D Value=0x0000 (0)
09:47:34.950 [INFO  ] --- Channel 78/93: AN46 ---
09:47:34.950 ------------------------------------------------------------------------
09:47:34.951 [STEP  ] 0x31 0x01 0xA043 ADC StartRoutine attempt 1
09:47:34.951 [INFO  ] CAN route: request TX ID=0x772, response RX ID=0x77A
09:47:34.951 [INFO  ] Expected ECU response: should receive a reply on CAN ID 0x77A within 2.000s
09:47:34.952 [TX CAN 0x772 RoutineControl ADC Test] 31 01 A0 43 03 01 FF 2E
09:47:34.973 [RX CAN 0x77A] 71 01 A0 43 02 00 FF 2E 00 00
09:47:34.974 [INFO  ] Positive response: routineInfo=0x02 (RoutineResults), routineStatus=0x00 (RoutineExecutionSuccessful)
09:47:34.974 [INFO  ] Extra response bytes: FF 2E 00 00
09:47:34.975 [PASS  ] ADC StartRoutine positive response | expected: 71 01 A0 43 (01|02) ... | received: 71 01 A0 43 02 00 FF 2E 00 00
09:47:34.975 [INFO  ] ADC result[0] Port=0xFF Pin=0x2E Value=0x0000 (0)
09:47:34.976 [INFO  ] --- Channel 79/93: AN47 ---
09:47:34.976 ------------------------------------------------------------------------
09:47:34.976 [STEP  ] 0x31 0x01 0xA043 ADC StartRoutine attempt 1
09:47:34.977 [INFO  ] CAN route: request TX ID=0x772, response RX ID=0x77A
09:47:34.977 [INFO  ] Expected ECU response: should receive a reply on CAN ID 0x77A within 2.000s
09:47:34.978 [TX CAN 0x772 RoutineControl ADC Test] 31 01 A0 43 03 01 FF 2F
09:47:35.010 [RX CAN 0x77A] 71 01 A0 43 02 00 FF 2F 00 00
09:47:35.010 [INFO  ] Positive response: routineInfo=0x02 (RoutineResults), routineStatus=0x00 (RoutineExecutionSuccessful)
09:47:35.011 [INFO  ] Extra response bytes: FF 2F 00 00
09:47:35.011 [PASS  ] ADC StartRoutine positive response | expected: 71 01 A0 43 (01|02) ... | received: 71 01 A0 43 02 00 FF 2F 00 00
09:47:35.012 [INFO  ] ADC result[0] Port=0xFF Pin=0x2F Value=0x0000 (0)
09:47:35.012 [INFO  ] --- Channel 80/93: AN48 ---
09:47:35.012 ------------------------------------------------------------------------
09:47:35.012 [STEP  ] 0x31 0x01 0xA043 ADC StartRoutine attempt 1
09:47:35.013 [INFO  ] CAN route: request TX ID=0x772, response RX ID=0x77A
09:47:35.013 [INFO  ] Expected ECU response: should receive a reply on CAN ID 0x77A within 2.000s
09:47:35.014 [TX CAN 0x772 RoutineControl ADC Test] 31 01 A0 43 03 01 FF 30
09:47:35.034 [RX CAN 0x77A] 71 01 A0 43 02 00 FF 30 00 04
09:47:35.034 [INFO  ] Positive response: routineInfo=0x02 (RoutineResults), routineStatus=0x00 (RoutineExecutionSuccessful)
09:47:35.036 [INFO  ] Extra response bytes: FF 30 00 04
09:47:35.036 [PASS  ] ADC StartRoutine positive response | expected: 71 01 A0 43 (01|02) ... | received: 71 01 A0 43 02 00 FF 30 00 04
09:47:35.036 [INFO  ] ADC result[0] Port=0xFF Pin=0x30 Value=0x0004 (4)
09:47:35.037 [INFO  ] --- Channel 81/93: AN49 ---
09:47:35.037 ------------------------------------------------------------------------
09:47:35.037 [STEP  ] 0x31 0x01 0xA043 ADC StartRoutine attempt 1
09:47:35.038 [INFO  ] CAN route: request TX ID=0x772, response RX ID=0x77A
09:47:35.038 [INFO  ] Expected ECU response: should receive a reply on CAN ID 0x77A within 2.000s
09:47:35.038 [TX CAN 0x772 RoutineControl ADC Test] 31 01 A0 43 03 01 FF 31
09:47:35.059 [RX CAN 0x77A] 71 01 A0 43 02 00 FF 31 00 04
09:47:35.060 [INFO  ] Positive response: routineInfo=0x02 (RoutineResults), routineStatus=0x00 (RoutineExecutionSuccessful)
09:47:35.060 [INFO  ] Extra response bytes: FF 31 00 04
09:47:35.060 [PASS  ] ADC StartRoutine positive response | expected: 71 01 A0 43 (01|02) ... | received: 71 01 A0 43 02 00 FF 31 00 04
09:47:35.061 [INFO  ] ADC result[0] Port=0xFF Pin=0x31 Value=0x0004 (4)
09:47:35.061 [INFO  ] --- Channel 82/93: AN50 ---
09:47:35.062 ------------------------------------------------------------------------
09:47:35.062 [STEP  ] 0x31 0x01 0xA043 ADC StartRoutine attempt 1
09:47:35.063 [INFO  ] CAN route: request TX ID=0x772, response RX ID=0x77A
09:47:35.063 [INFO  ] Expected ECU response: should receive a reply on CAN ID 0x77A within 2.000s
09:47:35.063 [TX CAN 0x772 RoutineControl ADC Test] 31 01 A0 43 03 01 FF 32
09:47:35.085 [RX CAN 0x77A] 71 01 A0 43 02 00 FF 32 00 04
09:47:35.086 [INFO  ] Positive response: routineInfo=0x02 (RoutineResults), routineStatus=0x00 (RoutineExecutionSuccessful)
09:47:35.086 [INFO  ] Extra response bytes: FF 32 00 04
09:47:35.087 [PASS  ] ADC StartRoutine positive response | expected: 71 01 A0 43 (01|02) ... | received: 71 01 A0 43 02 00 FF 32 00 04
09:47:35.087 [INFO  ] ADC result[0] Port=0xFF Pin=0x32 Value=0x0004 (4)
09:47:35.087 [INFO  ] --- Channel 83/93: AN51 ---
09:47:35.087 ------------------------------------------------------------------------
09:47:35.088 [STEP  ] 0x31 0x01 0xA043 ADC StartRoutine attempt 1
09:47:35.088 [INFO  ] CAN route: request TX ID=0x772, response RX ID=0x77A
09:47:35.088 [INFO  ] Expected ECU response: should receive a reply on CAN ID 0x77A within 2.000s
09:47:35.089 [TX CAN 0x772 RoutineControl ADC Test] 31 01 A0 43 03 01 FF 33
09:47:35.119 [RX CAN 0x77A] 71 01 A0 43 02 00 FF 33 00 04
09:47:35.120 [INFO  ] Positive response: routineInfo=0x02 (RoutineResults), routineStatus=0x00 (RoutineExecutionSuccessful)
09:47:35.120 [INFO  ] Extra response bytes: FF 33 00 04
09:47:35.121 [PASS  ] ADC StartRoutine positive response | expected: 71 01 A0 43 (01|02) ... | received: 71 01 A0 43 02 00 FF 33 00 04
09:47:35.121 [INFO  ] ADC result[0] Port=0xFF Pin=0x33 Value=0x0004 (4)
09:47:35.122 [INFO  ] --- Channel 84/93: AN52 ---
09:47:35.123 ------------------------------------------------------------------------
09:47:35.123 [STEP  ] 0x31 0x01 0xA043 ADC StartRoutine attempt 1
09:47:35.123 [INFO  ] CAN route: request TX ID=0x772, response RX ID=0x77A
09:47:35.124 [INFO  ] Expected ECU response: should receive a reply on CAN ID 0x77A within 2.000s
09:47:35.124 [TX CAN 0x772 RoutineControl ADC Test] 31 01 A0 43 03 01 FF 34
09:47:35.158 [RX CAN 0x77A] 71 01 A0 43 02 00 FF 34 00 04
09:47:35.158 [INFO  ] Positive response: routineInfo=0x02 (RoutineResults), routineStatus=0x00 (RoutineExecutionSuccessful)
09:47:35.158 [INFO  ] Extra response bytes: FF 34 00 04
09:47:35.159 [PASS  ] ADC StartRoutine positive response | expected: 71 01 A0 43 (01|02) ... | received: 71 01 A0 43 02 00 FF 34 00 04
09:47:35.159 [INFO  ] ADC result[0] Port=0xFF Pin=0x34 Value=0x0004 (4)
09:47:35.159 [INFO  ] --- Channel 85/93: AN53 ---
09:47:35.160 ------------------------------------------------------------------------
09:47:35.160 [STEP  ] 0x31 0x01 0xA043 ADC StartRoutine attempt 1
09:47:35.161 [INFO  ] CAN route: request TX ID=0x772, response RX ID=0x77A
09:47:35.161 [INFO  ] Expected ECU response: should receive a reply on CAN ID 0x77A within 2.000s
09:47:35.161 [TX CAN 0x772 RoutineControl ADC Test] 31 01 A0 43 03 01 FF 35
09:47:35.183 [RX CAN 0x77A] 71 01 A0 43 02 00 FF 35 00 04
09:47:35.184 [INFO  ] Positive response: routineInfo=0x02 (RoutineResults), routineStatus=0x00 (RoutineExecutionSuccessful)
09:47:35.184 [INFO  ] Extra response bytes: FF 35 00 04
09:47:35.184 [PASS  ] ADC StartRoutine positive response | expected: 71 01 A0 43 (01|02) ... | received: 71 01 A0 43 02 00 FF 35 00 04
09:47:35.185 [INFO  ] ADC result[0] Port=0xFF Pin=0x35 Value=0x0004 (4)
09:47:35.185 [INFO  ] --- Channel 86/93: AN56 ---
09:47:35.185 ------------------------------------------------------------------------
09:47:35.186 [STEP  ] 0x31 0x01 0xA043 ADC StartRoutine attempt 1
09:47:35.186 [INFO  ] CAN route: request TX ID=0x772, response RX ID=0x77A
09:47:35.187 [INFO  ] Expected ECU response: should receive a reply on CAN ID 0x77A within 2.000s
09:47:35.187 [TX CAN 0x772 RoutineControl ADC Test] 31 01 A0 43 03 01 FF 38
09:47:35.209 [RX CAN 0x77A] 71 01 A0 43 02 00 FF 38 0F F9
09:47:35.210 [INFO  ] Positive response: routineInfo=0x02 (RoutineResults), routineStatus=0x00 (RoutineExecutionSuccessful)
09:47:35.210 [INFO  ] Extra response bytes: FF 38 0F F9
09:47:35.211 [PASS  ] ADC StartRoutine positive response | expected: 71 01 A0 43 (01|02) ... | received: 71 01 A0 43 02 00 FF 38 0F F9
09:47:35.211 [INFO  ] ADC result[0] Port=0xFF Pin=0x38 Value=0x0FF9 (4089)
09:47:35.211 [INFO  ] --- Channel 87/93: AN57 ---
09:47:35.212 ------------------------------------------------------------------------
09:47:35.212 [STEP  ] 0x31 0x01 0xA043 ADC StartRoutine attempt 1
09:47:35.212 [INFO  ] CAN route: request TX ID=0x772, response RX ID=0x77A
09:47:35.213 [INFO  ] Expected ECU response: should receive a reply on CAN ID 0x77A within 2.000s
09:47:35.213 [TX CAN 0x772 RoutineControl ADC Test] 31 01 A0 43 03 01 FF 39
09:47:35.234 [RX CAN 0x77A] 71 01 A0 43 02 00 FF 39 0F F9
09:47:35.234 [INFO  ] Positive response: routineInfo=0x02 (RoutineResults), routineStatus=0x00 (RoutineExecutionSuccessful)
09:47:35.235 [INFO  ] Extra response bytes: FF 39 0F F9
09:47:35.235 [PASS  ] ADC StartRoutine positive response | expected: 71 01 A0 43 (01|02) ... | received: 71 01 A0 43 02 00 FF 39 0F F9
09:47:35.235 [INFO  ] ADC result[0] Port=0xFF Pin=0x39 Value=0x0FF9 (4089)
09:47:35.237 [INFO  ] --- Channel 88/93: AN58 ---
09:47:35.237 ------------------------------------------------------------------------
09:47:35.238 [STEP  ] 0x31 0x01 0xA043 ADC StartRoutine attempt 1
09:47:35.238 [INFO  ] CAN route: request TX ID=0x772, response RX ID=0x77A
09:47:35.238 [INFO  ] Expected ECU response: should receive a reply on CAN ID 0x77A within 2.000s
09:47:35.239 [TX CAN 0x772 RoutineControl ADC Test] 31 01 A0 43 03 01 FF 3A
09:47:35.269 [RX CAN 0x77A] 71 01 A0 43 02 00 FF 3A 00 04
09:47:35.270 [INFO  ] Positive response: routineInfo=0x02 (RoutineResults), routineStatus=0x00 (RoutineExecutionSuccessful)
09:47:35.270 [INFO  ] Extra response bytes: FF 3A 00 04
09:47:35.270 [PASS  ] ADC StartRoutine positive response | expected: 71 01 A0 43 (01|02) ... | received: 71 01 A0 43 02 00 FF 3A 00 04
09:47:35.271 [INFO  ] ADC result[0] Port=0xFF Pin=0x3A Value=0x0004 (4)
09:47:35.271 [INFO  ] --- Channel 89/93: AN59 ---
09:47:35.271 ------------------------------------------------------------------------
09:47:35.272 [STEP  ] 0x31 0x01 0xA043 ADC StartRoutine attempt 1
09:47:35.272 [INFO  ] CAN route: request TX ID=0x772, response RX ID=0x77A
09:47:35.272 [INFO  ] Expected ECU response: should receive a reply on CAN ID 0x77A within 2.000s
09:47:35.273 [TX CAN 0x772 RoutineControl ADC Test] 31 01 A0 43 03 01 FF 3B
09:47:35.294 [RX CAN 0x77A] 71 01 A0 43 02 00 FF 3B 00 04
09:47:35.294 [INFO  ] Positive response: routineInfo=0x02 (RoutineResults), routineStatus=0x00 (RoutineExecutionSuccessful)
09:47:35.295 [INFO  ] Extra response bytes: FF 3B 00 04
09:47:35.295 [PASS  ] ADC StartRoutine positive response | expected: 71 01 A0 43 (01|02) ... | received: 71 01 A0 43 02 00 FF 3B 00 04
09:47:35.295 [INFO  ] ADC result[0] Port=0xFF Pin=0x3B Value=0x0004 (4)
09:47:35.295 [INFO  ] --- Channel 90/93: AN60 ---
09:47:35.296 ------------------------------------------------------------------------
09:47:35.296 [STEP  ] 0x31 0x01 0xA043 ADC StartRoutine attempt 1
09:47:35.297 [INFO  ] CAN route: request TX ID=0x772, response RX ID=0x77A
09:47:35.297 [INFO  ] Expected ECU response: should receive a reply on CAN ID 0x77A within 2.000s
09:47:35.297 [TX CAN 0x772 RoutineControl ADC Test] 31 01 A0 43 03 01 FF 3C
09:47:35.318 [RX CAN 0x77A] 71 01 A0 43 02 00 FF 3C 00 04
09:47:35.318 [INFO  ] Positive response: routineInfo=0x02 (RoutineResults), routineStatus=0x00 (RoutineExecutionSuccessful)
09:47:35.319 [INFO  ] Extra response bytes: FF 3C 00 04
09:47:35.319 [PASS  ] ADC StartRoutine positive response | expected: 71 01 A0 43 (01|02) ... | received: 71 01 A0 43 02 00 FF 3C 00 04
09:47:35.320 [INFO  ] ADC result[0] Port=0xFF Pin=0x3C Value=0x0004 (4)
09:47:35.320 [INFO  ] --- Channel 91/93: AN61 ---
09:47:35.320 ------------------------------------------------------------------------
09:47:35.321 [STEP  ] 0x31 0x01 0xA043 ADC StartRoutine attempt 1
09:47:35.321 [INFO  ] CAN route: request TX ID=0x772, response RX ID=0x77A
09:47:35.321 [INFO  ] Expected ECU response: should receive a reply on CAN ID 0x77A within 2.000s
09:47:35.321 [TX CAN 0x772 RoutineControl ADC Test] 31 01 A0 43 03 01 FF 3D
09:47:35.345 [RX CAN 0x77A] 71 01 A0 43 02 00 FF 3D 00 04
09:47:35.345 [INFO  ] Positive response: routineInfo=0x02 (RoutineResults), routineStatus=0x00 (RoutineExecutionSuccessful)
09:47:35.345 [INFO  ] Extra response bytes: FF 3D 00 04
09:47:35.346 [PASS  ] ADC StartRoutine positive response | expected: 71 01 A0 43 (01|02) ... | received: 71 01 A0 43 02 00 FF 3D 00 04
09:47:35.346 [INFO  ] ADC result[0] Port=0xFF Pin=0x3D Value=0x0004 (4)
09:47:35.346 [INFO  ] --- Channel 92/93: AN65 ---
09:47:35.346 ------------------------------------------------------------------------
09:47:35.347 [STEP  ] 0x31 0x01 0xA043 ADC StartRoutine attempt 1
09:47:35.347 [INFO  ] CAN route: request TX ID=0x772, response RX ID=0x77A
09:47:35.347 [INFO  ] Expected ECU response: should receive a reply on CAN ID 0x77A within 2.000s
09:47:35.348 [TX CAN 0x772 RoutineControl ADC Test] 31 01 A0 43 03 01 FF 41
09:47:35.380 [RX CAN 0x77A] 71 01 A0 43 02 00 FF 41 00 00
09:47:35.380 [INFO  ] Positive response: routineInfo=0x02 (RoutineResults), routineStatus=0x00 (RoutineExecutionSuccessful)
09:47:35.380 [INFO  ] Extra response bytes: FF 41 00 00
09:47:35.380 [PASS  ] ADC StartRoutine positive response | expected: 71 01 A0 43 (01|02) ... | received: 71 01 A0 43 02 00 FF 41 00 00
09:47:35.381 [INFO  ] ADC result[0] Port=0xFF Pin=0x41 Value=0x0000 (0)
09:47:35.381 [INFO  ] --- Channel 93/93: AN66 ---
09:47:35.382 ------------------------------------------------------------------------
09:47:35.382 [STEP  ] 0x31 0x01 0xA043 ADC StartRoutine attempt 1
09:47:35.382 [INFO  ] CAN route: request TX ID=0x772, response RX ID=0x77A
09:47:35.382 [INFO  ] Expected ECU response: should receive a reply on CAN ID 0x77A within 2.000s
09:47:35.383 [TX CAN 0x772 RoutineControl ADC Test] 31 01 A0 43 03 01 FF 42
09:47:35.404 [RX CAN 0x77A] 71 01 A0 43 02 00 FF 42 00 00
09:47:35.405 [INFO  ] Positive response: routineInfo=0x02 (RoutineResults), routineStatus=0x00 (RoutineExecutionSuccessful)
09:47:35.405 [INFO  ] Extra response bytes: FF 42 00 00
09:47:35.406 [PASS  ] ADC StartRoutine positive response | expected: 71 01 A0 43 (01|02) ... | received: 71 01 A0 43 02 00 FF 42 00 00
09:47:35.406 [INFO  ] ADC result[0] Port=0xFF Pin=0x42 Value=0x0000 (0)
09:47:35.406 [INFO  ] ==================================================
09:47:35.406 [INFO  ] Channel read summary:
09:47:35.407 [INFO  ] Channel    Status   ADC Value
09:47:35.407 [INFO  ] P0.1       PASS     0x0008 (8)
09:47:35.407 [INFO  ] P0.2       PASS     0x0004 (4)
09:47:35.407 [INFO  ] P0.3       PASS     0x0004 (4)
09:47:35.407 [INFO  ] P0.4       PASS     0x0004 (4)
09:47:35.408 [INFO  ] P0.5       PASS     0x0004 (4)
09:47:35.408 [INFO  ] P0.6       PASS     0x0FFF (4095)
09:47:35.408 [INFO  ] P0.7       PASS     0x0D89 (3465)
09:47:35.408 [INFO  ] P0.8       PASS     0x0FFF (4095)
09:47:35.408 [INFO  ] P0.9       PASS     0x0FFA (4090)
09:47:35.408 [INFO  ] P0.10      PASS     0x053E (1342)
09:47:35.408 [INFO  ] P0.11      PASS     0x07FE (2046)
09:47:35.409 [INFO  ] P0.12      PASS     0x0623 (1571)
09:47:35.409 [INFO  ] P1.3       PASS     0x001A (26)
09:47:35.409 [INFO  ] P1.4       PASS     0x0019 (25)
09:47:35.409 [INFO  ] P1.5       PASS     0x0001 (1)
09:47:35.409 [INFO  ] P2.11      PASS     0x0004 (4)
09:47:35.410 [INFO  ] P33.4      PASS     0x0003 (3)
09:47:35.410 [INFO  ] P33.5      PASS     0x0001 (1)
09:47:35.410 [INFO  ] P34.2      PASS     0x0034 (52)
09:47:35.410 [INFO  ] P34.3      PASS     0x0FFF (4095)
09:47:35.410 [INFO  ] P34.4      PASS     0x0002 (2)
09:47:35.410 [INFO  ] P40.0      PASS     0x043B (1083)
09:47:35.411 [INFO  ] P40.1      PASS     0x0259 (601)
09:47:35.411 [INFO  ] P40.2      PASS     0x0000 (0)
09:47:35.411 [INFO  ] P40.3      PASS     0x0000 (0)
09:47:35.411 [INFO  ] P40.4      PASS     0x0000 (0)
09:47:35.412 [INFO  ] P40.5      PASS     0x0000 (0)
09:47:35.412 [INFO  ] P40.6      PASS     0x0002 (2)
09:47:35.412 [INFO  ] P40.7      PASS     0x0000 (0)
09:47:35.412 [INFO  ] P40.8      PASS     0x0000 (0)
09:47:35.413 [INFO  ] P40.9      PASS     0x0000 (0)
09:47:35.413 [INFO  ] P40.10     PASS     0x0FF9 (4089)
09:47:35.413 [INFO  ] P40.11     PASS     0x0FF8 (4088)
09:47:35.413 [INFO  ] P40.12     PASS     0x0FF8 (4088)
09:47:35.413 [INFO  ] P40.13     PASS     0x0181 (385)
09:47:35.414 [INFO  ] P40.14     PASS     0x01B2 (434)
09:47:35.414 [INFO  ] P40.15     PASS     0x0FF8 (4088)
09:47:35.414 [INFO  ] P41.0      PASS     0x0FF8 (4088)
09:47:35.415 [INFO  ] P41.1      PASS     0x0FF8 (4088)
09:47:35.415 [INFO  ] P41.2      PASS     0x0FFA (4090)
09:47:35.415 [INFO  ] P41.3      PASS     0x0FF9 (4089)
09:47:35.416 [INFO  ] P41.4      PASS     0x0008 (8)
09:47:35.416 [INFO  ] P41.5      PASS     0x0001 (1)
09:47:35.416 [INFO  ] P41.6      PASS     0x0004 (4)
09:47:35.416 [INFO  ] P41.7      PASS     0x0004 (4)
09:47:35.417 [INFO  ] P41.8      PASS     0x0004 (4)
09:47:35.417 [INFO  ] AN0        PASS     0x0001 (1)
09:47:35.417 [INFO  ] AN1        PASS     0x0001 (1)
09:47:35.418 [INFO  ] AN2        PASS     0x0000 (0)
09:47:35.418 [INFO  ] AN3        PASS     0x0002 (2)
09:47:35.418 [INFO  ] AN4        PASS     0x0001 (1)
09:47:35.418 [INFO  ] AN5        PASS     0x0001 (1)
09:47:35.419 [INFO  ] AN6        PASS     0x0261 (609)
09:47:35.420 [INFO  ] AN7        PASS     0x09D6 (2518)
09:47:35.420 [INFO  ] AN8        PASS     0x012B (299)
09:47:35.420 [INFO  ] AN9        PASS     0x0122 (290)
09:47:35.420 [INFO  ] AN10       PASS     0x0114 (276)
09:47:35.421 [INFO  ] AN11       PASS     0x0100 (256)
09:47:35.421 [INFO  ] AN12       PASS     0x07FE (2046)
09:47:35.421 [INFO  ] AN13       PASS     0x012C (300)
09:47:35.422 [INFO  ] AN14       PASS     0x0128 (296)
09:47:35.422 [INFO  ] AN15       PASS     0x013A (314)
09:47:35.422 [INFO  ] AN16       PASS     0x0187 (391)
09:47:35.422 [INFO  ] AN20       PASS     0x0FF8 (4088)
09:47:35.423 [INFO  ] AN21       PASS     0x0FFA (4090)
09:47:35.423 [INFO  ] AN22       PASS     0x0FF8 (4088)
09:47:35.423 [INFO  ] AN23       PASS     0x0FF9 (4089)
09:47:35.424 [INFO  ] AN30       PASS     0x0000 (0)
09:47:35.424 [INFO  ] AN31       PASS     0x01B2 (434)
09:47:35.424 [INFO  ] AN34       PASS     0x09DC (2524)
09:47:35.425 [INFO  ] AN35       PASS     0x0002 (2)
09:47:35.425 [INFO  ] AN40       PASS     0x0022 (34)
09:47:35.425 [INFO  ] AN41       PASS     0x0001 (1)
09:47:35.425 [INFO  ] AN42       PASS     0x0001 (1)
09:47:35.426 [INFO  ] AN43       PASS     0x0001 (1)
09:47:35.426 [INFO  ] AN44       PASS     0x001F (31)
09:47:35.426 [INFO  ] AN45       PASS     0x0000 (0)
09:47:35.427 [INFO  ] AN46       PASS     0x0000 (0)
09:47:35.427 [INFO  ] AN47       PASS     0x0000 (0)
09:47:35.427 [INFO  ] AN48       PASS     0x0004 (4)
09:47:35.427 [INFO  ] AN49       PASS     0x0004 (4)
09:47:35.428 [INFO  ] AN50       PASS     0x0004 (4)
09:47:35.428 [INFO  ] AN51       PASS     0x0004 (4)
09:47:35.428 [INFO  ] AN52       PASS     0x0004 (4)
09:47:35.428 [INFO  ] AN53       PASS     0x0004 (4)
09:47:35.428 [INFO  ] AN56       PASS     0x0FF9 (4089)
09:47:35.429 [INFO  ] AN57       PASS     0x0FF9 (4089)
09:47:35.429 [INFO  ] AN58       PASS     0x0004 (4)
09:47:35.429 [INFO  ] AN59       PASS     0x0004 (4)
09:47:35.429 [INFO  ] AN60       PASS     0x0004 (4)
09:47:35.429 [INFO  ] AN61       PASS     0x0004 (4)
09:47:35.429 [INFO  ] AN65       PASS     0x0000 (0)
09:47:35.430 [INFO  ] AN66       PASS     0x0000 (0)
09:47:35.430 [INFO  ] Total: 93/93 PASS
09:47:35.632 ========================================================================
09:47:35.632 [SUMRY ] PASS=93 FAIL=0 TOTAL=93 ALL PASS
09:47:35.633 ========================================================================
