15:35:26.674 ========================================================================
15:35:26.674 [START ] Script : Service_31_PWM_IO_CAN
15:35:26.674 [START ] Log    : U:\sandbox_2\TI\01_code\PCAN_LIN\PCAN_LIN\Result\SVVR_Service_31_PWM_IO_CAN_153526.log
15:35:26.675 ========================================================================
15:35:26.675 [INFO  ] Blower channels detected (P25.x): using IO pre-enable mapping P25.0->P25.11, P25.1->P25.10, P25.2->both enables.
15:35:26.675 [INFO  ] IO pre-enable step before PWM:
15:35:26.675 [INFO  ]   DOH_HSD_EN(P15.13)       -> 1 | 31 01 A0 44 04 0F 0D 01
15:35:26.677 [INFO  ]   DOH_F_BLW_EN(P25.11)     -> 1 | 31 01 A0 44 04 19 0B 01
15:35:26.677 [INFO  ]   DOH_R_BLW_EN(P25.10)     -> 1 | 31 01 A0 44 04 19 0A 01
15:35:26.677 [INFO  ] [DRY-RUN] IO pre-enable requests not transmitted
15:35:26.678 [INFO  ] PWM send mode: one-by-one (16 channel(s))
15:35:26.678 [INFO  ] PWM channel 1/16: P1.13 freq=20Hz duty=50%
15:35:26.678 [INFO  ] PWM request: 1 channel(s), test_cmd=0x01
15:35:26.678 [INFO  ]   P1.13         freq=20 Hz  duty=50%
15:35:26.678 [INFO  ] [TX CAN 0x772 RoutineControl PWM] 31 01 A0 45 01 01 01 0D 00 14 32
15:35:26.678 [INFO  ] [DRY-RUN] CAN not opened, request not transmitted
15:35:26.678 [INFO  ] PWM channel 2/16: P13.11 freq=200Hz duty=50%
15:35:26.678 [INFO  ] PWM request: 1 channel(s), test_cmd=0x01
15:35:26.678 [INFO  ]   P13.11        freq=200 Hz  duty=50%
15:35:26.678 [INFO  ] [TX CAN 0x772 RoutineControl PWM] 31 01 A0 45 01 01 0D 0B 00 C8 32
15:35:26.678 [INFO  ] [DRY-RUN] CAN not opened, request not transmitted
15:35:26.679 [INFO  ] PWM channel 3/16: P13.13 freq=200Hz duty=50%
15:35:26.679 [INFO  ] PWM request: 1 channel(s), test_cmd=0x01
15:35:26.679 [INFO  ]   P13.13        freq=200 Hz  duty=50%
15:35:26.679 [INFO  ] [TX CAN 0x772 RoutineControl PWM] 31 01 A0 45 01 01 0D 0D 00 C8 32
15:35:26.679 [INFO  ] [DRY-RUN] CAN not opened, request not transmitted
15:35:26.679 [INFO  ] PWM channel 4/16: P13.14 freq=200Hz duty=50%
15:35:26.679 [INFO  ] PWM request: 1 channel(s), test_cmd=0x01
15:35:26.679 [INFO  ]   P13.14        freq=200 Hz  duty=50%
15:35:26.679 [INFO  ] [TX CAN 0x772 RoutineControl PWM] 31 01 A0 45 01 01 0D 0E 00 C8 32
15:35:26.679 [INFO  ] [DRY-RUN] CAN not opened, request not transmitted
15:35:26.680 [INFO  ] PWM channel 5/16: P13.15 freq=100Hz duty=50%
15:35:26.680 [INFO  ] PWM request: 1 channel(s), test_cmd=0x01
15:35:26.680 [INFO  ]   P13.15        freq=100 Hz  duty=50%
15:35:26.680 [INFO  ] [TX CAN 0x772 RoutineControl PWM] 31 01 A0 45 01 01 0D 0F 00 64 32
15:35:26.680 [INFO  ] [DRY-RUN] CAN not opened, request not transmitted
15:35:26.680 [INFO  ] PWM channel 6/16: P14.12 freq=200Hz duty=50%
15:35:26.680 [INFO  ] PWM request: 1 channel(s), test_cmd=0x01
15:35:26.680 [INFO  ]   P14.12        freq=200 Hz  duty=50%
15:35:26.680 [INFO  ] [TX CAN 0x772 RoutineControl PWM] 31 01 A0 45 01 01 0E 0C 00 C8 32
15:35:26.680 [INFO  ] [DRY-RUN] CAN not opened, request not transmitted
15:35:26.681 [INFO  ] PWM channel 7/16: P14.13 freq=200Hz duty=50%
15:35:26.681 [INFO  ] PWM request: 1 channel(s), test_cmd=0x01
15:35:26.681 [INFO  ]   P14.13        freq=200 Hz  duty=50%
15:35:26.681 [INFO  ] [TX CAN 0x772 RoutineControl PWM] 31 01 A0 45 01 01 0E 0D 00 C8 32
15:35:26.681 [INFO  ] [DRY-RUN] CAN not opened, request not transmitted
15:35:26.681 [INFO  ] PWM channel 8/16: P14.14 freq=200Hz duty=50%
15:35:26.681 [INFO  ] PWM request: 1 channel(s), test_cmd=0x01
15:35:26.681 [INFO  ]   P14.14        freq=200 Hz  duty=50%
15:35:26.681 [INFO  ] [TX CAN 0x772 RoutineControl PWM] 31 01 A0 45 01 01 0E 0E 00 C8 32
15:35:26.681 [INFO  ] [DRY-RUN] CAN not opened, request not transmitted
15:35:26.681 [INFO  ] PWM channel 9/16: P14.15 freq=200Hz duty=50%
15:35:26.682 [INFO  ] PWM request: 1 channel(s), test_cmd=0x01
15:35:26.682 [INFO  ]   P14.15        freq=200 Hz  duty=50%
15:35:26.682 [INFO  ] [TX CAN 0x772 RoutineControl PWM] 31 01 A0 45 01 01 0E 0F 00 C8 32
15:35:26.682 [INFO  ] [DRY-RUN] CAN not opened, request not transmitted
15:35:26.682 [INFO  ] PWM channel 10/16: P31.6 freq=200Hz duty=50%
15:35:26.682 [INFO  ] PWM request: 1 channel(s), test_cmd=0x01
15:35:26.682 [INFO  ]   P31.6         freq=200 Hz  duty=50%
15:35:26.682 [INFO  ] [TX CAN 0x772 RoutineControl PWM] 31 01 A0 45 01 01 1F 06 00 C8 32
15:35:26.683 [INFO  ] [DRY-RUN] CAN not opened, request not transmitted
15:35:26.683 [INFO  ] PWM channel 11/16: P25.0 freq=1000Hz duty=50%
15:35:26.683 [INFO  ] PWM request: 1 channel(s), test_cmd=0x01
15:35:26.683 [INFO  ]   P25.0         freq=1000 Hz  duty=50%
15:35:26.683 [INFO  ] [TX CAN 0x772 RoutineControl PWM] 31 01 A0 45 01 01 19 00 03 E8 32
15:35:26.683 [INFO  ] [DRY-RUN] CAN not opened, request not transmitted
15:35:26.683 [INFO  ] PWM channel 12/16: P25.1 freq=1000Hz duty=50%
15:35:26.683 [INFO  ] PWM request: 1 channel(s), test_cmd=0x01
15:35:26.683 [INFO  ]   P25.1         freq=1000 Hz  duty=50%
15:35:26.684 [INFO  ] [TX CAN 0x772 RoutineControl PWM] 31 01 A0 45 01 01 19 01 03 E8 32
15:35:26.684 [INFO  ] [DRY-RUN] CAN not opened, request not transmitted
15:35:26.684 [INFO  ] PWM channel 13/16: P25.2 freq=1000Hz duty=50%
15:35:26.684 [INFO  ] PWM request: 1 channel(s), test_cmd=0x01
15:35:26.684 [INFO  ]   P25.2         freq=1000 Hz  duty=50%
15:35:26.684 [INFO  ] [TX CAN 0x772 RoutineControl PWM] 31 01 A0 45 01 01 19 02 03 E8 32
15:35:26.684 [INFO  ] [DRY-RUN] CAN not opened, request not transmitted
15:35:26.684 [INFO  ] PWM channel 14/16: P25.9 freq=200Hz duty=50%
15:35:26.684 [INFO  ] PWM request: 1 channel(s), test_cmd=0x01
15:35:26.684 [INFO  ]   P25.9         freq=200 Hz  duty=50%
15:35:26.684 [INFO  ] [TX CAN 0x772 RoutineControl PWM] 31 01 A0 45 01 01 19 09 00 C8 32
15:35:26.684 [INFO  ] [DRY-RUN] CAN not opened, request not transmitted
15:35:26.685 [INFO  ] PWM channel 15/16: P13.4 freq=1000Hz duty=50%
15:35:26.685 [INFO  ] PWM request: 1 channel(s), test_cmd=0x01
15:35:26.685 [INFO  ]   P13.4         freq=1000 Hz  duty=50%
15:35:26.685 [INFO  ] [TX CAN 0x772 RoutineControl PWM] 31 01 A0 45 01 01 0D 04 03 E8 32
15:35:26.685 [INFO  ] [DRY-RUN] CAN not opened, request not transmitted
15:35:26.685 [INFO  ] PWM channel 16/16: P13.6 freq=200Hz duty=20%
15:35:26.685 [INFO  ] PWM request: 1 channel(s), test_cmd=0x01
15:35:26.685 [INFO  ]   P13.6         freq=200 Hz  duty=20%
15:35:26.685 [INFO  ] [TX CAN 0x772 RoutineControl PWM] 31 01 A0 45 01 01 0D 06 00 C8 14
15:35:26.685 [INFO  ] [DRY-RUN] CAN not opened, request not transmitted
15:35:26.685 [INFO  ] ========================================================================
15:35:26.685 [INFO  ] Command summary (per channel):
15:35:26.685 [INFO  ] Format: <Channel> <Freq> <Duty> <Type> <Command> <Note>
15:35:26.686 [INFO  ] P1.13 20 50 IO 31 01 A0 44 04 0F 0D 01 DOH_HSD_EN(P15.13)=1
15:35:26.686 [INFO  ] P1.13 20 50 PWM 31 01 A0 45 01 01 01 0D 00 14 32 P1.13 PWM
15:35:26.686 [INFO  ] P13.11 200 50 IO 31 01 A0 44 04 0F 0D 01 DOH_HSD_EN(P15.13)=1
15:35:26.686 [INFO  ] P13.11 200 50 PWM 31 01 A0 45 01 01 0D 0B 00 C8 32 P13.11 PWM
15:35:26.686 [INFO  ] P13.13 200 50 IO 31 01 A0 44 04 0F 0D 01 DOH_HSD_EN(P15.13)=1
15:35:26.686 [INFO  ] P13.13 200 50 PWM 31 01 A0 45 01 01 0D 0D 00 C8 32 P13.13 PWM
15:35:26.686 [INFO  ] P13.14 200 50 IO 31 01 A0 44 04 0F 0D 01 DOH_HSD_EN(P15.13)=1
15:35:26.686 [INFO  ] P13.14 200 50 PWM 31 01 A0 45 01 01 0D 0E 00 C8 32 P13.14 PWM
15:35:26.686 [INFO  ] P13.15 100 50 IO 31 01 A0 44 04 0F 0D 01 DOH_HSD_EN(P15.13)=1
15:35:26.686 [INFO  ] P13.15 100 50 PWM 31 01 A0 45 01 01 0D 0F 00 64 32 P13.15 PWM
15:35:26.686 [INFO  ] P14.12 200 50 IO 31 01 A0 44 04 0F 0D 01 DOH_HSD_EN(P15.13)=1
15:35:26.686 [INFO  ] P14.12 200 50 PWM 31 01 A0 45 01 01 0E 0C 00 C8 32 P14.12 PWM
15:35:26.687 [INFO  ] P14.13 200 50 IO 31 01 A0 44 04 0F 0D 01 DOH_HSD_EN(P15.13)=1
15:35:26.687 [INFO  ] P14.13 200 50 PWM 31 01 A0 45 01 01 0E 0D 00 C8 32 P14.13 PWM
15:35:26.687 [INFO  ] P14.14 200 50 IO 31 01 A0 44 04 0F 0D 01 DOH_HSD_EN(P15.13)=1
15:35:26.687 [INFO  ] P14.14 200 50 PWM 31 01 A0 45 01 01 0E 0E 00 C8 32 P14.14 PWM
15:35:26.687 [INFO  ] P14.15 200 50 IO 31 01 A0 44 04 0F 0D 01 DOH_HSD_EN(P15.13)=1
15:35:26.687 [INFO  ] P14.15 200 50 PWM 31 01 A0 45 01 01 0E 0F 00 C8 32 P14.15 PWM
15:35:26.687 [INFO  ] P31.6 200 50 IO 31 01 A0 44 04 0F 0D 01 DOH_HSD_EN(P15.13)=1
15:35:26.687 [INFO  ] P31.6 200 50 PWM 31 01 A0 45 01 01 1F 06 00 C8 32 P31.6 PWM
15:35:26.688 [INFO  ] P25.0 1000 50 IO 31 01 A0 44 04 19 0B 01 DOH_F_BLW_EN(P25.11)=1
15:35:26.688 [INFO  ] P25.0 1000 50 PWM 31 01 A0 45 01 01 19 00 03 E8 32 P25.0 PWM
15:35:26.688 [INFO  ] P25.1 1000 50 IO 31 01 A0 44 04 19 0A 01 DOH_R_BLW_EN(P25.10)=1
15:35:26.688 [INFO  ] P25.1 1000 50 PWM 31 01 A0 45 01 01 19 01 03 E8 32 P25.1 PWM
15:35:26.688 [INFO  ] P25.2 1000 50 IO 31 01 A0 44 04 19 0B 01 DOH_F_BLW_EN(P25.11)=1
15:35:26.688 [INFO  ] P25.2 1000 50 IO 31 01 A0 44 04 19 0A 01 DOH_R_BLW_EN(P25.10)=1
15:35:26.688 [INFO  ] P25.2 1000 50 PWM 31 01 A0 45 01 01 19 02 03 E8 32 P25.2 PWM
15:35:26.688 [INFO  ] P25.9 200 50 PWM 31 01 A0 45 01 01 19 09 00 C8 32 P25.9 PWM
15:35:26.688 [INFO  ] P13.4 1000 50 IO 31 01 A0 44 04 0F 0D 01 DOH_HSD_EN(P15.13)=1
15:35:26.688 [INFO  ] P13.4 1000 50 PWM 31 01 A0 45 01 01 0D 04 03 E8 32 P13.4 PWM
15:35:26.689 [INFO  ] P13.6 200 20 IO 31 01 A0 44 04 0F 0D 01 DOH_HSD_EN(P15.13)=1
15:35:26.689 [INFO  ] P13.6 200 20 PWM 31 01 A0 45 01 01 0D 06 00 C8 14 P13.6 PWM
15:35:26.689 ========================================================================
15:35:26.689 [SUMRY ] PASS=0 FAIL=0 TOTAL=0 ALL PASS
15:35:26.689 ========================================================================
