0:00:00.016 -                     :     - INFO  : Tester initialization...
0:00:00.016 -                     :     - INFO  : ========================================================================
0:00:00.016 -                     :     - INFO  : Log started Fri 12. Jun 2026 23:51:11
0:00:00.016 -                     :     - INFO  : ========================================================================
0:00:00.016 -                     :     - INFO  : Script : Reprogramming_CAN
0:00:00.016 -                     :     - INFO  : Log    : D:\03_project\stm32\f103\01_code\FBL\stm32_Bootload_UDS\doc\01_PCAN_CAN\Result\SVVR_Reprogramming_CAN_20260612_235111.log
0:00:00.187 -                     :     - INFO  : Opening PCAN [CAN 2.0] channel=PCAN_USBBUS1 bitrate=500000 tx_id=0x123 rx_id=0x122
0:00:00.375 -                     :     - INFO  : CAN TP transport open  (tx=0x123 rx=0x122 CAN 2.0)
0:00:00.375 -                     :     - INFO  : ============================================================
0:00:00.375 -                     :     - INFO  : CAN ECU Reprogramming START (S19 / uncompressed)
0:00:00.375 -                     :     - INFO  : APP file : D:\03_project\stm32\f103\01_code\FBL\stm32_Bootload_UDS\doc\01_PCAN_CAN\APP_files\a.s19
0:00:00.375 -                     :     - INFO  : CAN route: TX=0x123 RX=0x122
0:00:00.375 -                     :     - INFO  : ============================================================
0:00:00.375 -                     :     - INFO  : S19 parsed OK
0:00:00.375 -                     :     - INFO  :   first_address  : 0x0800C000
0:00:00.375 -                     :     - INFO  :   total_size     : 0x00014000 (81920 bytes)
0:00:00.375 -                     :     - INFO  :   data_format    : 0x00 (uncompressed)
0:00:00.375 -                     :     - INFO  :   erase region   : [('0x800a000', '0x16000')]
0:00:00.375 -                     :     - INFO  :   data blocks    : 1
0:00:00.375 -                     :     - INFO  :     S19DataBlock(address=0x0800C000, length=0x00014000)
0:00:00.375 -                     :     - PASS  : S19 parse OK
0:00:00.375 -                     :     - INFO  : --- 1/8 Entering Extended Session ---
0:00:00.375 -                     :     - INFO  : Tx    123    02 10 03 AA AA AA AA AA  ........
0:00:00.375 -                     :     - INFO  : ISO TP message (single frame): 021003AAAAAAAAAA
0:00:00.375 -                     :     - INFO  : size: 0x2(2)
0:00:00.375 -                     :     - INFO  : data: 10 03
0:00:00.375 -                     :     - INFO  : Rx    122    06 50 03 00 32 01 90 AA  .P..2...
0:00:00.375 -                     :     - INFO  : ISO TP message (single frame): 06500300320190AA
0:00:00.375 -                     :     - INFO  : size: 0x6(6)
0:00:00.375 -                     :     - INFO  : data: 50 03 00 32 01 90
0:00:00.375 -                     :     - PASS  : ExtendedSession positive response | expected: 50 ... | received: 50 03 00 32 01 90
0:00:00.485 -                     :     - INFO  : --- 2/8 Entering Programming Session (suppress ×2) ---
0:00:00.485 -                     :     - INFO  : Tx    123    02 10 82 AA AA AA AA AA  ........
0:00:00.485 -                     :     - INFO  : ISO TP message (single frame): 021082AAAAAAAAAA
0:00:00.485 -                     :     - INFO  : size: 0x2(2)
0:00:00.485 -                     :     - INFO  : data: 10 82
0:00:00.641 -                     :     - INFO  : No response received (suppress positive response – expected)
0:00:00.641 -                     :     - PASS  : No response expected (suppress bit set) | expected: (no response) | received: (empty)
0:00:00.641 -                     :     - INFO  : Tx    123    02 10 82 AA AA AA AA AA  ........
0:00:00.641 -                     :     - INFO  : ISO TP message (single frame): 021082AAAAAAAAAA
0:00:00.641 -                     :     - INFO  : size: 0x2(2)
0:00:00.641 -                     :     - INFO  : data: 10 82
0:00:00.796 -                     :     - INFO  : No response received (suppress positive response – expected)
0:00:00.796 -                     :     - PASS  : No response expected (suppress bit set) | expected: (no response) | received: (empty)
0:00:00.796 -                     :     - INFO  : 等待 ECU 重启进入编程模式...
0:00:01.796 -                     :     - INFO  : --- 3/8 Security Access ---
0:00:01.796 -                     :     - INFO  : Tx    123    02 27 01 AA AA AA AA AA  .'......
0:00:01.796 -                     :     - INFO  : ISO TP message (single frame): 022701AAAAAAAAAA
0:00:01.796 -                     :     - INFO  : size: 0x2(2)
0:00:01.796 -                     :     - INFO  : data: 27 01
0:00:01.796 -                     :     - INFO  : Rx    122    10 12 67 01 DB 28 73 3F  ..g..(s?
0:00:01.796 -                     :     - INFO  : Rx    122    21 8A D6 22 ED 3A 85 51  !..".:.Q
0:00:01.796 -                     :     - INFO  : Rx    122    22 9D E8 B4 00 4C AA AA  "....L..
0:00:01.796 -                     :     - PASS  : RequestSeed positive response | expected: 67 ... | received: 67 01 DB 28 73 3F 8A D6 22 ED 3A 85 51 9D E8 B4 00 4C
0:00:01.796 -                     :     - INFO  : Seed (16 bytes): DB 28 73 3F 8A D6 22 ED 3A 85 51 9D E8 B4 00 4C
0:00:01.860 -                     :     - INFO  : Computed key (16 bytes): E9 C4 FC E2 81 BF E5 4F 07 CA 43 95 C5 E8 FF B8
0:00:01.860 -                     :     - INFO  : Tx    123    10 12 27 02 E9 C4 FC E2  ..'.....
0:00:01.860 -                     :     - INFO  : ISO TP message (first frame): 10122702E9C4FCE2
0:00:01.860 -                     :     - INFO  : size: 0x12(18)
0:00:01.860 -                     :     - INFO  : data: 27 02 E9 C4 FC E2 81 BF E5 4F 07 CA 43 95 C5 E8 FF B8
0:00:01.860 -                     :     - INFO  : Tx    123    21 81 BF E5 4F 07 CA 43  !...O..C
0:00:01.860 -                     :     - INFO  : Tx    123    22 95 C5 E8 FF B8 AA AA  ".......
0:00:01.860 -                     :     - INFO  : Rx    122    02 67 02 AA AA AA AA AA  .g......
0:00:01.860 -                     :     - INFO  : ISO TP message (single frame): 026702AAAAAAAAAA
0:00:01.860 -                     :     - INFO  : size: 0x2(2)
0:00:01.860 -                     :     - INFO  : data: 67 02
0:00:01.860 -                     :     - PASS  : SendKey positive response | expected: 67 ... | received: 67 02
0:00:01.860 -                     :     - INFO  : --- 4/8 Erase Memory ---
0:00:01.860 -                     :     - INFO  : Tx    123    10 0C 31 01 FF 00 08 00  ..1.....
0:00:01.860 -                     :     - INFO  : ISO TP message (first frame): 100C3101FF000800
0:00:01.860 -                     :     - INFO  : size: 0xc(12)
0:00:01.860 -                     :     - INFO  : data: 31 01 FF 00 08 00 A0 00 00 01 60 00
0:00:01.860 -                     :     - INFO  : Tx    123    21 A0 00 00 01 60 00 AA  !....`..
0:00:02.843 -                     :     - INFO  : Rx    122    04 71 01 FF 00 AA AA AA  .q......
0:00:02.843 -                     :     - INFO  : ISO TP message (single frame): 047101FF00AAAAAA
0:00:02.843 -                     :     - INFO  : size: 0x4(4)
0:00:02.843 -                     :     - INFO  : data: 71 01 FF 00
0:00:02.843 -                     :     - PASS  : EraseMemory positive response | expected: 71 ... | received: 71 01 FF 00
0:00:02.843 -                     :     - INFO  : Erase OK @ 0x0800A000 len=0x00016000
0:00:02.843 -                     :     - INFO  : --- 5/8 Download Data Blocks ---
0:00:02.843 -                     :     - INFO  : Downloading block 1/1: S19DataBlock(address=0x0800C000, length=0x00014000)
0:00:02.843 -                     :     - INFO  : --- Downloading block: S19DataBlock(address=0x0800C000, length=0x00014000) ---
0:00:02.843 -                     :     - INFO  : Tx    123    10 0B 34 00 44 08 00 C0  ..4.D...
0:00:02.843 -                     :     - INFO  : ISO TP message (first frame): 100B3400440800C0
0:00:02.843 -                     :     - INFO  : size: 0xb(11)
0:00:02.843 -                     :     - INFO  : data: 34 00 44 08 00 C0 00 00 01 40 00
0:00:02.843 -                     :     - INFO  : Tx    123    21 00 00 01 40 00 AA AA  !...@...
0:00:02.843 -                     :     - INFO  : Rx    122    04 74 20 03 FC AA AA AA  .t .....
0:00:02.843 -                     :     - INFO  : ISO TP message (single frame): 04742003FCAAAAAA
0:00:02.843 -                     :     - INFO  : size: 0x4(4)
0:00:02.843 -                     :     - INFO  : data: 74 20 03 FC
0:00:02.843 -                     :     - PASS  : RequestDownload positive response | expected: 74 ... | received: 74 20 03 FC
0:00:02.843 -                     :     - INFO  : Max block size: 1020 bytes (0x03FC)
0:00:02.843 -                     :     - INFO  : Tx    123    13 FA 36 01 00 60 00 20  ..6..`. 
0:00:02.843 -                     :     - INFO  : ISO TP message (first frame): 13FA360100600020
0:00:02.843 -                     :     - INFO  : size: 0x3fa(1018)
0:00:02.843 -                     :     - INFO  : data: 36 01 00 60 00 20 3D 26 01 08 05 FA 00 08 0D FA 00 08 15 FA 00 08 1D FA 00 08 25 FA 00 08 00 00 00 00 00 00 00 00 00 00 00 00 00 00 00 00 2D FA 00 08 39 FA 00 08 00 00 00 00 45 FA 00 08 51 FA 00 08 85 26 01 08 85 26 01 08 85 26 01 08 85 26 01 08 85 26 01 08 85 26 01 08 85 26 01 08 85 26 01 08 85 26 01 08 85 26 01 08 85 26 01 08 85 26 01 08 85 26 01 08 85 26 01 08 5D FA 00 08 85 26 01 08 85 26 01 08 85 26 01 08 85 26 01 08 85 26 01 08 71 FA 00 08 85 FA 00 08 85 26 01 08 85 26 01 08 85 26 01 08 85 26 01 08 85 26 01 08 85 26 01 08 85 26 01 08 85 26 01 08 85 26 01 08 85 26 01 08 85 26 01 08 85 26 01 08 85 26 01 08 85 26 01 08 85 26 01 08 85 26 01 08 85 26 01 08 85 26 01 08 85 26 01 08 85 26 01 08 85 26 01 08 85 26 01 08 85 26 01 08 85 26 01 08 85 26 01 08 85 26 01 08 85 26 01 08 85 26 01 08 85 26 01 08 85 26 01 08 85 26 01 08 85 26 01 08 85 26 01 08 85 26 01 08 85 26 01 08 85 26 01 08 85 26 01 08 85 26 01 08 00 00 00 00 00 00 00 00 00 00 00 00 00 00 00 00 00 00 00 00 00 00 00 00 00 00 00 00 00 00 00 00 00 00 00 00 00 00 00 00 00 00 00 00 00 00 00 00 00 00 00 00 00 00 00 00 00 00 00 00 00 00 00 00 00 00 00 00 00 00 00 00 00 00 00 00 00 00 00 00 00 00 00 00 00 00 00 00 00 00 00 00 00 00 00 00 00 00 00 00 00 00 00 00 00 00 00 00 00 00 00 00 00 00 00 00 00 00 00 00 00 00 00 00 00 00 00 00 00 00 00 00 00 00 00 00 00 00 00 00 00 00 00 00 00 00 00 00 00 00 00 00 00 00 00 00 00 00 00 00 00 00 00 00 00 00 00 00 00 00 00 00 00 00 00 00 5F F8 E0 F1 10 B5 05 4C 23 78 33 B9 04 4B 13 B1 04 48 AF F3 00 80 01 23 23 70 10 BD C0 20 00 20 00 00 00 00 0C 34 01 08 08 B5 03 4B 1B B1 03 49 03 48 AF F3 00 80 08 BD 00 00 00 00 C4 20 00 20 0C 34 01 08 03 46 13 F8 01 2B 00 2A FB D1 18 1A 01 38 70 47 00 23 10 B5 04 46 C0 E9 00 33 C0 E9 04 33 83 60 81 81 43 66 C2 81 83 61 19 46 08 22 5C 30 00 F0 F4 F8 0D 4B 24 62 63 62 0C 4B A3 62 0C 4B E3 62 0C 4B 23 63 0C 4B 9C 42 06 D0 03 F1 68 02 94 42 02 D0 D0 33 9C 42 05 D1 04 F1 58 00 BD E8 10 40 00 F0 4E B9 10 BD 00 BF B9 C3 00 08 DB C3 00 08 13 C4 00 08 37 C4 00 08 DC 20 00 20 02 4A 03 49 03 48 00 F0 69 B8 00 BF 00 20 00 20 19 C8 00 08 10 20 00 20 41 68 0C 4B 10 B5 99 42 04 46 01 D0 00 F0 A8 FA A1 68 09 4B 99 42 02 D0 20 46 00 F0 A1 FA E1 68 06 4B 99 42 04 D0 20 46 BD E8 10 40 00 F0 98 BA 10 BD 00 BF DC 20 00 20 44 21 00 20 AC 21 00 20 10 B5 0B 4B 0B 4C 0C 4A 20 46 1A 60 04 21 00 22 FF F7 94 FF 04 F1 68 00 01 22 09 21 FF F7 8E FF 04 F1 D0 00 02 22 BD E8 10 40 12 21 FF F7 86 BF 14 22 00 20 DC 20 00 20 A1 C2 00 08 01 48 00 F0 F6 B8 00 BF 1D 22 00 20 01 48 00 F0 F1 B8 00 BF 1D 22 00 20 10 B5 04 46 FF F7 F0 FF 23 6A 1B B1 BD E8 10 40 FF F7 F0 BF 04 4B 23 62 04 4B 1B 68 00 2B F5 D1 FF F7 C4 FF F2 E7 00 BF B9 C2 00 08 14 22 00 20 2D E9 F8 43 07 46 88 46 14 46 00 26 D4 E9 01 95 B9 F1 01 09 05 D5 24 68 00 2C F7 D1 30 46 BD E8 F8 83 AB 89 01 2B 07 D9 B5 F9 0E 30 01 33 03 D0 29 46 38 46 C0 47 06 43 68 35 E9 E7 10 B5 0C 46 B1 F9 0E 10 00 F0 68 F8 00 28 AB BF 63 6D A3 89 1B 18 23 F4 80 53 AC BF 63 65 A3 81 10 BD 2D E9 F0 41 1F 46 8B 89 05 46 DB 05 0C 46 16 46 05 D5 02 23 00 22 B1 F9 0E 10 00 F0 3C F8
0:00:02.843 -                     :     - INFO  : Tx    123    21 3D 26 01 08 05 FA 00  !=&.....
0:00:02.843 -                     :     - INFO  : Tx    123    22 08 0D FA 00 08 15 FA  ".......
0:00:02.843 -                     :     - INFO  : Tx    123    23 00 08 1D FA 00 08 25  #......%
0:00:02.843 -                     :     - INFO  : Tx    123    24 FA 00 08 00 00 00 00  $.......
0:00:02.843 -                     :     - INFO  : Tx    123    25 00 00 00 00 00 00 00  %.......
0:00:02.843 -                     :     - INFO  : Tx    123    26 00 00 00 00 00 2D FA  &.....-.
0:00:02.843 -                     :     - INFO  : Tx    123    27 00 08 39 FA 00 08 00  '..9....
0:00:02.843 -                     :     - INFO  : Tx    123    28 00 00 00 45 FA 00 08  (...E...
0:00:02.843 -                     :     - INFO  : Tx    123    29 51 FA 00 08 85 26 01  )Q....&.
0:00:02.843 -                     :     - INFO  : Tx    123    2A 08 85 26 01 08 85 26  *..&...&
0:00:02.843 -                     :     - INFO  : Tx    123    2B 01 08 85 26 01 08 85  +...&...
0:00:02.843 -                     :     - INFO  : Tx    123    2C 26 01 08 85 26 01 08  ,&...&..
0:00:02.843 -                     :     - INFO  : Tx    123    2D 85 26 01 08 85 26 01  -.&...&.
0:00:02.843 -                     :     - INFO  : Tx    123    2E 08 85 26 01 08 85 26  ...&...&
0:00:02.843 -                     :     - INFO  : Tx    123    2F 01 08 85 26 01 08 85  /...&...
0:00:02.843 -                     :     - INFO  : Tx    123    20 26 01 08 85 26 01 08   &...&..
0:00:02.843 -                     :     - INFO  : Tx    123    21 85 26 01 08 5D FA 00  !.&..]..
0:00:02.843 -                     :     - INFO  : Tx    123    22 08 85 26 01 08 85 26  "..&...&
0:00:02.843 -                     :     - INFO  : Tx    123    23 01 08 85 26 01 08 85  #...&...
0:00:02.843 -                     :     - INFO  : Tx    123    24 26 01 08 85 26 01 08  $&...&..
0:00:02.843 -                     :     - INFO  : Tx    123    25 71 FA 00 08 85 FA 00  %q......
0:00:02.843 -                     :     - INFO  : Tx    123    26 08 85 26 01 08 85 26  &..&...&
0:00:02.843 -                     :     - INFO  : Tx    123    27 01 08 85 26 01 08 85  '...&...
0:00:02.843 -                     :     - INFO  : Tx    123    28 26 01 08 85 26 01 08  (&...&..
0:00:02.843 -                     :     - INFO  : Tx    123    29 85 26 01 08 85 26 01  ).&...&.
0:00:02.843 -                     :     - INFO  : Tx    123    2A 08 85 26 01 08 85 26  *..&...&
0:00:02.843 -                     :     - INFO  : Tx    123    2B 01 08 85 26 01 08 85  +...&...
0:00:02.843 -                     :     - INFO  : Tx    123    2C 26 01 08 85 26 01 08  ,&...&..
0:00:02.843 -                     :     - INFO  : Tx    123    2D 85 26 01 08 85 26 01  -.&...&.
0:00:02.843 -                     :     - INFO  : Tx    123    2E 08 85 26 01 08 85 26  ...&...&
0:00:02.843 -                     :     - INFO  : Tx    123    2F 01 08 85 26 01 08 85  /...&...
0:00:02.843 -                     :     - INFO  : Tx    123    20 26 01 08 85 26 01 08   &...&..
0:00:02.843 -                     :     - INFO  : Tx    123    21 85 26 01 08 85 26 01  !.&...&.
0:00:02.843 -                     :     - INFO  : Tx    123    22 08 85 26 01 08 85 26  "..&...&
0:00:02.843 -                     :     - INFO  : Tx    123    23 01 08 85 26 01 08 85  #...&...
0:00:02.843 -                     :     - INFO  : Tx    123    24 26 01 08 85 26 01 08  $&...&..
0:00:02.843 -                     :     - INFO  : Tx    123    25 85 26 01 08 85 26 01  %.&...&.
0:00:02.843 -                     :     - INFO  : Tx    123    26 08 85 26 01 08 85 26  &..&...&
0:00:02.843 -                     :     - INFO  : Tx    123    27 01 08 85 26 01 08 85  '...&...
0:00:02.843 -                     :     - INFO  : Tx    123    28 26 01 08 85 26 01 08  (&...&..
0:00:02.843 -                     :     - INFO  : Tx    123    29 85 26 01 08 85 26 01  ).&...&.
0:00:02.843 -                     :     - INFO  : Tx    123    2A 08 85 26 01 08 85 26  *..&...&
0:00:02.843 -                     :     - INFO  : Tx    123    2B 01 08 85 26 01 08 00  +...&...
0:00:02.843 -                     :     - INFO  : Tx    123    2C 00 00 00 00 00 00 00  ,.......
0:00:02.843 -                     :     - INFO  : Tx    123    2D 00 00 00 00 00 00 00  -.......
0:00:02.843 -                     :     - INFO  : Tx    123    2E 00 00 00 00 00 00 00  ........
0:00:02.843 -                     :     - INFO  : Tx    123    2F 00 00 00 00 00 00 00  /.......
0:00:02.843 -                     :     - INFO  : Tx    123    20 00 00 00 00 00 00 00   .......
0:00:02.843 -                     :     - INFO  : Tx    123    21 00 00 00 00 00 00 00  !.......
0:00:02.843 -                     :     - INFO  : Tx    123    22 00 00 00 00 00 00 00  ".......
0:00:02.843 -                     :     - INFO  : Tx    123    23 00 00 00 00 00 00 00  #.......
0:00:02.843 -                     :     - INFO  : Tx    123    24 00 00 00 00 00 00 00  $.......
0:00:02.843 -                     :     - INFO  : Tx    123    25 00 00 00 00 00 00 00  %.......
0:00:02.843 -                     :     - INFO  : Tx    123    26 00 00 00 00 00 00 00  &.......
0:00:02.843 -                     :     - INFO  : Tx    123    27 00 00 00 00 00 00 00  '.......
0:00:02.843 -                     :     - INFO  : Tx    123    28 00 00 00 00 00 00 00  (.......
0:00:02.843 -                     :     - INFO  : Tx    123    29 00 00 00 00 00 00 00  ).......
0:00:02.843 -                     :     - INFO  : Tx    123    2A 00 00 00 00 00 00 00  *.......
0:00:02.843 -                     :     - INFO  : Tx    123    2B 00 00 00 00 00 00 00  +.......
0:00:02.843 -                     :     - INFO  : Tx    123    2C 00 00 00 00 00 00 00  ,.......
0:00:02.843 -                     :     - INFO  : Tx    123    2D 00 00 00 00 00 00 00  -.......
0:00:02.843 -                     :     - INFO  : Tx    123    2E 00 00 00 00 00 00 00  ........
0:00:02.843 -                     :     - INFO  : Tx    123    2F 00 00 00 00 00 00 00  /.......
0:00:02.843 -                     :     - INFO  : Tx    123    20 00 00 00 00 00 00 00   .......
0:00:02.843 -                     :     - INFO  : Tx    123    21 00 00 00 00 00 00 00  !.......
0:00:02.843 -                     :     - INFO  : Tx    123    22 00 00 00 00 00 00 00  ".......
0:00:02.843 -                     :     - INFO  : Tx    123    23 00 00 00 00 00 00 00  #.......
0:00:02.843 -                     :     - INFO  : Tx    123    24 00 00 00 00 00 00 00  $.......
0:00:02.843 -                     :     - INFO  : Tx    123    25 5F F8 E0 F1 10 B5 05  %_......
0:00:02.843 -                     :     - INFO  : Tx    123    26 4C 23 78 33 B9 04 4B  &L#x3..K
0:00:02.843 -                     :     - INFO  : Tx    123    27 13 B1 04 48 AF F3 00  '...H...
0:00:02.843 -                     :     - INFO  : Tx    123    28 80 01 23 23 70 10 BD  (..##p..
0:00:02.843 -                     :     - INFO  : Tx    123    29 C0 20 00 20 00 00 00  ). . ...
0:00:02.843 -                     :     - INFO  : Tx    123    2A 00 0C 34 01 08 08 B5  *..4....
0:00:02.843 -                     :     - INFO  : Tx    123    2B 03 4B 1B B1 03 49 03  +.K...I.
0:00:02.843 -                     :     - INFO  : Tx    123    2C 48 AF F3 00 80 08 BD  ,H......
0:00:02.843 -                     :     - INFO  : Tx    123    2D 00 00 00 00 C4 20 00  -..... .
0:00:02.843 -                     :     - INFO  : Tx    123    2E 20 0C 34 01 08 03 46  . .4...F
0:00:02.843 -                     :     - INFO  : Tx    123    2F 13 F8 01 2B 00 2A FB  /...+.*.
0:00:02.843 -                     :     - INFO  : Tx    123    20 D1 18 1A 01 38 70 47   ....8pG
0:00:02.843 -                     :     - INFO  : Tx    123    21 00 23 10 B5 04 46 C0  !.#...F.
0:00:02.843 -                     :     - INFO  : Tx    123    22 E9 00 33 C0 E9 04 33  "..3...3
0:00:02.843 -                     :     - INFO  : Tx    123    23 83 60 81 81 43 66 C2  #.`..Cf.
0:00:02.843 -                     :     - INFO  : Tx    123    24 81 83 61 19 46 08 22  $..a.F."
0:00:02.843 -                     :     - INFO  : Tx    123    25 5C 30 00 F0 F4 F8 0D  %\0.....
0:00:02.843 -                     :     - INFO  : Tx    123    26 4B 24 62 63 62 0C 4B  &K$bcb.K
0:00:02.843 -                     :     - INFO  : Tx    123    27 A3 62 0C 4B E3 62 0C  '.b.K.b.
0:00:02.843 -                     :     - INFO  : Tx    123    28 4B 23 63 0C 4B 9C 42  (K#c.K.B
0:00:02.843 -                     :     - INFO  : Tx    123    29 06 D0 03 F1 68 02 94  )....h..
0:00:02.843 -                     :     - INFO  : Tx    123    2A 42 02 D0 D0 33 9C 42  *B...3.B
0:00:02.843 -                     :     - INFO  : Tx    123    2B 05 D1 04 F1 58 00 BD  +....X..
0:00:02.843 -                     :     - INFO  : Tx    123    2C E8 10 40 00 F0 4E B9  ,..@..N.
0:00:02.843 -                     :     - INFO  : Tx    123    2D 10 BD 00 BF B9 C3 00  -.......
0:00:02.843 -                     :     - INFO  : Tx    123    2E 08 DB C3 00 08 13 C4  ........
0:00:02.843 -                     :     - INFO  : Tx    123    2F 00 08 37 C4 00 08 DC  /..7....
0:00:02.843 -                     :     - INFO  : Tx    123    20 20 00 20 02 4A 03 49    . .J.I
0:00:02.843 -                     :     - INFO  : Tx    123    21 03 48 00 F0 69 B8 00  !.H..i..
0:00:02.843 -                     :     - INFO  : Tx    123    22 BF 00 20 00 20 19 C8  ".. . ..
0:00:02.843 -                     :     - INFO  : Tx    123    23 00 08 10 20 00 20 41  #... . A
0:00:02.843 -                     :     - INFO  : Tx    123    24 68 0C 4B 10 B5 99 42  $h.K...B
0:00:02.843 -                     :     - INFO  : Tx    123    25 04 46 01 D0 00 F0 A8  %.F.....
0:00:02.843 -                     :     - INFO  : Tx    123    26 FA A1 68 09 4B 99 42  &..h.K.B
0:00:02.843 -                     :     - INFO  : Tx    123    27 02 D0 20 46 00 F0 A1  '.. F...
0:00:02.843 -                     :     - INFO  : Tx    123    28 FA E1 68 06 4B 99 42  (..h.K.B
0:00:02.843 -                     :     - INFO  : Tx    123    29 04 D0 20 46 BD E8 10  ).. F...
0:00:02.843 -                     :     - INFO  : Tx    123    2A 40 00 F0 98 BA 10 BD  *@......
0:00:02.843 -                     :     - INFO  : Tx    123    2B 00 BF DC 20 00 20 44  +... . D
0:00:02.843 -                     :     - INFO  : Tx    123    2C 21 00 20 AC 21 00 20  ,!. .!. 
0:00:02.843 -                     :     - INFO  : Tx    123    2D 10 B5 0B 4B 0B 4C 0C  -...K.L.
0:00:02.843 -                     :     - INFO  : Tx    123    2E 4A 20 46 1A 60 04 21  .J F.`.!
0:00:02.843 -                     :     - INFO  : Tx    123    2F 00 22 FF F7 94 FF 04  /.".....
0:00:02.843 -                     :     - INFO  : Tx    123    20 F1 68 00 01 22 09 21   .h..".!
0:00:02.843 -                     :     - INFO  : Tx    123    21 FF F7 8E FF 04 F1 D0  !.......
0:00:02.843 -                     :     - INFO  : Tx    123    22 00 02 22 BD E8 10 40  ".."...@
0:00:02.843 -                     :     - INFO  : Tx    123    23 12 21 FF F7 86 BF 14  #.!.....
0:00:02.843 -                     :     - INFO  : Tx    123    24 22 00 20 DC 20 00 20  $". . . 
0:00:02.843 -                     :     - INFO  : Tx    123    25 A1 C2 00 08 01 48 00  %.....H.
0:00:02.843 -                     :     - INFO  : Tx    123    26 F0 F6 B8 00 BF 1D 22  &......"
0:00:02.843 -                     :     - INFO  : Tx    123    27 00 20 01 48 00 F0 F1  '. .H...
0:00:02.843 -                     :     - INFO  : Tx    123    28 B8 00 BF 1D 22 00 20  (....". 
0:00:02.843 -                     :     - INFO  : Tx    123    29 10 B5 04 46 FF F7 F0  )...F...
0:00:02.843 -                     :     - INFO  : Tx    123    2A FF 23 6A 1B B1 BD E8  *.#j....
0:00:02.843 -                     :     - INFO  : Tx    123    2B 10 40 FF F7 F0 BF 04  +.@.....
0:00:02.843 -                     :     - INFO  : Tx    123    2C 4B 23 62 04 4B 1B 68  ,K#b.K.h
0:00:02.843 -                     :     - INFO  : Tx    123    2D 00 2B F5 D1 FF F7 C4  -.+.....
0:00:02.843 -                     :     - ERROR : [Errno 22] Invalid argument
0:00:02.921 -                     :     - INFO  : CAN TP transport closed
0:00:02.921 -                     :     - INFO  : ========================================================================
0:00:02.921 -                     :     - INFO  : PASS=8  FAIL=1  TOTAL=9  FAILED
0:00:02.921 -                     :     - INFO  : ========================================================================
0:00:02.921 -                     :     - INFO  : PCANTester Destruction
