13:44:55.852 ========================================================================
13:44:55.853 [START ] Script : Service_22
13:44:55.853 [START ] Log    : U:\sandbox_2\TI\01_code\PCAN_LIN\PCAN_LIN\Result\SVVR_Service_22_20260507_134455.log
13:44:55.853 ========================================================================
13:44:55.859 [INFO  ] LIN TP transport open  (hw=1, channel=1, 19200 baud)
13:44:55.862 [INFO  ] ============================================================
13:44:55.862 [INFO  ] Service 0x22 ReadDataByIdentifier – Full Test
13:44:55.864 [INFO  ] ============================================================
13:44:55.865 ------------------------------------------------------------------------
13:44:55.865 [STEP  ] 0x22 F1 86 – Read Active Diagnostic Session
13:44:55.865 [TX ReadDataByIdentifier activeDiagnosticSession] 22 F1 86
13:44:55.866 [TX SF ] 67 03 22 F1 86 FF FF FF
13:44:55.898 [RX SF ] 67 04 62 F1 86 02 FF FF
13:44:55.898 [RX    ] 62 F1 86 02
13:44:55.899 [INFO  ] Current session: 0x02 (ProgrammingSession)
13:44:55.899 [PASS  ] Read active session OK
13:44:55.899 [INFO  ] --- Setup: Enter Programming Session ---
13:44:55.900 ------------------------------------------------------------------------
13:44:55.900 [STEP  ] 0x10 02 – Switch to Programming Session
13:44:55.900 [TX DiagnosticSessionControl programmingSession] 10 02
13:44:55.901 [TX SF ] 67 02 10 02 FF FF FF FF
13:44:55.931 [RX SF ] 67 06 50 02 00 32 01 F4
13:44:55.931 [RX    ] 50 02 00 32 01 F4
13:44:55.931 [PASS  ] ProgrammingSession positive response | expected: 50 ... | received: 50 02 00 32 01 F4
13:44:56.032 [INFO  ] --- [N13] Negative Tests: NRC 0x13 incorrectMessageLength ---
13:44:56.032 ------------------------------------------------------------------------
13:44:56.033 [STEP  ] 0x22 F1 8C 01 – NRC 0x13 incorrectMessageLength (length > 3)
13:44:56.033 [TX ReadDataByIdentifier length=4 (too long)] 22 F1 8C 01
13:44:56.034 [TX SF ] 67 04 22 F1 8C 01 FF FF
13:44:56.065 [RX SF ] 67 03 7F 22 13 FF FF FF
13:44:56.065 [RX    ] 7F 22 13
13:44:56.066 [PASS  ] NRC 0x13 length > 3 | expected: 7F 22 13 | received: 7F 22 13
13:44:56.066 ------------------------------------------------------------------------
13:44:56.066 [STEP  ] 0x22 F1 – NRC 0x13 incorrectMessageLength (length < 3)
13:44:56.066 [TX ReadDataByIdentifier length=2 (too short)] 22 F1
13:44:56.067 [TX SF ] 67 02 22 F1 FF FF FF FF
13:44:56.098 [RX SF ] 67 03 7F 22 13 FF FF FF
13:44:56.098 [RX    ] 7F 22 13
13:44:56.099 [PASS  ] NRC 0x13 length < 3 | expected: 7F 22 13 | received: 7F 22 13
13:44:56.099 [INFO  ] --- [N31] Negative Tests: NRC 0x31 requestOutOfRange ---
13:44:56.099 ------------------------------------------------------------------------
13:44:56.099 [STEP  ] 0x22 F1 FF – NRC 0x31 requestOutOfRange (unsupported DID)
13:44:56.100 [TX ReadDataByIdentifier F1FF (unsupported DID)] 22 F1 FF
13:44:56.100 [TX SF ] 67 03 22 F1 FF FF FF FF
13:44:56.131 [RX SF ] 67 03 7F 22 31 FF FF FF
13:44:56.131 [RX    ] 7F 22 31
13:44:56.132 [PASS  ] NRC 0x31 unsupported DID | expected: 7F 22 31 | received: 7F 22 31
13:44:56.132 [INFO  ] --- [D01C] 22 D0 1C – NRC 0x22 (not written) / 62 D0 1C +32B (written) ---
13:44:56.134 ------------------------------------------------------------------------
13:44:56.134 [STEP  ] D01C-1 | 22 D0 1C - NRC 0x22 conditionNotCorrect (key not written)
13:44:56.135 [TX ReadDataByIdentifier D01C (before write)] 22 D0 1C
13:44:56.135 [TX SF ] 67 03 22 D0 1C FF FF FF
13:44:56.165 [RX SF ] 67 03 7F 22 22 FF FF FF
13:44:56.165 [RX    ] 7F 22 22
13:44:56.165 [PASS  ] D01C-1: NRC 0x22 key not written | expected: 7F 22 22 | received: 7F 22 22
13:44:56.166 [INFO  ] --- D01C: SecurityAccess unlock (required for 2E D01C write) ---
13:44:56.166 ------------------------------------------------------------------------
13:44:56.166 [STEP  ] 0x27 01 – SecurityAccess: Request Seed
13:44:56.166 [TX SecurityAccess requestSeed] 27 01
13:44:56.167 [TX SF ] 67 02 27 01 FF FF FF FF
13:44:56.195 [RX FF ] 67 10 12 67 01 3C 83 AF
13:44:56.204 [RX CF1] 67 21 FD B8 2E 3B AB 6E
13:44:56.214 [RX CF2] 67 22 E0 96 0C 23 DC 01
13:44:56.225 [RX CF3] 67 23 DC FF FF FF FF FF
13:44:56.225 [RX    ] 67 01 3C 83 AF FD B8 2E 3B AB 6E E0 96 0C 23 DC 01 DC
13:44:56.225 [PASS  ] Seed request positive response | expected: 67 ... | received: 67 01 3C 83 AF FD B8 2E 3B AB 6E E0 96 0C 23 DC 01 DC
13:44:56.226 [INFO  ] Seed received: 3C 83 AF FD B8 2E 3B AB 6E E0 96 0C 23 DC 01 DC
13:44:56.226 ------------------------------------------------------------------------
13:44:56.226 [STEP  ] 0x27 02 – SecurityAccess: Send Key
13:44:56.285 [TX SecurityAccess sendKey] 27 02 7C 54 F1 DF 4C 12 7F 04 09 34 27 4C 54 B1 EC 36
13:44:56.285 [TX FF ] 67 10 12 27 02 7C 54 F1
13:44:56.306 [TX CF1] 67 21 DF 4C 12 7F 04 09
13:44:56.327 [TX CF2] 67 22 34 27 4C 54 B1 EC
13:44:56.349 [TX CF3] 67 23 36 FF FF FF FF FF
13:44:56.382 [RX SF ] 67 02 67 02 FF FF FF FF
13:44:56.383 [RX    ] 67 02
13:44:56.383 [PASS  ] Key accepted positive response | expected: 67 ... | received: 67 02
13:44:56.433 ------------------------------------------------------------------------
13:44:56.433 [STEP  ] D01C-2 | 2E D0 1C + 292B - Write RSA public key -> 6E D0 1C
13:44:56.434 [TX WriteDataByIdentifier D01C (292B RSA key)] 2E D0 1C B9 04 58 97 E1 2D ... (292B)
13:44:56.434 [TX FF ] 67 11 27 2E D0 1C B9 04
13:44:56.454 [TX CF1] 67 21 58 97 E1 2D AB C8
13:44:56.475 [TX CF2] 67 22 87 F7 B0 B9 33 46
13:44:56.496 [TX CF3] 67 23 82 F1 41 E0 F8 D0
13:44:56.517 [TX CF4] 67 24 56 4E 26 97 2B 87
13:44:56.538 [TX CF5] 67 25 13 60 97 74 6A 57
13:44:56.559 [TX CF6] 67 26 5C BE 9D 59 48 9B
13:44:56.579 [TX CF7] 67 27 A7 5E E9 59 A4 70
13:44:56.600 [TX CF8] 67 28 0A B0 26 0C 19 3D
13:44:56.620 [TX CF9] 67 29 F3 2A 47 57 00 3D
13:44:56.640 [TX CF10] 67 2A 10 7F 26 07 5F EE
13:44:56.661 [TX CF11] 67 2B 3F 48 2B 76 E3 C9
13:44:56.682 [TX CF12] 67 2C 81 84 E0 83 B3 E0
13:44:56.703 [TX CF13] 67 2D FE 7F 49 EB CE 98
13:44:56.723 [TX CF14] 67 2E B7 BB E1 FE 72 89
13:44:56.745 [TX CF15] 67 2F 3E AF DE A5 C3 99
13:44:56.767 [TX CF0] 67 20 B3 1F B7 A8 9F CB
13:44:56.789 [TX CF1] 67 21 F1 39 8B F6 A8 7B
13:44:56.810 [TX CF2] 67 22 C0 A8 0E 79 E0 DC
13:44:56.831 [TX CF3] 67 23 2E 22 EB F2 48 4E
13:44:56.851 [TX CF4] 67 24 76 DF AD EF 46 AC
13:44:56.873 [TX CF5] 67 25 05 F7 CA FB 1B EC
13:44:56.893 [TX CF6] 67 26 50 36 5A 3C 9F 2C
13:44:56.914 [TX CF7] 67 27 4F 7E B5 F9 02 32
13:44:56.936 [TX CF8] 67 28 96 70 18 A3 9E 23
13:44:56.957 [TX CF9] 67 29 41 2D 18 9B 60 A8
13:44:56.978 [TX CF10] 67 2A 79 9F 50 FF 3A 17
13:44:56.998 [TX CF11] 67 2B 1F 52 DE 53 68 48
13:44:57.018 [TX CF12] 67 2C 2F A2 D5 E2 C3 20
13:44:57.039 [TX CF13] 67 2D E0 8E A5 A2 76 A3
13:44:57.060 [TX CF14] 67 2E 34 8E C9 C6 7D 75
13:44:57.081 [TX CF15] 67 2F 2E 14 8D C8 DA 76
13:44:57.102 [TX CF0] 67 20 9E 1A 34 F2 96 BC
13:44:57.123 [TX CF1] 67 21 17 2D 57 25 E1 F5
13:44:57.144 [TX CF2] 67 22 27 D4 03 C9 E3 2B
13:44:57.165 [TX CF3] 67 23 78 FD 18 05 92 E0
13:44:57.187 [TX CF4] 67 24 C1 47 9A E1 5B 27
13:44:57.207 [TX CF5] 67 25 FD 1E E2 62 09 A3
13:44:57.228 [TX CF6] 67 26 01 7F 90 DA 45 65
13:44:57.251 [TX CF7] 67 27 9B 7E 7E AB 20 E6
13:44:57.272 [TX CF8] 67 28 10 41 D8 9B F3 34
13:44:57.293 [TX CF9] 67 29 ED 4B 2F 40 4B 3E
13:44:57.314 [TX CF10] 67 2A 54 C0 6E 8A D5 50
13:44:57.334 [TX CF11] 67 2B B7 A7 00 01 00 01
13:44:57.354 [TX CF12] 67 2C 49 80 2E 7E 19 11
13:44:57.375 [TX CF13] 67 2D 8B 19 F9 E6 76 2E
13:44:57.396 [TX CF14] 67 2E BC F3 3F B8 CB 14
13:44:57.417 [TX CF15] 67 2F 6F 9D 8D A2 43 5F
13:44:57.439 [TX CF0] 67 20 0B 08 08 6B C7 CC
13:44:57.460 [TX CF1] 67 21 D2 A5 FF FF FF FF
13:44:57.489 [RX SF ] 67 03 6E D0 1C FF FF FF
13:44:57.489 [RX    ] 6E D0 1C
13:44:57.489 [PASS  ] D01C-2: positive 6E D0 1C | expected: 6E ... | received: 6E D0 1C
13:44:57.490 ------------------------------------------------------------------------
13:44:57.490 [STEP  ] D01C-3 | 22 D0 1C - 62 D0 1C + 32B checksum (key written)
13:44:57.490 [TX ReadDataByIdentifier D01C (after write, read checksum)] 22 D0 1C
13:44:57.490 [TX SF ] 67 03 22 D0 1C FF FF FF
13:44:57.520 [RX FF ] 67 10 23 62 D0 1C 49 80
13:44:57.529 [RX CF1] 67 21 2E 7E 19 11 8B 19
13:44:57.539 [RX CF2] 67 22 F9 E6 76 2E BC F3
13:44:57.548 [RX CF3] 67 23 3F B8 CB 14 6F 9D
13:44:57.557 [RX CF4] 67 24 8D A2 43 5F 0B 08
13:44:57.566 [RX CF5] 67 25 08 6B C7 CC D2 A5
13:44:57.566 [RX    ] 62 D0 1C 49 80 2E 7E 19 11 8B 19 F9 E6 76 2E BC F3 3F B8 CB 14 6F 9D 8D A2 43 5F 0B 08 08 6B C7 CC D2 A5
13:44:57.566 [PASS  ] D01C-3: checksum matches written key | expected: 62 D0 1C 49 80 2E 7E 19 11 8B 19 F9 E6 76 2E BC F3 3F B8 CB 14 6F 9D 8D A2 43 5F 0B 08 08 6B C7 CC D2 A5 | received: 62 D0 1C 49 80 2E 7E 19 11 8B 19 F9 E6 76 2E BC F3 3F B8 CB 14 6F 9D 8D A2 43 5F 0B 08 08 6B C7 CC D2 A5
13:44:57.566 [INFO  ] --- [P] Positive Tests: Read all DIDs (physical NAD=0x67) ---
13:44:57.567 ------------------------------------------------------------------------
13:44:57.567 [STEP  ] 0x22 F1 86 – Active Diagnostic Session
13:44:57.567 [TX ReadDataByIdentifier F1 86 (Active Diagnostic Session)] 22 F1 86
13:44:57.567 [TX SF ] 67 03 22 F1 86 FF FF FF
13:44:57.595 [RX SF ] 67 04 62 F1 86 02 FF FF
13:44:57.595 [RX    ] 62 F1 86 02
13:44:57.596 [PASS  ] ReadDataByIdentifier F1 86 length check | expected: 62 F1 86 + 1 data bytes | received: 62 F1 86 02
13:44:57.647 ------------------------------------------------------------------------
13:44:57.647 [STEP  ] 0x22 F1 21 – PBL Diagnostic DB Part Number (Volvo)
13:44:57.648 [TX ReadDataByIdentifier F1 21 (PBL Diagnostic DB Part Number (Volvo))] 22 F1 21
13:44:57.649 [TX SF ] 67 03 22 F1 21 FF FF FF
13:44:57.680 [RX FF ] 67 10 0A 62 F1 21 00 00
13:44:57.691 [RX CF1] 67 21 00 00 00 00 00 FF
13:44:57.691 [RX    ] 62 F1 21 00 00 00 00 00 00 00
13:44:57.692 [PASS  ] ReadDataByIdentifier F1 21 length check | expected: 62 F1 21 + 7 data bytes | received: 62 F1 21 00 00 00 00 00 00 00
13:44:57.742 ------------------------------------------------------------------------
13:44:57.742 [STEP  ] 0x22 F1 25 – PBL SW Part Number (Volvo)
13:44:57.743 [TX ReadDataByIdentifier F1 25 (PBL SW Part Number (Volvo))] 22 F1 25
13:44:57.744 [TX SF ] 67 03 22 F1 25 FF FF FF
13:44:57.774 [RX FF ] 67 10 0A 62 F1 25 00 00
13:44:57.784 [RX CF1] 67 21 00 00 00 00 00 FF
13:44:57.784 [RX    ] 62 F1 25 00 00 00 00 00 00 00
13:44:57.784 [PASS  ] ReadDataByIdentifier F1 25 length check | expected: 62 F1 25 + 7 data bytes | received: 62 F1 25 00 00 00 00 00 00 00
13:44:57.836 ------------------------------------------------------------------------
13:44:57.836 [STEP  ] 0x22 F1 2A – ECU Core Assembly Number (Volvo)
13:44:57.837 [TX ReadDataByIdentifier F1 2A (ECU Core Assembly Number (Volvo))] 22 F1 2A
13:44:57.837 [TX SF ] 67 03 22 F1 2A FF FF FF
13:44:57.865 [RX FF ] 67 10 0A 62 F1 2A 00 00
13:44:57.876 [RX CF1] 67 21 00 00 00 00 00 FF
13:44:57.876 [RX    ] 62 F1 2A 00 00 00 00 00 00 00
13:44:57.877 [PASS  ] ReadDataByIdentifier F1 2A length check | expected: 62 F1 2A + 7 data bytes | received: 62 F1 2A 00 00 00 00 00 00 00
13:44:57.927 ------------------------------------------------------------------------
13:44:57.928 [STEP  ] 0x22 F1 2B – ECU Delivery Assembly Number (Volvo)
13:44:57.928 [TX ReadDataByIdentifier F1 2B (ECU Delivery Assembly Number (Volvo))] 22 F1 2B
13:44:57.929 [TX SF ] 67 03 22 F1 2B FF FF FF
13:44:57.957 [RX FF ] 67 10 0A 62 F1 2B 00 00
13:44:57.968 [RX CF1] 67 21 00 00 00 00 00 FF
13:44:57.969 [RX    ] 62 F1 2B 00 00 00 00 00 00 00
13:44:57.969 [PASS  ] ReadDataByIdentifier F1 2B length check | expected: 62 F1 2B + 7 data bytes | received: 62 F1 2B 00 00 00 00 00 00 00
13:44:58.019 ------------------------------------------------------------------------
13:44:58.020 [STEP  ] 0x22 F1 8A – ECU Software Version Number
13:44:58.020 [TX ReadDataByIdentifier F1 8A (ECU Software Version Number)] 22 F1 8A
13:44:58.021 [TX SF ] 67 03 22 F1 8A FF FF FF
13:44:58.052 [RX FF ] 67 10 09 62 F1 8A 00 00
13:44:58.062 [RX CF1] 67 21 00 00 00 00 FF FF
13:44:58.062 [RX    ] 62 F1 8A 00 00 00 00 00 00
13:44:58.063 [PASS  ] ReadDataByIdentifier F1 8A length check | expected: 62 F1 8A + 6 data bytes | received: 62 F1 8A 00 00 00 00 00 00
13:44:58.113 ------------------------------------------------------------------------
13:44:58.113 [STEP  ] 0x22 F1 8C – ECU Serial Number
13:44:58.113 [TX ReadDataByIdentifier F1 8C (ECU Serial Number)] 22 F1 8C
13:44:58.114 [TX SF ] 67 03 22 F1 8C FF FF FF
13:44:58.143 [RX FF ] 67 10 07 62 F1 8C 00 00
13:44:58.152 [RX CF1] 67 21 00 00 FF FF FF FF
13:44:58.152 [RX    ] 62 F1 8C 00 00 00 00
13:44:58.153 [PASS  ] ReadDataByIdentifier F1 8C length check | expected: 62 F1 8C + 4 data bytes | received: 62 F1 8C 00 00 00 00
13:44:58.203 ------------------------------------------------------------------------
13:44:58.203 [STEP  ] 0x22 F1 A1 – PBL Diagnostic DB Part Number (Geely)
13:44:58.203 [TX ReadDataByIdentifier F1 A1 (PBL Diagnostic DB Part Number (Geely))] 22 F1 A1
13:44:58.204 [TX SF ] 67 03 22 F1 A1 FF FF FF
13:44:58.232 [RX FF ] 67 10 0B 62 F1 A1 66 08
13:44:58.242 [RX CF1] 67 21 59 45 31 20 20 41
13:44:58.242 [RX    ] 62 F1 A1 66 08 59 45 31 20 20 41
13:44:58.243 [PASS  ] ReadDataByIdentifier F1 A1 length check | expected: 62 F1 A1 + 8 data bytes | received: 62 F1 A1 66 08 59 45 31 20 20 41
13:44:58.293 ------------------------------------------------------------------------
13:44:58.293 [STEP  ] 0x22 F1 A5 – PBL SW Part Number (Geely)
13:44:58.293 [TX ReadDataByIdentifier F1 A5 (PBL SW Part Number (Geely))] 22 F1 A5
13:44:58.294 [TX SF ] 67 03 22 F1 A5 FF FF FF
13:44:58.323 [RX FF ] 67 10 0B 62 F1 A5 66 08
13:44:58.334 [RX CF1] 67 21 59 45 32 20 20 41
13:44:58.334 [RX    ] 62 F1 A5 66 08 59 45 32 20 20 41
13:44:58.335 [PASS  ] ReadDataByIdentifier F1 A5 length check | expected: 62 F1 A5 + 8 data bytes | received: 62 F1 A5 66 08 59 45 32 20 20 41
13:44:58.385 ------------------------------------------------------------------------
13:44:58.385 [STEP  ] 0x22 F1 AA – ECU Core Assembly Number (Geely)
13:44:58.385 [TX ReadDataByIdentifier F1 AA (ECU Core Assembly Number (Geely))] 22 F1 AA
13:44:58.386 [TX SF ] 67 03 22 F1 AA FF FF FF
13:44:58.414 [RX FF ] 67 10 0B 62 F1 AA FF FF
13:44:58.424 [RX CF1] 67 21 FF FF FF FF FF FF
13:44:58.424 [RX    ] 62 F1 AA FF FF FF FF FF FF FF FF
13:44:58.424 [PASS  ] ReadDataByIdentifier F1 AA length check | expected: 62 F1 AA + 8 data bytes | received: 62 F1 AA FF FF FF FF FF FF FF FF
13:44:58.474 ------------------------------------------------------------------------
13:44:58.474 [STEP  ] 0x22 F1 AB – ECU Delivery Assembly Number (Geely)
13:44:58.475 [TX ReadDataByIdentifier F1 AB (ECU Delivery Assembly Number (Geely))] 22 F1 AB
13:44:58.475 [TX SF ] 67 03 22 F1 AB FF FF FF
13:44:58.505 [RX FF ] 67 10 0B 62 F1 AB FF FF
13:44:58.514 [RX CF1] 67 21 FF FF FF FF FF FF
13:44:58.514 [RX    ] 62 F1 AB FF FF FF FF FF FF FF FF
13:44:58.514 [PASS  ] ReadDataByIdentifier F1 AB length check | expected: 62 F1 AB + 8 data bytes | received: 62 F1 AB FF FF FF FF FF FF FF FF
13:44:58.566 ------------------------------------------------------------------------
13:44:58.566 [STEP  ] 0x22 ED 20 – Number Collection (Geely)
13:44:58.566 [TX ReadDataByIdentifier ED 20 (Number Collection (Geely))] 22 ED 20
13:44:58.567 [TX SF ] 67 03 22 ED 20 FF FF FF
13:44:58.596 [RX FF ] 67 10 31 62 ED 20 F1 8C
13:44:58.608 [RX CF1] 67 21 00 00 00 00 F1 A1
13:44:58.619 [RX CF2] 67 22 66 08 59 45 31 20
13:44:58.627 [RX CF3] 67 23 20 41 F1 A5 66 08
13:44:58.635 [RX CF4] 67 24 59 45 32 20 20 41
13:44:58.644 [RX CF5] 67 25 F1 AA FF FF FF FF
13:44:58.655 [RX CF6] 67 26 FF FF FF FF F1 AB
13:44:58.665 [RX CF7] 67 27 FF FF FF FF FF FF
13:44:58.676 [RX CF8] 67 28 FF FF FF FF FF FF
13:44:58.676 [RX    ] 62 ED 20 F1 8C 00 00 00 00 F1 A1 66 08 59 45 31 20 20 41 F1 A5 66 08 59 45 32 20 20 41 F1 AA FF FF FF FF FF FF FF FF F1 AB FF FF FF FF FF FF FF FF
13:44:58.677 [PASS  ] ReadDataByIdentifier ED 20 length check | expected: 62 ED 20 + 46 data bytes | received: 62 ED 20 F1 8C 00 00 00 00 F1 A1 66 08 59 45 31 20 20 41 F1 A5 66 08 59 45 32 20 20 41 F1 AA FF FF FF FF FF FF FF FF F1 AB FF FF FF FF FF FF FF FF
13:44:58.727 ------------------------------------------------------------------------
13:44:58.727 [STEP  ] 0x22 ED A0 – Number Collection (Volvo)
13:44:58.728 [TX ReadDataByIdentifier ED A0 (Number Collection (Volvo))] 22 ED A0
13:44:58.728 [TX SF ] 67 03 22 ED A0 FF FF FF
13:44:58.761 [RX FF ] 67 10 2D 62 ED A0 F1 21
13:44:58.771 [RX CF1] 67 21 00 00 00 00 00 00
13:44:58.779 [RX CF2] 67 22 00 F1 25 00 00 00
13:44:58.787 [RX CF3] 67 23 00 00 00 00 F1 2A
13:44:58.796 [RX CF4] 67 24 00 00 00 00 00 00
13:44:58.806 [RX CF5] 67 25 00 F1 2B 00 00 00
13:44:58.817 [RX CF6] 67 26 00 00 00 00 F1 8C
13:44:58.827 [RX CF7] 67 27 00 00 00 00 FF FF
13:44:58.827 [RX    ] 62 ED A0 F1 21 00 00 00 00 00 00 00 F1 25 00 00 00 00 00 00 00 F1 2A 00 00 00 00 00 00 00 F1 2B 00 00 00 00 00 00 00 F1 8C 00 00 00 00
13:44:58.828 [PASS  ] ReadDataByIdentifier ED A0 length check | expected: 62 ED A0 + 42 data bytes | received: 62 ED A0 F1 21 00 00 00 00 00 00 00 F1 25 00 00 00 00 00 00 00 F1 2A 00 00 00 00 00 00 00 F1 2B 00 00 00 00 00 00 00 F1 8C 00 00 00 00
13:44:58.878 [INFO  ] --- [P-F] Positive Tests: Read all DIDs (functional NAD=0x7E, no response) ---
13:44:58.878 ------------------------------------------------------------------------
13:44:58.878 [STEP  ] 0x22 F1 86 [NAD=0x7E] – Active Diagnostic Session (functional, no response)
13:44:58.879 [TX ReadDataByIdentifier F1 86 (functional)] 22 F1 86
13:44:58.880 [TX SF ] 7E 03 22 F1 86 FF FF FF
13:44:59.067 [INFO  ] No response received (suppress positive response – expected)
13:44:59.117 ------------------------------------------------------------------------
13:44:59.117 [STEP  ] 0x22 F1 21 [NAD=0x7E] – PBL Diagnostic DB Part Number (Volvo) (functional, no response)
13:44:59.117 [TX ReadDataByIdentifier F1 21 (functional)] 22 F1 21
13:44:59.118 [TX SF ] 7E 03 22 F1 21 FF FF FF
13:44:59.311 [INFO  ] No response received (suppress positive response – expected)
13:44:59.361 ------------------------------------------------------------------------
13:44:59.362 [STEP  ] 0x22 F1 25 [NAD=0x7E] – PBL SW Part Number (Volvo) (functional, no response)
13:44:59.362 [TX ReadDataByIdentifier F1 25 (functional)] 22 F1 25
13:44:59.363 [TX SF ] 7E 03 22 F1 25 FF FF FF
13:44:59.551 [INFO  ] No response received (suppress positive response – expected)
13:44:59.602 ------------------------------------------------------------------------
13:44:59.602 [STEP  ] 0x22 F1 2A [NAD=0x7E] – ECU Core Assembly Number (Volvo) (functional, no response)
13:44:59.603 [TX ReadDataByIdentifier F1 2A (functional)] 22 F1 2A
13:44:59.604 [TX SF ] 7E 03 22 F1 2A FF FF FF
13:44:59.774 [INFO  ] No response received (suppress positive response – expected)
13:44:59.824 ------------------------------------------------------------------------
13:44:59.824 [STEP  ] 0x22 F1 2B [NAD=0x7E] – ECU Delivery Assembly Number (Volvo) (functional, no response)
13:44:59.825 [TX ReadDataByIdentifier F1 2B (functional)] 22 F1 2B
13:44:59.825 [TX SF ] 7E 03 22 F1 2B FF FF FF
13:45:00.012 [INFO  ] No response received (suppress positive response – expected)
13:45:00.063 ------------------------------------------------------------------------
13:45:00.063 [STEP  ] 0x22 F1 8A [NAD=0x7E] – ECU Software Version Number (functional, no response)
13:45:00.064 [TX ReadDataByIdentifier F1 8A (functional)] 22 F1 8A
13:45:00.065 [TX SF ] 7E 03 22 F1 8A FF FF FF
13:45:00.236 [INFO  ] No response received (suppress positive response – expected)
13:45:00.286 ------------------------------------------------------------------------
13:45:00.286 [STEP  ] 0x22 F1 8C [NAD=0x7E] – ECU Serial Number (functional, no response)
13:45:00.286 [TX ReadDataByIdentifier F1 8C (functional)] 22 F1 8C
13:45:00.287 [TX SF ] 7E 03 22 F1 8C FF FF FF
13:45:00.475 [INFO  ] No response received (suppress positive response – expected)
13:45:00.525 ------------------------------------------------------------------------
13:45:00.525 [STEP  ] 0x22 F1 A1 [NAD=0x7E] – PBL Diagnostic DB Part Number (Geely) (functional, no response)
13:45:00.526 [TX ReadDataByIdentifier F1 A1 (functional)] 22 F1 A1
13:45:00.526 [TX SF ] 7E 03 22 F1 A1 FF FF FF
13:45:00.716 [INFO  ] No response received (suppress positive response – expected)
13:45:00.766 ------------------------------------------------------------------------
13:45:00.766 [STEP  ] 0x22 F1 A5 [NAD=0x7E] – PBL SW Part Number (Geely) (functional, no response)
13:45:00.767 [TX ReadDataByIdentifier F1 A5 (functional)] 22 F1 A5
13:45:00.768 [TX SF ] 7E 03 22 F1 A5 FF FF FF
13:45:00.940 [INFO  ] No response received (suppress positive response – expected)
13:45:00.990 ------------------------------------------------------------------------
13:45:00.990 [STEP  ] 0x22 F1 AA [NAD=0x7E] – ECU Core Assembly Number (Geely) (functional, no response)
13:45:00.991 [TX ReadDataByIdentifier F1 AA (functional)] 22 F1 AA
13:45:00.991 [TX SF ] 7E 03 22 F1 AA FF FF FF
13:45:01.180 [INFO  ] No response received (suppress positive response – expected)
13:45:01.230 ------------------------------------------------------------------------
13:45:01.230 [STEP  ] 0x22 F1 AB [NAD=0x7E] – ECU Delivery Assembly Number (Geely) (functional, no response)
13:45:01.231 [TX ReadDataByIdentifier F1 AB (functional)] 22 F1 AB
13:45:01.231 [TX SF ] 7E 03 22 F1 AB FF FF FF
13:45:01.419 [INFO  ] No response received (suppress positive response – expected)
13:45:01.470 ------------------------------------------------------------------------
13:45:01.470 [STEP  ] 0x22 ED 20 [NAD=0x7E] – Number Collection (Geely) (functional, no response)
13:45:01.471 [TX ReadDataByIdentifier ED 20 (functional)] 22 ED 20
13:45:01.471 [TX SF ] 7E 03 22 ED 20 FF FF FF
13:45:01.659 [INFO  ] No response received (suppress positive response – expected)
13:45:01.710 ------------------------------------------------------------------------
13:45:01.710 [STEP  ] 0x22 ED A0 [NAD=0x7E] – Number Collection (Volvo) (functional, no response)
13:45:01.711 [TX ReadDataByIdentifier ED A0 (functional)] 22 ED A0
13:45:01.712 [TX SF ] 7E 03 22 ED A0 FF FF FF
13:45:01.903 [INFO  ] No response received (suppress positive response – expected)
13:45:01.954 [INFO  ] LIN TP transport closed
13:45:01.955 ========================================================================
13:45:01.955 [SUMRY ] PASS=23  FAIL=0  TOTAL=23  ALL PASS
13:45:01.955 ========================================================================
