23:29:26.295 ========================================================================
23:29:26.295 [START ] Script : Reprogramming_CAN
23:29:26.295 [START ] Log    : D:\03_project\stm32\f103\01_code\FBL\stm32_Bootload_UDS\doc\01_PCAN_CAN\Result\SVVR_Reprogramming_CAN_20260612_232926.log
23:29:26.295 ========================================================================
23:29:26.389 [INFO  ] Opening PCAN [CAN 2.0] channel=PCAN_USBBUS1 bitrate=500000 tx_id=0x123 rx_id=0x122
23:29:26.574 [INFO  ] CAN TP transport open  (tx=0x123 rx=0x122 CAN 2.0)
23:29:26.575 [INFO  ] ============================================================
23:29:26.575 [INFO  ] CAN ECU Reprogramming START (S19 / uncompressed)
23:29:26.575 [INFO  ] APP file : D:\03_project\stm32\f103\01_code\FBL\stm32_Bootload_UDS\doc\01_PCAN_CAN\APP_files\a.s19
23:29:26.575 [INFO  ] CAN route: TX=0x123 RX=0x122
23:29:26.575 [INFO  ] ============================================================
23:29:26.575 ------------------------------------------------------------------------
23:29:26.575 [STEP  ] Parse S19 APP file
23:29:26.578 [INFO  ] S19 parsed OK
23:29:26.579 [INFO  ]   first_address  : 0x0800C000
23:29:26.579 [INFO  ]   total_size     : 0x00014000 (81920 bytes)
23:29:26.579 [INFO  ]   data_format    : 0x00 (uncompressed)
23:29:26.579 [INFO  ]   erase region   : [('0x800c000', '0x14000')]
23:29:26.579 [INFO  ]   data blocks    : 1
23:29:26.579 [INFO  ]     S19DataBlock(address=0x0800C000, length=0x00014000)
23:29:26.579 [PASS  ] S19 parse OK
23:29:26.579 [INFO  ] --- 1/8 Entering Extended Session ---
23:29:26.579 ------------------------------------------------------------------------
23:29:26.579 [STEP  ] 0x10 03 – Switch to Extended Session
23:29:26.579 [TX DiagnosticSessionControl extendedSession] 10 03
23:29:26.582 [RX    ] 50 03 00 32 01 90
23:29:26.582 [PASS  ] ExtendedSession positive response | expected: 50 ... | received: 50 03 00 32 01 90
23:29:26.682 [INFO  ] --- 2/8 Entering Programming Session (suppress ×2) ---
23:29:26.682 ------------------------------------------------------------------------
23:29:26.682 [STEP  ] 0x10 82 – Programming Session (suppress positive response)
23:29:26.682 [TX DiagnosticSessionControl programmingSession suppressPosRsp] 10 82
23:29:26.830 [INFO  ] No response received (suppress positive response – expected)
23:29:26.830 [RX    ] (no response)
23:29:26.830 [PASS  ] No response expected (suppress bit set) | expected: (no response) | received: (empty)
23:29:26.830 ------------------------------------------------------------------------
23:29:26.830 [STEP  ] 0x10 82 – Programming Session (suppress positive response)
23:29:26.830 [TX DiagnosticSessionControl programmingSession suppressPosRsp] 10 82
23:29:26.986 [INFO  ] No response received (suppress positive response – expected)
23:29:26.986 [RX    ] (no response)
23:29:26.986 [PASS  ] No response expected (suppress bit set) | expected: (no response) | received: (empty)
23:29:26.986 [INFO  ] 等待 ECU 重启进入编程模式...
23:29:27.986 [INFO  ] --- 3/8 Security Access ---
23:29:27.986 ------------------------------------------------------------------------
23:29:27.986 [STEP  ] 0x27 01 – SecurityAccess: Request Seed
23:29:27.986 [TX SecurityAccess requestSeed] 27 01
23:29:27.995 [RX    ] 67 01 74 BF 8C D7 23 EF 3B 86 52 9E E9 35 02 4D 98 65
23:29:27.995 [PASS  ] RequestSeed positive response | expected: 67 ... | received: 67 01 74 BF 8C D7 23 EF 3B 86 52 9E E9 35 02 4D 98 65
23:29:27.995 [INFO  ] Seed (16 bytes): 74 BF 8C D7 23 EF 3B 86 52 9E E9 35 02 4D 98 65
23:29:27.995 ------------------------------------------------------------------------
23:29:27.995 [STEP  ] 0x27 02 – SecurityAccess: Send Key
23:29:28.015 [INFO  ] Computed key (16 bytes): 09 DF C3 73 D1 8A A7 AD 2E 1D 70 36 9B 38 42 A6
23:29:28.015 [TX SecurityAccess sendKey] 27 02 09 DF C3 73 D1 8A A7 AD 2E 1D 70 36 9B 38 42 A6
23:29:28.022 [RX    ] 67 02
23:29:28.022 [PASS  ] SendKey positive response | expected: 67 ... | received: 67 02
23:29:28.022 [INFO  ] --- 4/8 Erase Memory ---
23:29:28.022 ------------------------------------------------------------------------
23:29:28.022 [STEP  ] 0x31 01 FF00 – EraseMemory @ 0x0800C000 len=0x00014000
23:29:28.022 [TX RoutineControl EraseMemory] 31 01 FF 00 08 00 C0 00 00 01 40 00
23:29:28.908 [RX    ] 71 01 FF 00
23:29:28.908 [PASS  ] EraseMemory positive response | expected: 71 ... | received: 71 01 FF 00
23:29:28.908 [INFO  ] Erase OK @ 0x0800C000 len=0x00014000
23:29:28.908 [INFO  ] --- 5/8 Download Data Blocks ---
23:29:28.908 [INFO  ] Downloading block 1/1: S19DataBlock(address=0x0800C000, length=0x00014000)
23:29:28.908 [INFO  ] --- Downloading block: S19DataBlock(address=0x0800C000, length=0x00014000) ---
23:29:28.908 ------------------------------------------------------------------------
23:29:28.908 [STEP  ] 0x34 – RequestDownload  addr=0x0800C000 len=0x00014000  fmt=0x44 dataFmt=0x00
23:29:28.908 [TX RequestDownload] 34 00 44 08 00 C0 00 00 01 40 00
23:29:28.915 [RX    ] 74 20 03 FC
23:29:28.915 [PASS  ] RequestDownload positive response | expected: 74 ... | received: 74 20 03 FC
23:29:28.915 [INFO  ] Max block size: 1020 bytes (0x03FC)
23:29:28.915 ------------------------------------------------------------------------
23:29:28.915 [STEP  ] 0x36 block=1  offset=0/81920  (0%)
23:29:28.915 ------------------------------------------------------------------------
23:29:28.915 [STEP  ] 0x36 – TransferData  seq=1  len=1018
23:29:28.915 [TX TransferData] 36 01 00 60 00 20 3D 26 01 08 05 FA 00 08 0D FA 00 08 15 FA 00 08 1D FA 00 08 25 FA 00 08 00 00 00 00 00 00 00 00 00 00 00 00 00 00 00 00 2D FA 00 08 39 FA 00 08 00 00 00 00 45 FA 00 08 51 FA 00 08 85 26 01 08 85 26 01 08 85 26 01 08 85 26 01 08 85 26 01 08 85 26 01 08 85 26 01 08 85 26 01 08 85 26 01 08 85 26 01 08 85 26 01 08 85 26 01 08 85 26 01 08 85 26 01 08 5D FA 00 08 85 26 01 08 85 26 01 08 85 26 01 08 85 26 01 08 85 26 01 08 71 FA 00 08 85 FA 00 08 85 26 01 08 85 26 01 08 85 26 01 08 85 26 01 08 85 26 01 08 85 26 01 08 85 26 01 08 85 26 01 08 85 26 01 08 85 26 01 08 85 26 01 08 85 26 01 08 85 26 01 08 85 26 01 08 85 26 01 08 85 26 01 08 85 26 01 08 85 26 01 08 85 26 01 08 85 26 01 08 85 26 01 08 85 26 01 08 85 26 01 08 85 26 01 08 85 26 01 08 85 26 01 08 85 26 01 08 85 26 01 08 85 26 01 08 85 26 01 08 85 26 01 08 85 26 01 08 85 26 01 08 85 26 01 08 85 26 01 08 85 26 01 08 85 26 01 08 85 26 01 08 00 00 00 00 00 00 00 00 00 00 00 00 00 00 00 00 00 00 00 00 00 00 00 00 00 00 00 00 00 00 00 00 00 00 00 00 00 00 00 00 00 00 00 00 00 00 00 00 00 00 00 00 00 00 00 00 00 00 00 00 00 00 00 00 00 00 00 00 00 00 00 00 00 00 00 00 00 00 00 00 00 00 00 00 00 00 00 00 00 00 00 00 00 00 00 00 00 00 00 00 00 00 00 00 00 00 00 00 00 00 00 00 00 00 00 00 00 00 00 00 00 00 00 00 00 00 00 00 00 00 00 00 00 00 00 00 00 00 00 00 00 00 00 00 00 00 00 00 00 00 00 00 00 00 00 00 00 00 00 00 00 00 00 00 00 00 00 00 00 00 00 00 00 00 00 00 5F F8 E0 F1 10 B5 05 4C 23 78 33 B9 04 4B 13 B1 04 48 AF F3 00 80 01 23 23 70 10 BD C0 20 00 20 00 00 00 00 0C 34 01 08 08 B5 03 4B 1B B1 03 49 03 48 AF F3 00 80 08 BD 00 00 00 00 C4 20 00 20 0C 34 01 08 03 46 13 F8 01 2B 00 2A FB D1 18 1A 01 38 70 47 00 23 10 B5 04 46 C0 E9 00 33 C0 E9 04 33 83 60 81 81 43 66 C2 81 83 61 19 46 08 22 5C 30 00 F0 F4 F8 0D 4B 24 62 63 62 0C 4B A3 62 0C 4B E3 62 0C 4B 23 63 0C 4B 9C 42 06 D0 03 F1 68 02 94 42 02 D0 D0 33 9C 42 05 D1 04 F1 58 00 BD E8 10 40 00 F0 4E B9 10 BD 00 BF B9 C3 00 08 DB C3 00 08 13 C4 00 08 37 C4 00 08 DC 20 00 20 02 4A 03 49 03 48 00 F0 69 B8 00 BF 00 20 00 20 19 C8 00 08 10 20 00 20 41 68 0C 4B 10 B5 99 42 04 46 01 D0 00 F0 A8 FA A1 68 09 4B 99 42 02 D0 20 46 00 F0 A1 FA E1 68 06 4B 99 42 04 D0 20 46 BD E8 10 40 00 F0 98 BA 10 BD 00 BF DC 20 00 20 44 21 00 20 AC 21 00 20 10 B5 0B 4B 0B 4C 0C 4A 20 46 1A 60 04 21 00 22 FF F7 94 FF 04 F1 68 00 01 22 09 21 FF F7 8E FF 04 F1 D0 00 02 22 BD E8 10 40 12 21 FF F7 86 BF 14 22 00 20 DC 20 00 20 A1 C2 00 08 01 48 00 F0 F6 B8 00 BF 1D 22 00 20 01 48 00 F0 F1 B8 00 BF 1D 22 00 20 10 B5 04 46 FF F7 F0 FF 23 6A 1B B1 BD E8 10 40 FF F7 F0 BF 04 4B 23 62 04 4B 1B 68 00 2B F5 D1 FF F7 C4 FF F2 E7 00 BF B9 C2 00 08 14 22 00 20 2D E9 F8 43 07 46 88 46 14 46 00 26 D4 E9 01 95 B9 F1 01 09 05 D5 24 68 00 2C F7 D1 30 46 BD E8 F8 83 AB 89 01 2B 07 D9 B5 F9 0E 30 01 33 03 D0 29 46 38 46 C0 47 06 43 68 35 E9 E7 10 B5 0C 46 B1 F9 0E 10 00 F0 68 F8 00 28 AB BF 63 6D A3 89 1B 18 23 F4 80 53 AC BF 63 65 A3 81 10 BD 2D E9 F0 41 1F 46 8B 89 05 46 DB 05 0C 46 16 46 05 D5 02 23 00 22 B1 F9 0E 10 00 F0 3C F8 A3 89
23:29:29.002 [RX    ] 76 01
23:29:29.002 [PASS  ] TransferData positive response | expected: 76 ... | received: 76 01
23:29:29.002 [INFO  ] TransferData seq 1 confirmed
23:29:29.013 ------------------------------------------------------------------------
23:29:29.013 [STEP  ] 0x36 block=2  offset=1018/81920  (1%)
23:29:29.013 ------------------------------------------------------------------------
23:29:29.013 [STEP  ] 0x36 – TransferData  seq=2  len=1018
23:29:29.013 [TX TransferData] 36 02 32 46 23 F4 80 53 A3 81 28 46 3B 46 B4 F9 0E 10 BD E8 F0 41 00 F0 53 B8 10 B5 0C 46 B1 F9 0E 10 00 F0 29 F8 43 1C A3 89 15 BF 60 65 23 F4 80 53 43 F4 80 53 A3 81 18 BF A3 81 10 BD B1 F9 0E 10 00 F0 09 B8 03 46 02 44 93 42 00 D1 70 47 03 F8 01 1B F9 E7 00 00 38 B5 00 23 05 4D 04 46 08 46 2B 60 06 F0 BD F8 43 1C 02 D1 2B 68 03 B1 23 60 38 BD 18 22 00 20 38 B5 04 46 08 46 11 46 00 22 05 4D 2A 60 1A 46 06 F0 CF F8 43 1C 02 D1 2B 68 03 B1 23 60 38 BD 18 22 00 20 38 B5 04 46 08 46 11 46 00 22 05 4D 2A 60 1A 46 06 F0 60 F8 43 1C 02 D1 2B 68 03 B1 23 60 38 BD 18 22 00 20 38 B5 04 46 08 46 11 46 00 22 05 4D 2A 60 1A 46 06 F0 6B F8 43 1C 02 D1 2B 68 03 B1 23 60 38 BD 18 22 00 20 70 B5 00 26 0C 4D 0D 4C 64 1B A4 10 A6 42 09 D1 06 F0 8E FF 00 26 0A 4D 0A 4C 64 1B A4 10 A6 42 05 D1 70 BD 55 F8 04 3B 98 47 01 36 EE E7 55 F8 04 3B 98 47 01 36 F2 E7 0C 39 01 08 0C 39 01 08 0C 39 01 08 10 39 01 08 70 47 70 47 70 47 00 00 38 B5 05 46 00 29 40 D0 51 F8 04 3C 0C 1F 00 2B B8 BF E4 18 00 F0 DE F8 1C 4A 13 68 33 B9 63 60 14 60 28 46 BD E8 38 40 00 F0 DA B8 A3 42 08 D9 20 68 21 18 8B 42 01 BF 19 68 5B 68 09 18 21 60 ED E7 1A 46 5B 68 0B B1 A3 42 FA D9 11 68 50 18 A0 42 0B D1 20 68 01 44 50 18 83 42 11 60 E0 D1 18 68 5B 68 08 44 10 60 53 60 DA E7 02 D9 0C 23 2B 60 D6 E7 20 68 21 18 8B 42 01 BF 19 68 5B 68 09 18 21 60 63 60 54 60 CB E7 38 BD 24 22 00 20 70 B5 0F 4E 0C 46 31 68 05 46 11 B9 00 F0 4E F9 30 60 21 46 28 46 00 F0 49 F9 43 1C 03 D1 4F F0 FF 34 20 46 70 BD C4 1C 24 F0 03 04 A0 42 F8 D0 21 1A 28 46 00 F0 3A F9 01 30 F2 D1 EF E7 00 BF 20 22 00 20 2D E9 F8 43 CD 1C 25 F0 03 05 08 35 0C 2D 38 BF 0C 25 00 2D 06 46 01 DB A9 42 04 D9 0C 23 33 60 00 20 BD E8 F8 83 DF F8 D4 80 00 F0 69 F8 D8 F8 00 30 1C 46 44 BB 29 46 30 46 FF F7 BF FF 43 1C 04 46 58 D1 D8 F8 00 40 27 46 00 2F 43 D1 00 2C 4B D0 23 68 39 46 30 46 04 EB 03 09 00 F0 04 F9 81 45 42 D1 21 68 30 46 6D 1A 29 46 FF F7 A6 FF 01 30 3A D0 23 68 2B 44 23 60 D8 F8 00 30 5A 68 62 BB C8 F8 00 70 0F E0 22 68 52 1B 20 D4 0B 2A 17 D9 61 19 A3 42 25 60 18 BF 59 60 63 68 08 BF C8 F8 00 10 62 51 4B 60 30 46 00 F0 2F F8 04 F1 0B 00 23 1D 20 F0 07 00 C2 1A 1C BF 1B 1A A3 50 AF E7 62 68 A3 42 0C BF C8 F8 00 20 5A 60 EB E7 23 46 64 68 AE E7 3C 46 7F 68 B6 E7 1A 46 5B 68 A3 42 FB D1 00 23 53 60 DE E7 0C 23 30 46 33 60 00 F0 0C F8 94 E7 05 60 D6 E7 00 BF 24 22 00 20 01 48 FF F7 10 BF 00 BF 1C 22 00 20 01 48 FF F7 0B BF 00 BF 1C 22 00 20 B1 F9 0C 20 F8 B5 16 07 05 46 0C 46 54 D4 4B 68 00 2B 02 DC 0B 6C 00 2B 48 DD E6 6A 00 2E 45 D0 00 23 12 F4 80 52 2F 68 21 6A 2B 60 30 D0 62 6D A3 89 59 07 05 D5 63 68 D2 1A 63 6B 0B B1 23 6C D2 1A 00 23 28 46 E6 6A 21 6A B0 47 43 1C A3 89 06 D1 29 68 1D 29 2B D8 28 4A CA 40 D6 07 27 D5 00 22 62 60 22 69 D9 04 22 60 04 D5 42 1C 01 D1 2B 68 03 B9 60 65 61 6B 2F 60 B9 B1 04 F1 44 03 99 42 02 D0 28 46 FF F7 C5 FE 00 23 63 63 0D E0 01 23 28 46 B0 47 02 46 50 1C C9 D1 2B 68 00 2B C6 D0 1D 2B 01 D0 16 2B 1D D1 2F 60 00 20 21 E0 43 F0 40 03 1B B2 1A E0 0F 69 00 2F F6 D0 93 07 18 BF 00 23 0E 68 08 BF 4B 69 F6 1B 0F 60 8B 60 00 2E EB DD 33 46 3A 46 28 46 21 6A
23:29:29.069 [RX    ] 7F 36 72
23:29:29.069 [FAIL  ] TransferData positive response | expected: 76 ... | received: NegResp 7F 36 72 (generalProgrammingFailure)
23:29:29.069 [ERROR ] TransferData failed at offset 1018
23:29:29.069 [ERROR ] Block 1 download FAILED: S19DataBlock(address=0x0800C000, length=0x00014000)
23:29:29.148 [INFO  ] CAN TP transport closed
23:29:29.149 ========================================================================
23:29:29.149 [SUMRY ] PASS=9  FAIL=3  TOTAL=12  FAILED
23:29:29.149 ========================================================================
